Archive member included to satisfy reference by file (symbol)

d:/stmicroelectronics/gcc-arm-none-eabi-10.3-2021.10/bin/../lib/gcc/arm-none-eabi/10.3.1/thumb/v6-m/nofp\libgcc.a(_udivsi3.o)
                              CMakeFiles/LIN_Drive_Box.elf.dir/Core/Src/12864.c.obj (__aeabi_uidiv)
d:/stmicroelectronics/gcc-arm-none-eabi-10.3-2021.10/bin/../lib/gcc/arm-none-eabi/10.3.1/thumb/v6-m/nofp\libgcc.a(_divsi3.o)
                              CMakeFiles/LIN_Drive_Box.elf.dir/Drivers/STM32G0xx_HAL_Driver/Src/stm32g0xx_hal_uart_ex.c.obj (__aeabi_idiv)
d:/stmicroelectronics/gcc-arm-none-eabi-10.3-2021.10/bin/../lib/gcc/arm-none-eabi/10.3.1/thumb/v6-m/nofp\libgcc.a(_dvmd_tls.o)
                              d:/stmicroelectronics/gcc-arm-none-eabi-10.3-2021.10/bin/../lib/gcc/arm-none-eabi/10.3.1/thumb/v6-m/nofp\libgcc.a(_udivsi3.o) (__aeabi_idiv0)
d:/stmicroelectronics/gcc-arm-none-eabi-10.3-2021.10/bin/../lib/gcc/arm-none-eabi/10.3.1/../../../../arm-none-eabi/lib/thumb/v6-m/nofp\libg.a(lib_a-errno.o)
                              CMakeFiles/LIN_Drive_Box.elf.dir/Core/Src/syscalls.c.obj (__errno)
d:/stmicroelectronics/gcc-arm-none-eabi-10.3-2021.10/bin/../lib/gcc/arm-none-eabi/10.3.1/../../../../arm-none-eabi/lib/thumb/v6-m/nofp\libg.a(lib_a-exit.o)
                              d:/stmicroelectronics/gcc-arm-none-eabi-10.3-2021.10/bin/../lib/gcc/arm-none-eabi/10.3.1/../../../../arm-none-eabi/lib/thumb/v6-m/nofp/crt0.o (exit)
d:/stmicroelectronics/gcc-arm-none-eabi-10.3-2021.10/bin/../lib/gcc/arm-none-eabi/10.3.1/../../../../arm-none-eabi/lib/thumb/v6-m/nofp\libg.a(lib_a-impure.o)
                              d:/stmicroelectronics/gcc-arm-none-eabi-10.3-2021.10/bin/../lib/gcc/arm-none-eabi/10.3.1/../../../../arm-none-eabi/lib/thumb/v6-m/nofp\libg.a(lib_a-exit.o) (_global_impure_ptr)
d:/stmicroelectronics/gcc-arm-none-eabi-10.3-2021.10/bin/../lib/gcc/arm-none-eabi/10.3.1/../../../../arm-none-eabi/lib/thumb/v6-m/nofp\libg.a(lib_a-init.o)
                              d:/stmicroelectronics/gcc-arm-none-eabi-10.3-2021.10/bin/../lib/gcc/arm-none-eabi/10.3.1/../../../../arm-none-eabi/lib/thumb/v6-m/nofp/crt0.o (__libc_init_array)
d:/stmicroelectronics/gcc-arm-none-eabi-10.3-2021.10/bin/../lib/gcc/arm-none-eabi/10.3.1/../../../../arm-none-eabi/lib/thumb/v6-m/nofp\libg.a(lib_a-memset.o)
                              d:/stmicroelectronics/gcc-arm-none-eabi-10.3-2021.10/bin/../lib/gcc/arm-none-eabi/10.3.1/../../../../arm-none-eabi/lib/thumb/v6-m/nofp/crt0.o (memset)
d:/stmicroelectronics/gcc-arm-none-eabi-10.3-2021.10/bin/../lib/gcc/arm-none-eabi/10.3.1/../../../../arm-none-eabi/lib/thumb/v6-m/nofp\libg.a(lib_a-__call_atexit.o)
                              d:/stmicroelectronics/gcc-arm-none-eabi-10.3-2021.10/bin/../lib/gcc/arm-none-eabi/10.3.1/../../../../arm-none-eabi/lib/thumb/v6-m/nofp\libg.a(lib_a-exit.o) (__call_exitprocs)
d:/stmicroelectronics/gcc-arm-none-eabi-10.3-2021.10/bin/../lib/gcc/arm-none-eabi/10.3.1/../../../../arm-none-eabi/lib/thumb/v6-m/nofp\libg.a(lib_a-atexit.o)
                              d:/stmicroelectronics/gcc-arm-none-eabi-10.3-2021.10/bin/../lib/gcc/arm-none-eabi/10.3.1/../../../../arm-none-eabi/lib/thumb/v6-m/nofp\libg.a(lib_a-__call_atexit.o) (atexit)
d:/stmicroelectronics/gcc-arm-none-eabi-10.3-2021.10/bin/../lib/gcc/arm-none-eabi/10.3.1/../../../../arm-none-eabi/lib/thumb/v6-m/nofp\libg.a(lib_a-fini.o)
                              d:/stmicroelectronics/gcc-arm-none-eabi-10.3-2021.10/bin/../lib/gcc/arm-none-eabi/10.3.1/../../../../arm-none-eabi/lib/thumb/v6-m/nofp\libg.a(lib_a-__call_atexit.o) (__libc_fini_array)
d:/stmicroelectronics/gcc-arm-none-eabi-10.3-2021.10/bin/../lib/gcc/arm-none-eabi/10.3.1/../../../../arm-none-eabi/lib/thumb/v6-m/nofp\libg.a(lib_a-lock.o)
                              d:/stmicroelectronics/gcc-arm-none-eabi-10.3-2021.10/bin/../lib/gcc/arm-none-eabi/10.3.1/../../../../arm-none-eabi/lib/thumb/v6-m/nofp\libg.a(lib_a-__call_atexit.o) (__retarget_lock_acquire_recursive)
d:/stmicroelectronics/gcc-arm-none-eabi-10.3-2021.10/bin/../lib/gcc/arm-none-eabi/10.3.1/../../../../arm-none-eabi/lib/thumb/v6-m/nofp\libg.a(lib_a-__atexit.o)
                              d:/stmicroelectronics/gcc-arm-none-eabi-10.3-2021.10/bin/../lib/gcc/arm-none-eabi/10.3.1/../../../../arm-none-eabi/lib/thumb/v6-m/nofp\libg.a(lib_a-atexit.o) (__register_exitproc)

Discarded input sections

 .text          0x00000000        0x0 d:/stmicroelectronics/gcc-arm-none-eabi-10.3-2021.10/bin/../lib/gcc/arm-none-eabi/10.3.1/thumb/v6-m/nofp/crti.o
 .data          0x00000000        0x0 d:/stmicroelectronics/gcc-arm-none-eabi-10.3-2021.10/bin/../lib/gcc/arm-none-eabi/10.3.1/thumb/v6-m/nofp/crti.o
 .bss           0x00000000        0x0 d:/stmicroelectronics/gcc-arm-none-eabi-10.3-2021.10/bin/../lib/gcc/arm-none-eabi/10.3.1/thumb/v6-m/nofp/crti.o
 .data          0x00000000        0x4 d:/stmicroelectronics/gcc-arm-none-eabi-10.3-2021.10/bin/../lib/gcc/arm-none-eabi/10.3.1/thumb/v6-m/nofp/crtbegin.o
[...]
Memory Configuration

Name             Origin             Length             Attributes
RAM              0x20000000         0x00009000         xrw
FLASH            0x08000000         0x00020000         xr
*default*        0x00000000         0xffffffff

Linker script and memory map

LOAD d:/stmicroelectronics/gcc-arm-none-eabi-10.3-2021.10/bin/../lib/gcc/arm-none-eabi/10.3.1/thumb/v6-m/nofp/crti.o
LOAD d:/stmicroelectronics/gcc-arm-none-eabi-10.3-2021.10/bin/../lib/gcc/arm-none-eabi/10.3.1/thumb/v6-m/nofp/crtbegin.o
LOAD d:/stmicroelectronics/gcc-arm-none-eabi-10.3-2021.10/bin/../lib/gcc/arm-none-eabi/10.3.1/../../../../arm-none-eabi/lib/thumb/v6-m/nofp/crt0.o
LOAD CMakeFiles/LIN_Drive_Box.elf.dir/Core/Src/12864.c.obj
LOAD CMakeFiles/LIN_Drive_Box.elf.dir/Core/Src/LIN.c.obj
LOAD CMakeFiles/LIN_Drive_Box.elf.dir/Core/Src/gpio.c.obj
LOAD CMakeFiles/LIN_Drive_Box.elf.dir/Core/Src/key.c.obj
LOAD CMakeFiles/LIN_Drive_Box.elf.dir/Core/Src/main.c.obj
LOAD CMakeFiles/LIN_Drive_Box.elf.dir/Core/Src/stm32g0xx_hal_msp.c.obj
LOAD CMakeFiles/LIN_Drive_Box.elf.dir/Core/Src/stm32g0xx_it.c.obj
LOAD CMakeFiles/LIN_Drive_Box.elf.dir/Core/Src/syscalls.c.obj
LOAD CMakeFiles/LIN_Drive_Box.elf.dir/Core/Src/sysmem.c.obj
LOAD CMakeFiles/LIN_Drive_Box.elf.dir/Core/Src/system_stm32g0xx.c.obj
LOAD CMakeFiles/LIN_Drive_Box.elf.dir/Core/Src/tim.c.obj
LOAD CMakeFiles/LIN_Drive_Box.elf.dir/Core/Src/usart.c.obj
LOAD CMakeFiles/LIN_Drive_Box.elf.dir/Core/Startup/startup_stm32g070rbtx.s.obj
LOAD CMakeFiles/LIN_Drive_Box.elf.dir/Drivers/STM32G0xx_HAL_Driver/Src/stm32g0xx_hal.c.obj
LOAD CMakeFiles/LIN_Drive_Box.elf.dir/Drivers/STM32G0xx_HAL_Driver/Src/stm32g0xx_hal_cortex.c.obj
LOAD CMakeFiles/LIN_Drive_Box.elf.dir/Drivers/STM32G0xx_HAL_Driver/Src/stm32g0xx_hal_dma.c.obj
LOAD CMakeFiles/LIN_Drive_Box.elf.dir/Drivers/STM32G0xx_HAL_Driver/Src/stm32g0xx_hal_dma_ex.c.obj
LOAD CMakeFiles/LIN_Drive_Box.elf.dir/Drivers/STM32G0xx_HAL_Driver/Src/stm32g0xx_hal_exti.c.obj
LOAD CMakeFiles/LIN_Drive_Box.elf.dir/Drivers/STM32G0xx_HAL_Driver/Src/stm32g0xx_hal_flash.c.obj
LOAD CMakeFiles/LIN_Drive_Box.elf.dir/Drivers/STM32G0xx_HAL_Driver/Src/stm32g0xx_hal_flash_ex.c.obj
LOAD CMakeFiles/LIN_Drive_Box.elf.dir/Drivers/STM32G0xx_HAL_Driver/Src/stm32g0xx_hal_gpio.c.obj
LOAD CMakeFiles/LIN_Drive_Box.elf.dir/Drivers/STM32G0xx_HAL_Driver/Src/stm32g0xx_hal_pwr.c.obj
LOAD CMakeFiles/LIN_Drive_Box.elf.dir/Drivers/STM32G0xx_HAL_Driver/Src/stm32g0xx_hal_pwr_ex.c.obj
LOAD CMakeFiles/LIN_Drive_Box.elf.dir/Drivers/STM32G0xx_HAL_Driver/Src/stm32g0xx_hal_rcc.c.obj
LOAD CMakeFiles/LIN_Drive_Box.elf.dir/Drivers/STM32G0xx_HAL_Driver/Src/stm32g0xx_hal_rcc_ex.c.obj
LOAD CMakeFiles/LIN_Drive_Box.elf.dir/Drivers/STM32G0xx_HAL_Driver/Src/stm32g0xx_hal_tim.c.obj
LOAD CMakeFiles/LIN_Drive_Box.elf.dir/Drivers/STM32G0xx_HAL_Driver/Src/stm32g0xx_hal_tim_ex.c.obj
LOAD CMakeFiles/LIN_Drive_Box.elf.dir/Drivers/STM32G0xx_HAL_Driver/Src/stm32g0xx_hal_uart.c.obj
LOAD CMakeFiles/LIN_Drive_Box.elf.dir/Drivers/STM32G0xx_HAL_Driver/Src/stm32g0xx_hal_uart_ex.c.obj
LOAD CMakeFiles/LIN_Drive_Box.elf.dir/Drivers/STM32G0xx_HAL_Driver/Src/stm32g0xx_ll_dma.c.obj
LOAD CMakeFiles/LIN_Drive_Box.elf.dir/Drivers/STM32G0xx_HAL_Driver/Src/stm32g0xx_ll_rcc.c.obj
START GROUP
LOAD d:/stmicroelectronics/gcc-arm-none-eabi-10.3-2021.10/bin/../lib/gcc/arm-none-eabi/10.3.1/thumb/v6-m/nofp\libgcc.a
LOAD d:/stmicroelectronics/gcc-arm-none-eabi-10.3-2021.10/bin/../lib/gcc/arm-none-eabi/10.3.1/../../../../arm-none-eabi/lib/thumb/v6-m/nofp\libg.a
LOAD d:/stmicroelectronics/gcc-arm-none-eabi-10.3-2021.10/bin/../lib/gcc/arm-none-eabi/10.3.1/../../../../arm-none-eabi/lib/thumb/v6-m/nofp\libc.a
END GROUP
LOAD d:/stmicroelectronics/gcc-arm-none-eabi-10.3-2021.10/bin/../lib/gcc/arm-none-eabi/10.3.1/thumb/v6-m/nofp/crtend.o
LOAD d:/stmicroelectronics/gcc-arm-none-eabi-10.3-2021.10/bin/../lib/gcc/arm-none-eabi/10.3.1/thumb/v6-m/nofp/crtn.o
                0x20009000                _estack = (ORIGIN (RAM) + LENGTH (RAM))
                0x00000200                _Min_Heap_Size = 0x200
                0x00000400                _Min_Stack_Size = 0x400

.isr_vector     0x08000000       0xb8
                0x08000000                . = ALIGN (0x4)
 *(.isr_vector)
 .isr_vector    0x08000000       0xb8 CMakeFiles/LIN_Drive_Box.elf.dir/Core/Startup/startup_stm32g070rbtx.s.obj
                0x08000000                g_pfnVectors
                0x080000b8                . = ALIGN (0x4)

.text           0x080000b8     0x3690
                0x080000b8                . = ALIGN (0x4)
 *(.text)
 .text          0x080000b8       0x48 d:/stmicroelectronics/gcc-arm-none-eabi-10.3-2021.10/bin/../lib/gcc/arm-none-eabi/10.3.1/thumb/v6-m/nofp/crtbegin.o
 .text          0x08000100      0x114 d:/stmicroelectronics/gcc-arm-none-eabi-10.3-2021.10/bin/../lib/gcc/arm-none-eabi/10.3.1/thumb/v6-m/nofp\libgcc.a(_udivsi3.o)
                0x08000100                __aeabi_uidiv
                0x08000100                __udivsi3
                0x0800020c                __aeabi_uidivmod
 .text          0x08000214      0x1d4 d:/stmicroelectronics/gcc-arm-none-eabi-10.3-2021.10/bin/../lib/gcc/arm-none-eabi/10.3.1/thumb/v6-m/nofp\libgcc.a(_divsi3.o)
                0x08000214                __divsi3
                0x08000214                __aeabi_idiv
                0x080003e0                __aeabi_idivmod
 .text          0x080003e8        0x4 d:/stmicroelectronics/gcc-arm-none-eabi-10.3-2021.10/bin/../lib/gcc/arm-none-eabi/10.3.1/thumb/v6-m/nofp\libgcc.a(_dvmd_tls.o)
                0x080003e8                __aeabi_idiv0
                0x080003e8                __aeabi_ldiv0
 *(.text*)
 .text.PORT_Assignment
                0x080003ec      0x10c CMakeFiles/LIN_Drive_Box.elf.dir/Core/Src/12864.c.obj
                0x080003ec                PORT_Assignment
 .text.WRCommand_M68
                0x080004f8       0x58 CMakeFiles/LIN_Drive_Box.elf.dir/Core/Src/12864.c.obj
                0x080004f8                WRCommand_M68
 .text.WRData_M68
                0x08000550       0x58 CMakeFiles/LIN_Drive_Box.elf.dir/Core/Src/12864.c.obj
                0x08000550                WRData_M68
 .text.DisplayChineseCharacter
                0x080005a8       0x2a CMakeFiles/LIN_Drive_Box.elf.dir/Core/Src/12864.c.obj
                0x080005a8                DisplayChineseCharacter
 .text.DisplayCharacter
                0x080005d2       0x6a CMakeFiles/LIN_Drive_Box.elf.dir/Core/Src/12864.c.obj
                0x080005d2                DisplayCharacter
 .text.LCDInit  0x0800063c       0xb8 CMakeFiles/LIN_Drive_Box.elf.dir/Core/Src/12864.c.obj
                0x0800063c                LCDInit
 .text.LIN_Check_Sum
                0x080006f4       0x24 CMakeFiles/LIN_Drive_Box.elf.dir/Core/Src/LIN.c.obj
                0x080006f4                LIN_Check_Sum
 .text.LIN_Check_Sum_En
                0x08000718       0x24 CMakeFiles/LIN_Drive_Box.elf.dir/Core/Src/LIN.c.obj
                0x08000718                LIN_Check_Sum_En
 .text.LIN_Tx_PID_Data
                0x0800073c       0x4c CMakeFiles/LIN_Drive_Box.elf.dir/Core/Src/LIN.c.obj
                0x0800073c                LIN_Tx_PID_Data
 .text.LIN_Tx_PID
                0x08000788       0x34 CMakeFiles/LIN_Drive_Box.elf.dir/Core/Src/LIN.c.obj
                0x08000788                LIN_Tx_PID
 .text.Data_To_LIN
                0x080007bc       0x78 CMakeFiles/LIN_Drive_Box.elf.dir/Core/Src/LIN.c.obj
                0x080007bc                Data_To_LIN
 .text.Send_LIN_Data
                0x08000834       0x84 CMakeFiles/LIN_Drive_Box.elf.dir/Core/Src/LIN.c.obj
                0x08000834                Send_LIN_Data
 .text.EXV_Loop_Execution
                0x080008b8       0x48 CMakeFiles/LIN_Drive_Box.elf.dir/Core/Src/LIN.c.obj
                0x080008b8                EXV_Loop_Execution
 .text.Feedback_Signal
                0x08000900       0x40 CMakeFiles/LIN_Drive_Box.elf.dir/Core/Src/LIN.c.obj
                0x08000900                Feedback_Signal
 .text.CollectCompleteEXVNum
                0x08000940       0x7c CMakeFiles/LIN_Drive_Box.elf.dir/Core/Src/LIN.c.obj
                0x08000940                CollectCompleteEXVNum
 .text.LIN_Data_Process
                0x080009bc      0x15c CMakeFiles/LIN_Drive_Box.elf.dir/Core/Src/LIN.c.obj
                0x080009bc                LIN_Data_Process
 .text.MX_GPIO_Init
                0x08000b18      0x130 CMakeFiles/LIN_Drive_Box.elf.dir/Core/Src/gpio.c.obj
                0x08000b18                MX_GPIO_Init
 .text.General_Key_Scan
                0x08000c48       0x24 CMakeFiles/LIN_Drive_Box.elf.dir/Core/Src/key.c.obj
                0x08000c48                General_Key_Scan
 .text.UART_IDLECallBack
                0x08000c6c       0x3c CMakeFiles/LIN_Drive_Box.elf.dir/Core/Src/main.c.obj
                0x08000c6c                UART_IDLECallBack
 .text.ms_Delay
                0x08000ca8       0x14 CMakeFiles/LIN_Drive_Box.elf.dir/Core/Src/main.c.obj
                0x08000ca8                ms_Delay
 .text.stateReversal
                0x08000cbc       0x12 CMakeFiles/LIN_Drive_Box.elf.dir/Core/Src/main.c.obj
                0x08000cbc                stateReversal
 *fill*         0x08000cce        0x2 
 .text.HAL_TIM_PeriodElapsedCallback
                0x08000cd0       0xc0 CMakeFiles/LIN_Drive_Box.elf.dir/Core/Src/main.c.obj
                0x08000cd0                HAL_TIM_PeriodElapsedCallback
 .text.Error_Handler
                0x08000d90        0x4 CMakeFiles/LIN_Drive_Box.elf.dir/Core/Src/main.c.obj
                0x08000d90                Error_Handler
 .text.SystemClock_Config
                0x08000d94       0x60 CMakeFiles/LIN_Drive_Box.elf.dir/Core/Src/main.c.obj
                0x08000d94                SystemClock_Config
 .text.Util_Receive_IT
                0x08000df4       0x24 CMakeFiles/LIN_Drive_Box.elf.dir/Core/Src/main.c.obj
                0x08000df4                Util_Receive_IT
 .text.main     0x08000e18      0x1ec CMakeFiles/LIN_Drive_Box.elf.dir/Core/Src/main.c.obj
                0x08000e18                main
 .text.HAL_UART_RxCpltCallback
                0x08001004       0x30 CMakeFiles/LIN_Drive_Box.elf.dir/Core/Src/main.c.obj
                0x08001004                HAL_UART_RxCpltCallback
 .text.HAL_UART_ErrorCallback
                0x08001034       0x30 CMakeFiles/LIN_Drive_Box.elf.dir/Core/Src/main.c.obj
                0x08001034                HAL_UART_ErrorCallback
 .text.HAL_MspInit
                0x08001064       0x38 CMakeFiles/LIN_Drive_Box.elf.dir/Core/Src/stm32g0xx_hal_msp.c.obj
                0x08001064                HAL_MspInit
 .text.NMI_Handler
                0x0800109c        0x2 CMakeFiles/LIN_Drive_Box.elf.dir/Core/Src/stm32g0xx_it.c.obj
                0x0800109c                NMI_Handler
 .text.HardFault_Handler
                0x0800109e        0x2 CMakeFiles/LIN_Drive_Box.elf.dir/Core/Src/stm32g0xx_it.c.obj
                0x0800109e                HardFault_Handler
 .text.SVC_Handler
                0x080010a0        0x2 CMakeFiles/LIN_Drive_Box.elf.dir/Core/Src/stm32g0xx_it.c.obj
                0x080010a0                SVC_Handler
 .text.PendSV_Handler
                0x080010a2        0x2 CMakeFiles/LIN_Drive_Box.elf.dir/Core/Src/stm32g0xx_it.c.obj
                0x080010a2                PendSV_Handler
 .text.SysTick_Handler
                0x080010a4        0x8 CMakeFiles/LIN_Drive_Box.elf.dir/Core/Src/stm32g0xx_it.c.obj
                0x080010a4                SysTick_Handler
 .text.TIM6_IRQHandler
                0x080010ac       0x10 CMakeFiles/LIN_Drive_Box.elf.dir/Core/Src/stm32g0xx_it.c.obj
                0x080010ac                TIM6_IRQHandler
 .text.USART2_IRQHandler
                0x080010bc       0x18 CMakeFiles/LIN_Drive_Box.elf.dir/Core/Src/stm32g0xx_it.c.obj
                0x080010bc                USART2_IRQHandler
 .text.SystemInit
                0x080010d4        0x2 CMakeFiles/LIN_Drive_Box.elf.dir/Core/Src/system_stm32g0xx.c.obj
                0x080010d4                SystemInit
 *fill*         0x080010d6        0x2 
 .text.MX_TIM6_Init
                0x080010d8       0x60 CMakeFiles/LIN_Drive_Box.elf.dir/Core/Src/tim.c.obj
                0x080010d8                MX_TIM6_Init
 .text.HAL_TIM_Base_MspInit
                0x08001138       0x3c CMakeFiles/LIN_Drive_Box.elf.dir/Core/Src/tim.c.obj
                0x08001138                HAL_TIM_Base_MspInit
 .text.MX_USART2_UART_Init
                0x08001174       0x74 CMakeFiles/LIN_Drive_Box.elf.dir/Core/Src/usart.c.obj
                0x08001174                MX_USART2_UART_Init
 .text.HAL_UART_MspInit
                0x080011e8       0x94 CMakeFiles/LIN_Drive_Box.elf.dir/Core/Src/usart.c.obj
                0x080011e8                HAL_UART_MspInit
 .text.Reset_Handler
                0x0800127c       0x50 CMakeFiles/LIN_Drive_Box.elf.dir/Core/Startup/startup_stm32g070rbtx.s.obj
                0x0800127c                Reset_Handler
 .text.Default_Handler
                0x080012cc        0x2 CMakeFiles/LIN_Drive_Box.elf.dir/Core/Startup/startup_stm32g070rbtx.s.obj
                0x080012cc                TIM1_CC_IRQHandler
                0x080012cc                I2C1_IRQHandler
                0x080012cc                RTC_TAMP_IRQHandler
                0x080012cc                SPI1_IRQHandler
                0x080012cc                USART3_4_IRQHandler
                0x080012cc                EXTI2_3_IRQHandler
                0x080012cc                ADC1_IRQHandler
                0x080012cc                I2C2_IRQHandler
                0x080012cc                TIM17_IRQHandler
                0x080012cc                TIM16_IRQHandler
                0x080012cc                TIM3_IRQHandler
                0x080012cc                EXTI4_15_IRQHandler
                0x080012cc                RCC_IRQHandler
                0x080012cc                DMA1_Channel1_IRQHandler
                0x080012cc                Default_Handler
                0x080012cc                TIM14_IRQHandler
                0x080012cc                TIM7_IRQHandler
                0x080012cc                TIM15_IRQHandler
                0x080012cc                EXTI0_1_IRQHandler
                0x080012cc                SPI2_IRQHandler
                0x080012cc                WWDG_IRQHandler
                0x080012cc                DMA1_Ch4_7_DMAMUX1_OVR_IRQHandler
                0x080012cc                DMA1_Channel2_3_IRQHandler
                0x080012cc                FLASH_IRQHandler
                0x080012cc                USART1_IRQHandler
                0x080012cc                TIM1_BRK_UP_TRG_COM_IRQHandler
 *fill*         0x080012ce        0x2 
 .text.HAL_InitTick
                0x080012d0       0x58 CMakeFiles/LIN_Drive_Box.elf.dir/Drivers/STM32G0xx_HAL_Driver/Src/stm32g0xx_hal.c.obj
                0x080012d0                HAL_InitTick
 .text.HAL_Init
                0x08001328       0x28 CMakeFiles/LIN_Drive_Box.elf.dir/Drivers/STM32G0xx_HAL_Driver/Src/stm32g0xx_hal.c.obj
                0x08001328                HAL_Init
 .text.HAL_IncTick
                0x08001350       0x18 CMakeFiles/LIN_Drive_Box.elf.dir/Drivers/STM32G0xx_HAL_Driver/Src/stm32g0xx_hal.c.obj
                0x08001350                HAL_IncTick
 .text.HAL_GetTick
                0x08001368        0xc CMakeFiles/LIN_Drive_Box.elf.dir/Drivers/STM32G0xx_HAL_Driver/Src/stm32g0xx_hal.c.obj
                0x08001368                HAL_GetTick
 .text.HAL_Delay
                0x08001374       0x24 CMakeFiles/LIN_Drive_Box.elf.dir/Drivers/STM32G0xx_HAL_Driver/Src/stm32g0xx_hal.c.obj
                0x08001374                HAL_Delay
 .text.HAL_SYSCFG_StrobeDBattpinsConfig
                0x08001398       0x18 CMakeFiles/LIN_Drive_Box.elf.dir/Drivers/STM32G0xx_HAL_Driver/Src/stm32g0xx_hal.c.obj
                0x08001398                HAL_SYSCFG_StrobeDBattpinsConfig
 .text.HAL_NVIC_SetPriority
                0x080013b0       0x60 CMakeFiles/LIN_Drive_Box.elf.dir/Drivers/STM32G0xx_HAL_Driver/Src/stm32g0xx_hal_cortex.c.obj
                0x080013b0                HAL_NVIC_SetPriority
 .text.HAL_NVIC_EnableIRQ
                0x08001410       0x18 CMakeFiles/LIN_Drive_Box.elf.dir/Drivers/STM32G0xx_HAL_Driver/Src/stm32g0xx_hal_cortex.c.obj
                0x08001410                HAL_NVIC_EnableIRQ
 .text.HAL_SYSTICK_Config
                0x08001428       0x38 CMakeFiles/LIN_Drive_Box.elf.dir/Drivers/STM32G0xx_HAL_Driver/Src/stm32g0xx_hal_cortex.c.obj
                0x08001428                HAL_SYSTICK_Config
 .text.HAL_DMA_Abort
                0x08001460       0x80 CMakeFiles/LIN_Drive_Box.elf.dir/Drivers/STM32G0xx_HAL_Driver/Src/stm32g0xx_hal_dma.c.obj
                0x08001460                HAL_DMA_Abort
 .text.HAL_DMA_Abort_IT
                0x080014e0       0x80 CMakeFiles/LIN_Drive_Box.elf.dir/Drivers/STM32G0xx_HAL_Driver/Src/stm32g0xx_hal_dma.c.obj
                0x080014e0                HAL_DMA_Abort_IT
 .text.HAL_GPIO_Init
                0x08001560      0x178 CMakeFiles/LIN_Drive_Box.elf.dir/Drivers/STM32G0xx_HAL_Driver/Src/stm32g0xx_hal_gpio.c.obj
                0x08001560                HAL_GPIO_Init
 .text.HAL_GPIO_ReadPin
                0x080016d8        0xe CMakeFiles/LIN_Drive_Box.elf.dir/Drivers/STM32G0xx_HAL_Driver/Src/stm32g0xx_hal_gpio.c.obj
                0x080016d8                HAL_GPIO_ReadPin
 .text.HAL_GPIO_WritePin
                0x080016e6        0xc CMakeFiles/LIN_Drive_Box.elf.dir/Drivers/STM32G0xx_HAL_Driver/Src/stm32g0xx_hal_gpio.c.obj
                0x080016e6                HAL_GPIO_WritePin
 *fill*         0x080016f2        0x2 
 .text.HAL_PWREx_ControlVoltageScaling
                0x080016f4       0x54 CMakeFiles/LIN_Drive_Box.elf.dir/Drivers/STM32G0xx_HAL_Driver/Src/stm32g0xx_hal_pwr_ex.c.obj
                0x080016f4                HAL_PWREx_ControlVoltageScaling
 .text.HAL_RCC_OscConfig
                0x08001748      0x4a4 CMakeFiles/LIN_Drive_Box.elf.dir/Drivers/STM32G0xx_HAL_Driver/Src/stm32g0xx_hal_rcc.c.obj
                0x08001748                HAL_RCC_OscConfig
 .text.HAL_RCC_GetSysClockFreq
                0x08001bec       0xb8 CMakeFiles/LIN_Drive_Box.elf.dir/Drivers/STM32G0xx_HAL_Driver/Src/stm32g0xx_hal_rcc.c.obj
                0x08001bec                HAL_RCC_GetSysClockFreq
 .text.HAL_RCC_ClockConfig
                0x08001ca4      0x18c CMakeFiles/LIN_Drive_Box.elf.dir/Drivers/STM32G0xx_HAL_Driver/Src/stm32g0xx_hal_rcc.c.obj
                0x08001ca4                HAL_RCC_ClockConfig
 .text.HAL_RCC_GetHCLKFreq
                0x08001e30        0xc CMakeFiles/LIN_Drive_Box.elf.dir/Drivers/STM32G0xx_HAL_Driver/Src/stm32g0xx_hal_rcc.c.obj
                0x08001e30                HAL_RCC_GetHCLKFreq
 .text.HAL_RCC_GetPCLK1Freq
                0x08001e3c       0x28 CMakeFiles/LIN_Drive_Box.elf.dir/Drivers/STM32G0xx_HAL_Driver/Src/stm32g0xx_hal_rcc.c.obj
                0x08001e3c                HAL_RCC_GetPCLK1Freq
 .text.HAL_RCCEx_PeriphCLKConfig
                0x08001e64      0x190 CMakeFiles/LIN_Drive_Box.elf.dir/Drivers/STM32G0xx_HAL_Driver/Src/stm32g0xx_hal_rcc_ex.c.obj
                0x08001e64                HAL_RCCEx_PeriphCLKConfig
 .text.HAL_TIM_Base_Start
                0x08001ff4       0x68 CMakeFiles/LIN_Drive_Box.elf.dir/Drivers/STM32G0xx_HAL_Driver/Src/stm32g0xx_hal_tim.c.obj
                0x08001ff4                HAL_TIM_Base_Start
 .text.HAL_TIM_Base_Start_IT
                0x0800205c       0x70 CMakeFiles/LIN_Drive_Box.elf.dir/Drivers/STM32G0xx_HAL_Driver/Src/stm32g0xx_hal_tim.c.obj
                0x0800205c                HAL_TIM_Base_Start_IT
 .text.HAL_TIM_OC_DelayElapsedCallback
                0x080020cc        0x2 CMakeFiles/LIN_Drive_Box.elf.dir/Drivers/STM32G0xx_HAL_Driver/Src/stm32g0xx_hal_tim.c.obj
                0x080020cc                HAL_TIM_OC_DelayElapsedCallback
 .text.HAL_TIM_IC_CaptureCallback
                0x080020ce        0x2 CMakeFiles/LIN_Drive_Box.elf.dir/Drivers/STM32G0xx_HAL_Driver/Src/stm32g0xx_hal_tim.c.obj
                0x080020ce                HAL_TIM_IC_CaptureCallback
 .text.HAL_TIM_PWM_PulseFinishedCallback
                0x080020d0        0x2 CMakeFiles/LIN_Drive_Box.elf.dir/Drivers/STM32G0xx_HAL_Driver/Src/stm32g0xx_hal_tim.c.obj
                0x080020d0                HAL_TIM_PWM_PulseFinishedCallback
 .text.HAL_TIM_TriggerCallback
                0x080020d2        0x2 CMakeFiles/LIN_Drive_Box.elf.dir/Drivers/STM32G0xx_HAL_Driver/Src/stm32g0xx_hal_tim.c.obj
                0x080020d2                HAL_TIM_TriggerCallback
 .text.HAL_TIM_IRQHandler
                0x080020d4      0x178 CMakeFiles/LIN_Drive_Box.elf.dir/Drivers/STM32G0xx_HAL_Driver/Src/stm32g0xx_hal_tim.c.obj
                0x080020d4                HAL_TIM_IRQHandler
 .text.TIM_Base_SetConfig
                0x0800224c       0x94 CMakeFiles/LIN_Drive_Box.elf.dir/Drivers/STM32G0xx_HAL_Driver/Src/stm32g0xx_hal_tim.c.obj
                0x0800224c                TIM_Base_SetConfig
 .text.HAL_TIM_Base_Init
                0x080022e0       0x60 CMakeFiles/LIN_Drive_Box.elf.dir/Drivers/STM32G0xx_HAL_Driver/Src/stm32g0xx_hal_tim.c.obj
                0x080022e0                HAL_TIM_Base_Init
 .text.HAL_TIMEx_MasterConfigSynchronization
                0x08002340       0x78 CMakeFiles/LIN_Drive_Box.elf.dir/Drivers/STM32G0xx_HAL_Driver/Src/stm32g0xx_hal_tim_ex.c.obj
                0x08002340                HAL_TIMEx_MasterConfigSynchronization
 .text.HAL_TIMEx_CommutCallback
                0x080023b8        0x2 CMakeFiles/LIN_Drive_Box.elf.dir/Drivers/STM32G0xx_HAL_Driver/Src/stm32g0xx_hal_tim_ex.c.obj
                0x080023b8                HAL_TIMEx_CommutCallback
 .text.HAL_TIMEx_BreakCallback
                0x080023ba        0x2 CMakeFiles/LIN_Drive_Box.elf.dir/Drivers/STM32G0xx_HAL_Driver/Src/stm32g0xx_hal_tim_ex.c.obj
                0x080023ba                HAL_TIMEx_BreakCallback
 .text.HAL_TIMEx_Break2Callback
                0x080023bc        0x2 CMakeFiles/LIN_Drive_Box.elf.dir/Drivers/STM32G0xx_HAL_Driver/Src/stm32g0xx_hal_tim_ex.c.obj
                0x080023bc                HAL_TIMEx_Break2Callback
 *fill*         0x080023be        0x2 
 .text.UART_EndRxTransfer
                0x080023c0       0x64 CMakeFiles/LIN_Drive_Box.elf.dir/Drivers/STM32G0xx_HAL_Driver/Src/stm32g0xx_hal_uart.c.obj
 .text.HAL_UART_TxCpltCallback
                0x08002424        0x2 CMakeFiles/LIN_Drive_Box.elf.dir/Drivers/STM32G0xx_HAL_Driver/Src/stm32g0xx_hal_uart.c.obj
                0x08002424                HAL_UART_TxCpltCallback
 .text.UART_EndTransmit_IT
                0x08002426       0x2a CMakeFiles/LIN_Drive_Box.elf.dir/Drivers/STM32G0xx_HAL_Driver/Src/stm32g0xx_hal_uart.c.obj
 .text.UART_DMAAbortOnError
                0x08002450       0x14 CMakeFiles/LIN_Drive_Box.elf.dir/Drivers/STM32G0xx_HAL_Driver/Src/stm32g0xx_hal_uart.c.obj
 .text.HAL_UARTEx_RxEventCallback
                0x08002464        0x2 CMakeFiles/LIN_Drive_Box.elf.dir/Drivers/STM32G0xx_HAL_Driver/Src/stm32g0xx_hal_uart.c.obj
                0x08002464                HAL_UARTEx_RxEventCallback
 *fill*         0x08002466        0x2 
 .text.HAL_UART_IRQHandler
                0x08002468      0x320 CMakeFiles/LIN_Drive_Box.elf.dir/Drivers/STM32G0xx_HAL_Driver/Src/stm32g0xx_hal_uart.c.obj
                0x08002468                HAL_UART_IRQHandler
 .text.UART_RxISR_8BIT
                0x08002788       0xb8 CMakeFiles/LIN_Drive_Box.elf.dir/Drivers/STM32G0xx_HAL_Driver/Src/stm32g0xx_hal_uart.c.obj
 .text.UART_RxISR_16BIT
                0x08002840       0xb4 CMakeFiles/LIN_Drive_Box.elf.dir/Drivers/STM32G0xx_HAL_Driver/Src/stm32g0xx_hal_uart.c.obj
 .text.UART_RxISR_8BIT_FIFOEN
                0x080028f4      0x1ac CMakeFiles/LIN_Drive_Box.elf.dir/Drivers/STM32G0xx_HAL_Driver/Src/stm32g0xx_hal_uart.c.obj
 .text.UART_RxISR_16BIT_FIFOEN
                0x08002aa0      0x1b0 CMakeFiles/LIN_Drive_Box.elf.dir/Drivers/STM32G0xx_HAL_Driver/Src/stm32g0xx_hal_uart.c.obj
 .text.HAL_LIN_SendBreak
                0x08002c50       0x30 CMakeFiles/LIN_Drive_Box.elf.dir/Drivers/STM32G0xx_HAL_Driver/Src/stm32g0xx_hal_uart.c.obj
                0x08002c50                HAL_LIN_SendBreak
 .text.HAL_UART_GetError
                0x08002c80        0x6 CMakeFiles/LIN_Drive_Box.elf.dir/Drivers/STM32G0xx_HAL_Driver/Src/stm32g0xx_hal_uart.c.obj
                0x08002c80                HAL_UART_GetError
 *fill*         0x08002c86        0x2 
 .text.UART_SetConfig
                0x08002c88      0x1f0 CMakeFiles/LIN_Drive_Box.elf.dir/Drivers/STM32G0xx_HAL_Driver/Src/stm32g0xx_hal_uart.c.obj
                0x08002c88                UART_SetConfig
 .text.UART_AdvFeatureConfig
                0x08002e78       0xe0 CMakeFiles/LIN_Drive_Box.elf.dir/Drivers/STM32G0xx_HAL_Driver/Src/stm32g0xx_hal_uart.c.obj
                0x08002e78                UART_AdvFeatureConfig
 .text.UART_WaitOnFlagUntilTimeout
                0x08002f58       0xe4 CMakeFiles/LIN_Drive_Box.elf.dir/Drivers/STM32G0xx_HAL_Driver/Src/stm32g0xx_hal_uart.c.obj
                0x08002f58                UART_WaitOnFlagUntilTimeout
 .text.HAL_UART_Transmit
                0x0800303c       0xf0 CMakeFiles/LIN_Drive_Box.elf.dir/Drivers/STM32G0xx_HAL_Driver/Src/stm32g0xx_hal_uart.c.obj
                0x0800303c                HAL_UART_Transmit
 .text.UART_CheckIdleState
                0x0800312c       0x74 CMakeFiles/LIN_Drive_Box.elf.dir/Drivers/STM32G0xx_HAL_Driver/Src/stm32g0xx_hal_uart.c.obj
                0x0800312c                UART_CheckIdleState
 .text.HAL_LIN_Init
                0x080031a0       0xa4 CMakeFiles/LIN_Drive_Box.elf.dir/Drivers/STM32G0xx_HAL_Driver/Src/stm32g0xx_hal_uart.c.obj
                0x080031a0                HAL_LIN_Init
 .text.UART_Start_Receive_IT
                0x08003244      0x164 CMakeFiles/LIN_Drive_Box.elf.dir/Drivers/STM32G0xx_HAL_Driver/Src/stm32g0xx_hal_uart.c.obj
                0x08003244                UART_Start_Receive_IT
 .text.HAL_UART_Receive_IT
                0x080033a8       0x62 CMakeFiles/LIN_Drive_Box.elf.dir/Drivers/STM32G0xx_HAL_Driver/Src/stm32g0xx_hal_uart.c.obj
                0x080033a8                HAL_UART_Receive_IT
 *fill*         0x0800340a        0x2 
 .text.UARTEx_SetNbDataToProcess
                0x0800340c       0x50 CMakeFiles/LIN_Drive_Box.elf.dir/Drivers/STM32G0xx_HAL_Driver/Src/stm32g0xx_hal_uart_ex.c.obj
 .text.HAL_UARTEx_WakeupCallback
                0x0800345c        0x2 CMakeFiles/LIN_Drive_Box.elf.dir/Drivers/STM32G0xx_HAL_Driver/Src/stm32g0xx_hal_uart_ex.c.obj
                0x0800345c                HAL_UARTEx_WakeupCallback
 .text.HAL_UARTEx_RxFifoFullCallback
                0x0800345e        0x2 CMakeFiles/LIN_Drive_Box.elf.dir/Drivers/STM32G0xx_HAL_Driver/Src/stm32g0xx_hal_uart_ex.c.obj
                0x0800345e                HAL_UARTEx_RxFifoFullCallback
 .text.HAL_UARTEx_TxFifoEmptyCallback
                0x08003460        0x2 CMakeFiles/LIN_Drive_Box.elf.dir/Drivers/STM32G0xx_HAL_Driver/Src/stm32g0xx_hal_uart_ex.c.obj
                0x08003460                HAL_UARTEx_TxFifoEmptyCallback
 *fill*         0x08003462        0x2 
 .text.HAL_UARTEx_DisableFifoMode
                0x08003464       0x40 CMakeFiles/LIN_Drive_Box.elf.dir/Drivers/STM32G0xx_HAL_Driver/Src/stm32g0xx_hal_uart_ex.c.obj
                0x08003464                HAL_UARTEx_DisableFifoMode
 .text.HAL_UARTEx_SetTxFifoThreshold
                0x080034a4       0x4a CMakeFiles/LIN_Drive_Box.elf.dir/Drivers/STM32G0xx_HAL_Driver/Src/stm32g0xx_hal_uart_ex.c.obj
                0x080034a4                HAL_UARTEx_SetTxFifoThreshold
 *fill*         0x080034ee        0x2 
 .text.HAL_UARTEx_SetRxFifoThreshold
                0x080034f0       0x50 CMakeFiles/LIN_Drive_Box.elf.dir/Drivers/STM32G0xx_HAL_Driver/Src/stm32g0xx_hal_uart_ex.c.obj
                0x080034f0                HAL_UARTEx_SetRxFifoThreshold
 .text.__libc_init_array
                0x08003540       0x44 d:/stmicroelectronics/gcc-arm-none-eabi-10.3-2021.10/bin/../lib/gcc/arm-none-eabi/10.3.1/../../../../arm-none-eabi/lib/thumb/v6-m/nofp\libg.a(lib_a-init.o)
                0x08003540                __libc_init_array
 .text.memset   0x08003584       0xa8 d:/stmicroelectronics/gcc-arm-none-eabi-10.3-2021.10/bin/../lib/gcc/arm-none-eabi/10.3.1/../../../../arm-none-eabi/lib/thumb/v6-m/nofp\libg.a(lib_a-memset.o)
                0x08003584                memset
 .text.startup.register_fini
                0x0800362c       0x18 d:/stmicroelectronics/gcc-arm-none-eabi-10.3-2021.10/bin/../lib/gcc/arm-none-eabi/10.3.1/../../../../arm-none-eabi/lib/thumb/v6-m/nofp\libg.a(lib_a-__call_atexit.o)
 .text.atexit   0x08003644       0x10 d:/stmicroelectronics/gcc-arm-none-eabi-10.3-2021.10/bin/../lib/gcc/arm-none-eabi/10.3.1/../../../../arm-none-eabi/lib/thumb/v6-m/nofp\libg.a(lib_a-atexit.o)
                0x08003644                atexit
 .text.__libc_fini_array
                0x08003654       0x28 d:/stmicroelectronics/gcc-arm-none-eabi-10.3-2021.10/bin/../lib/gcc/arm-none-eabi/10.3.1/../../../../arm-none-eabi/lib/thumb/v6-m/nofp\libg.a(lib_a-fini.o)
                0x08003654                __libc_fini_array
 .text.__retarget_lock_acquire_recursive
                0x0800367c        0x4 d:/stmicroelectronics/gcc-arm-none-eabi-10.3-2021.10/bin/../lib/gcc/arm-none-eabi/10.3.1/../../../../arm-none-eabi/lib/thumb/v6-m/nofp\libg.a(lib_a-lock.o)
                0x0800367c                __retarget_lock_acquire_recursive
 .text.__retarget_lock_release_recursive
                0x08003680        0x4 d:/stmicroelectronics/gcc-arm-none-eabi-10.3-2021.10/bin/../lib/gcc/arm-none-eabi/10.3.1/../../../../arm-none-eabi/lib/thumb/v6-m/nofp\libg.a(lib_a-lock.o)
                0x08003680                __retarget_lock_release_recursive
 .text.__register_exitproc
                0x08003684       0xac d:/stmicroelectronics/gcc-arm-none-eabi-10.3-2021.10/bin/../lib/gcc/arm-none-eabi/10.3.1/../../../../arm-none-eabi/lib/thumb/v6-m/nofp\libg.a(lib_a-__atexit.o)
                0x08003684                __register_exitproc
 *(.glue_7)
 .glue_7        0x08003730        0x0 linker stubs
 *(.glue_7t)
 .glue_7t       0x08003730        0x0 linker stubs
 *(.eh_frame)
 .eh_frame      0x08003730        0x0 d:/stmicroelectronics/gcc-arm-none-eabi-10.3-2021.10/bin/../lib/gcc/arm-none-eabi/10.3.1/thumb/v6-m/nofp/crtbegin.o
 *(.init)
 .init          0x08003730        0x4 d:/stmicroelectronics/gcc-arm-none-eabi-10.3-2021.10/bin/../lib/gcc/arm-none-eabi/10.3.1/thumb/v6-m/nofp/crti.o
                0x08003730                _init
 .init          0x08003734        0x8 d:/stmicroelectronics/gcc-arm-none-eabi-10.3-2021.10/bin/../lib/gcc/arm-none-eabi/10.3.1/thumb/v6-m/nofp/crtn.o
 *(.fini)
 .fini          0x0800373c        0x4 d:/stmicroelectronics/gcc-arm-none-eabi-10.3-2021.10/bin/../lib/gcc/arm-none-eabi/10.3.1/thumb/v6-m/nofp/crti.o
                0x0800373c                _fini
 .fini          0x08003740        0x8 d:/stmicroelectronics/gcc-arm-none-eabi-10.3-2021.10/bin/../lib/gcc/arm-none-eabi/10.3.1/thumb/v6-m/nofp/crtn.o
                0x08003748                . = ALIGN (0x4)
                0x08003748                _etext = .

.vfp11_veneer   0x08003748        0x0
 .vfp11_veneer  0x08003748        0x0 linker stubs

.v4_bx          0x08003748        0x0
 .v4_bx         0x08003748        0x0 linker stubs

.iplt           0x08003748        0x0
 .iplt          0x08003748        0x0 d:/stmicroelectronics/gcc-arm-none-eabi-10.3-2021.10/bin/../lib/gcc/arm-none-eabi/10.3.1/thumb/v6-m/nofp/crtbegin.o

.rodata         0x08003748       0xb8
                0x08003748                . = ALIGN (0x4)
 *(.rodata)
 *(.rodata*)
 .rodata.EXV_Loop_Execution.str1.4
                0x08003748       0x11 CMakeFiles/LIN_Drive_Box.elf.dir/Core/Src/LIN.c.obj
 *fill*         0x08003759        0x3 
 .rodata.CollectCompleteEXVNum.str1.4
                0x0800375c       0x15 CMakeFiles/LIN_Drive_Box.elf.dir/Core/Src/LIN.c.obj
 .rodata.main.str1.4
                0x08003771       0x11 CMakeFiles/LIN_Drive_Box.elf.dir/Core/Src/main.c.obj
 *fill*         0x08003771        0x3 
 .rodata.AHBPrescTable
                0x08003774       0x40 CMakeFiles/LIN_Drive_Box.elf.dir/Core/Src/system_stm32g0xx.c.obj
                0x08003774                AHBPrescTable
 .rodata.APBPrescTable
                0x080037b4       0x20 CMakeFiles/LIN_Drive_Box.elf.dir/Core/Src/system_stm32g0xx.c.obj
                0x080037b4                APBPrescTable
 .rodata.UARTPrescTable
                0x080037d4       0x18 CMakeFiles/LIN_Drive_Box.elf.dir/Drivers/STM32G0xx_HAL_Driver/Src/stm32g0xx_hal_uart.c.obj
                0x080037d4                UARTPrescTable
 .rodata.denominator.0
                0x080037ec        0x8 CMakeFiles/LIN_Drive_Box.elf.dir/Drivers/STM32G0xx_HAL_Driver/Src/stm32g0xx_hal_uart_ex.c.obj
 .rodata.numerator.1
                0x080037f4        0x8 CMakeFiles/LIN_Drive_Box.elf.dir/Drivers/STM32G0xx_HAL_Driver/Src/stm32g0xx_hal_uart_ex.c.obj
 .rodata._global_impure_ptr
                0x080037fc        0x4 d:/stmicroelectronics/gcc-arm-none-eabi-10.3-2021.10/bin/../lib/gcc/arm-none-eabi/10.3.1/../../../../arm-none-eabi/lib/thumb/v6-m/nofp\libg.a(lib_a-impure.o)
                0x080037fc                _global_impure_ptr
                0x08003800                . = ALIGN (0x4)

.rel.dyn        0x08003800        0x0
 .rel.iplt      0x08003800        0x0 d:/stmicroelectronics/gcc-arm-none-eabi-10.3-2021.10/bin/../lib/gcc/arm-none-eabi/10.3.1/thumb/v6-m/nofp/crtbegin.o

.ARM.extab      0x08003800        0x0
                0x08003800                . = ALIGN (0x4)
 *(.ARM.extab* .gnu.linkonce.armextab.*)
                0x08003800                . = ALIGN (0x4)

.ARM            0x08003800        0x0
                0x08003800                . = ALIGN (0x4)
                0x08003800                __exidx_start = .
 *(.ARM.exidx*)
                0x08003800                __exidx_end = .
                0x08003800                . = ALIGN (0x4)

.preinit_array  0x08003800        0x0
                0x08003800                . = ALIGN (0x4)
                0x08003800                PROVIDE (__preinit_array_start = .)
 *(.preinit_array*)
                0x08003800                PROVIDE (__preinit_array_end = .)
                0x08003800                . = ALIGN (0x4)

.init_array     0x08003800        0x8
                0x08003800                . = ALIGN (0x4)
                0x08003800                PROVIDE (__init_array_start = .)
 *(SORT_BY_NAME(.init_array.*))
 .init_array.00000
                0x08003800        0x4 d:/stmicroelectronics/gcc-arm-none-eabi-10.3-2021.10/bin/../lib/gcc/arm-none-eabi/10.3.1/../../../../arm-none-eabi/lib/thumb/v6-m/nofp\libg.a(lib_a-__call_atexit.o)
 *(.init_array*)
 .init_array    0x08003804        0x4 d:/stmicroelectronics/gcc-arm-none-eabi-10.3-2021.10/bin/../lib/gcc/arm-none-eabi/10.3.1/thumb/v6-m/nofp/crtbegin.o
                0x08003808                PROVIDE (__init_array_end = .)
                0x08003808                . = ALIGN (0x4)

.fini_array     0x08003808        0x4
                0x08003808                . = ALIGN (0x4)
                0x08003808                PROVIDE (__fini_array_start = .)
 *(SORT_BY_NAME(.fini_array.*))
 *(.fini_array*)
 .fini_array    0x08003808        0x4 d:/stmicroelectronics/gcc-arm-none-eabi-10.3-2021.10/bin/../lib/gcc/arm-none-eabi/10.3.1/thumb/v6-m/nofp/crtbegin.o
                0x0800380c                PROVIDE (__fini_array_end = .)
                0x0800380c                . = ALIGN (0x4)
                0x0800380c                _sidata = LOADADDR (.data)

.data           0x20000000      0x484 load address 0x0800380c
                0x20000000                . = ALIGN (0x4)
                0x20000000                _sdata = .
 *(.data)
 *(.data*)
 .data.Finished_EXV
                0x20000000       0x10 CMakeFiles/LIN_Drive_Box.elf.dir/Core/Src/12864.c.obj
                0x20000000                Finished_EXV
 .data.modeSelect
                0x20000010        0xa CMakeFiles/LIN_Drive_Box.elf.dir/Core/Src/12864.c.obj
                0x20000010                modeSelect
 *fill*         0x2000001a        0x2 
 .data.operation
                0x2000001c        0x4 CMakeFiles/LIN_Drive_Box.elf.dir/Core/Src/12864.c.obj
                0x2000001c                operation
 .data.state_init
                0x20000020        0x6 CMakeFiles/LIN_Drive_Box.elf.dir/Core/Src/12864.c.obj
                0x20000020                state_init
 *fill*         0x20000026        0x2 
 .data.stop     0x20000028        0x4 CMakeFiles/LIN_Drive_Box.elf.dir/Core/Src/12864.c.obj
                0x20000028                stop
 .data.time_init
                0x2000002c        0xe CMakeFiles/LIN_Drive_Box.elf.dir/Core/Src/12864.c.obj
                0x2000002c                time_init
 .data.EXV_Compare_Count
                0x2000003a        0x1 CMakeFiles/LIN_Drive_Box.elf.dir/Core/Src/LIN.c.obj
                0x2000003a                EXV_Compare_Count
 .data.SYNC_Frame
                0x2000003b        0x1 CMakeFiles/LIN_Drive_Box.elf.dir/Core/Src/LIN.c.obj
                0x2000003b                SYNC_Frame
 .data.chip     0x2000003c        0xf CMakeFiles/LIN_Drive_Box.elf.dir/Core/Src/LIN.c.obj
                0x2000003c                chip
 .data.selectMode
                0x2000004b        0x1 CMakeFiles/LIN_Drive_Box.elf.dir/Core/Src/main.c.obj
                0x2000004b                selectMode
 .data.SystemCoreClock
                0x2000004c        0x4 CMakeFiles/LIN_Drive_Box.elf.dir/Core/Src/system_stm32g0xx.c.obj
                0x2000004c                SystemCoreClock
 .data.uwTickFreq
                0x20000050        0x1 CMakeFiles/LIN_Drive_Box.elf.dir/Drivers/STM32G0xx_HAL_Driver/Src/stm32g0xx_hal.c.obj
                0x20000050                uwTickFreq
 *fill*         0x20000051        0x3 
 .data.uwTickPrio
                0x20000054        0x4 CMakeFiles/LIN_Drive_Box.elf.dir/Drivers/STM32G0xx_HAL_Driver/Src/stm32g0xx_hal.c.obj
                0x20000054                uwTickPrio
 .data.impure_data
                0x20000058      0x428 d:/stmicroelectronics/gcc-arm-none-eabi-10.3-2021.10/bin/../lib/gcc/arm-none-eabi/10.3.1/../../../../arm-none-eabi/lib/thumb/v6-m/nofp\libg.a(lib_a-impure.o)
 .data.__atexit_recursive_mutex
                0x20000480        0x4 d:/stmicroelectronics/gcc-arm-none-eabi-10.3-2021.10/bin/../lib/gcc/arm-none-eabi/10.3.1/../../../../arm-none-eabi/lib/thumb/v6-m/nofp\libg.a(lib_a-__call_atexit.o)
                0x20000480                __atexit_recursive_mutex
 *(.RamFunc)
 *(.RamFunc*)
                0x20000484                . = ALIGN (0x4)
                0x20000484                _edata = .

.igot.plt       0x20000484        0x0 load address 0x08003c90
 .igot.plt      0x20000484        0x0 d:/stmicroelectronics/gcc-arm-none-eabi-10.3-2021.10/bin/../lib/gcc/arm-none-eabi/10.3.1/thumb/v6-m/nofp/crtbegin.o
                0x20000484                . = ALIGN (0x4)

.bss            0x20000484      0x134 load address 0x08003c90
                0x20000484                _sbss = .
                0x20000484                __bss_start__ = _sbss
 *(.bss)
 .bss           0x20000484       0x1c d:/stmicroelectronics/gcc-arm-none-eabi-10.3-2021.10/bin/../lib/gcc/arm-none-eabi/10.3.1/thumb/v6-m/nofp/crtbegin.o
 *(.bss*)
 .bss.EXV_Finished_Count
                0x200004a0        0x1 CMakeFiles/LIN_Drive_Box.elf.dir/Core/Src/LIN.c.obj
                0x200004a0                EXV_Finished_Count
 *fill*         0x200004a1        0x1 
 .bss.EXV_Test_Cycles
                0x200004a2        0x2 CMakeFiles/LIN_Drive_Box.elf.dir/Core/Src/LIN.c.obj
                0x200004a2                EXV_Test_Cycles
 .bss.EXV_Test_Step
                0x200004a4        0x2 CMakeFiles/LIN_Drive_Box.elf.dir/Core/Src/LIN.c.obj
                0x200004a4                EXV_Test_Step
 .bss.InfiniteLoop
                0x200004a6        0x1 CMakeFiles/LIN_Drive_Box.elf.dir/Core/Src/LIN.c.obj
                0x200004a6                InfiniteLoop
 .bss.LIN_Read_Flag
                0x200004a7        0x1 CMakeFiles/LIN_Drive_Box.elf.dir/Core/Src/LIN.c.obj
                0x200004a7                LIN_Read_Flag
 .bss.LIN_Send_Flag
                0x200004a8        0x1 CMakeFiles/LIN_Drive_Box.elf.dir/Core/Src/LIN.c.obj
                0x200004a8                LIN_Send_Flag
 .bss.chip_Num  0x200004a9        0x1 CMakeFiles/LIN_Drive_Box.elf.dir/Core/Src/LIN.c.obj
                0x200004a9                chip_Num
 *fill*         0x200004aa        0x2 
 .bss.pLINRxBuff
                0x200004ac        0xc CMakeFiles/LIN_Drive_Box.elf.dir/Core/Src/LIN.c.obj
                0x200004ac                pLINRxBuff
 .bss.pLINTxBuff
                0x200004b8        0xa CMakeFiles/LIN_Drive_Box.elf.dir/Core/Src/LIN.c.obj
                0x200004b8                pLINTxBuff
 .bss.currentCycleCount
                0x200004c2        0x2 CMakeFiles/LIN_Drive_Box.elf.dir/Core/Src/key.c.obj
                0x200004c2                currentCycleCount
 .bss.currentStepSize
                0x200004c4        0x2 CMakeFiles/LIN_Drive_Box.elf.dir/Core/Src/key.c.obj
                0x200004c4                currentStepSize
 .bss.RevByte   0x200004c6        0x1 CMakeFiles/LIN_Drive_Box.elf.dir/Core/Src/main.c.obj
                0x200004c6                RevByte
 .bss.RxFlag    0x200004c7        0x1 CMakeFiles/LIN_Drive_Box.elf.dir/Core/Src/main.c.obj
                0x200004c7                RxFlag
 .bss.RxLength  0x200004c8        0x1 CMakeFiles/LIN_Drive_Box.elf.dir/Core/Src/main.c.obj
                0x200004c8                RxLength
 .bss.pRevByte  0x200004c9        0x1 CMakeFiles/LIN_Drive_Box.elf.dir/Core/Src/main.c.obj
                0x200004c9                pRevByte
 .bss.patternCycleNumber
                0x200004ca        0x1 CMakeFiles/LIN_Drive_Box.elf.dir/Core/Src/main.c.obj
                0x200004ca                patternCycleNumber
 .bss.powerOn   0x200004cb        0x1 CMakeFiles/LIN_Drive_Box.elf.dir/Core/Src/main.c.obj
                0x200004cb                powerOn
 .bss.timer     0x200004cc        0x1 CMakeFiles/LIN_Drive_Box.elf.dir/Core/Src/main.c.obj
                0x200004cc                timer
 *fill*         0x200004cd        0x3 
 .bss.htim6     0x200004d0       0x4c CMakeFiles/LIN_Drive_Box.elf.dir/Core/Src/tim.c.obj
                0x200004d0                htim6
 .bss.huart2    0x2000051c       0x94 CMakeFiles/LIN_Drive_Box.elf.dir/Core/Src/usart.c.obj
                0x2000051c                huart2
 .bss.uwTick    0x200005b0        0x4 CMakeFiles/LIN_Drive_Box.elf.dir/Drivers/STM32G0xx_HAL_Driver/Src/stm32g0xx_hal.c.obj
                0x200005b0                uwTick
 .bss.__lock___atexit_recursive_mutex
                0x200005b4        0x1 d:/stmicroelectronics/gcc-arm-none-eabi-10.3-2021.10/bin/../lib/gcc/arm-none-eabi/10.3.1/../../../../arm-none-eabi/lib/thumb/v6-m/nofp\libg.a(lib_a-lock.o)
                0x200005b4                __lock___atexit_recursive_mutex
 *(COMMON)
                0x200005b8                . = ALIGN (0x4)
 *fill*         0x200005b5        0x3 
                0x200005b8                _ebss = .
                0x200005b8                __bss_end__ = _ebss

._user_heap_stack
                0x200005b8      0x600 load address 0x08003c90
                0x200005b8                . = ALIGN (0x8)
                [!provide]                PROVIDE (end = .)
                0x200005b8                PROVIDE (_end = .)
                0x200007b8                . = (. + _Min_Heap_Size)
 *fill*         0x200005b8      0x200 
                0x20000bb8                . = (. + _Min_Stack_Size)
 *fill*         0x200007b8      0x400 
                0x20000bb8                . = ALIGN (0x8)

/DISCARD/
 libc.a(*)
 libm.a(*)
 libgcc.a(*)

.ARM.attributes
                0x00000000       0x28
 *(.ARM.attributes)
 .ARM.attributes
                0x00000000       0x1e d:/stmicroelectronics/gcc-arm-none-eabi-10.3-2021.10/bin/../lib/gcc/arm-none-eabi/10.3.1/thumb/v6-m/nofp/crti.o
 .ARM.attributes
                0x0000001e       0x2c d:/stmicroelectronics/gcc-arm-none-eabi-10.3-2021.10/bin/../lib/gcc/arm-none-eabi/10.3.1/thumb/v6-m/nofp/crtbegin.o
 .ARM.attributes
                0x0000004a       0x2c CMakeFiles/LIN_Drive_Box.elf.dir/Core/Src/12864.c.obj
 .ARM.attributes
                0x00000076       0x2c CMakeFiles/LIN_Drive_Box.elf.dir/Core/Src/LIN.c.obj
 .ARM.attributes
                0x000000a2       0x2c CMakeFiles/LIN_Drive_Box.elf.dir/Core/Src/gpio.c.obj
 .ARM.attributes
                0x000000ce       0x2c CMakeFiles/LIN_Drive_Box.elf.dir/Core/Src/key.c.obj
 .ARM.attributes
                0x000000fa       0x2c CMakeFiles/LIN_Drive_Box.elf.dir/Core/Src/main.c.obj
 .ARM.attributes
                0x00000126       0x2c CMakeFiles/LIN_Drive_Box.elf.dir/Core/Src/stm32g0xx_hal_msp.c.obj
 .ARM.attributes
                0x00000152       0x2c CMakeFiles/LIN_Drive_Box.elf.dir/Core/Src/stm32g0xx_it.c.obj
 .ARM.attributes
                0x0000017e       0x2c CMakeFiles/LIN_Drive_Box.elf.dir/Core/Src/system_stm32g0xx.c.obj
 .ARM.attributes
                0x000001aa       0x2c CMakeFiles/LIN_Drive_Box.elf.dir/Core/Src/tim.c.obj
 .ARM.attributes
                0x000001d6       0x2c CMakeFiles/LIN_Drive_Box.elf.dir/Core/Src/usart.c.obj
 .ARM.attributes
                0x00000202       0x22 CMakeFiles/LIN_Drive_Box.elf.dir/Core/Startup/startup_stm32g070rbtx.s.obj
 .ARM.attributes
                0x00000224       0x2c CMakeFiles/LIN_Drive_Box.elf.dir/Drivers/STM32G0xx_HAL_Driver/Src/stm32g0xx_hal.c.obj
 .ARM.attributes
                0x00000250       0x2c CMakeFiles/LIN_Drive_Box.elf.dir/Drivers/STM32G0xx_HAL_Driver/Src/stm32g0xx_hal_cortex.c.obj
 .ARM.attributes
                0x0000027c       0x2c CMakeFiles/LIN_Drive_Box.elf.dir/Drivers/STM32G0xx_HAL_Driver/Src/stm32g0xx_hal_dma.c.obj
 .ARM.attributes
                0x000002a8       0x2c CMakeFiles/LIN_Drive_Box.elf.dir/Drivers/STM32G0xx_HAL_Driver/Src/stm32g0xx_hal_gpio.c.obj
 .ARM.attributes
                0x000002d4       0x2c CMakeFiles/LIN_Drive_Box.elf.dir/Drivers/STM32G0xx_HAL_Driver/Src/stm32g0xx_hal_pwr_ex.c.obj
 .ARM.attributes
                0x00000300       0x2c CMakeFiles/LIN_Drive_Box.elf.dir/Drivers/STM32G0xx_HAL_Driver/Src/stm32g0xx_hal_rcc.c.obj
 .ARM.attributes
                0x0000032c       0x2c CMakeFiles/LIN_Drive_Box.elf.dir/Drivers/STM32G0xx_HAL_Driver/Src/stm32g0xx_hal_rcc_ex.c.obj
 .ARM.attributes
                0x00000358       0x2c CMakeFiles/LIN_Drive_Box.elf.dir/Drivers/STM32G0xx_HAL_Driver/Src/stm32g0xx_hal_tim.c.obj
 .ARM.attributes
                0x00000384       0x2c CMakeFiles/LIN_Drive_Box.elf.dir/Drivers/STM32G0xx_HAL_Driver/Src/stm32g0xx_hal_tim_ex.c.obj
 .ARM.attributes
                0x000003b0       0x2c CMakeFiles/LIN_Drive_Box.elf.dir/Drivers/STM32G0xx_HAL_Driver/Src/stm32g0xx_hal_uart.c.obj
 .ARM.attributes
                0x000003dc       0x2c CMakeFiles/LIN_Drive_Box.elf.dir/Drivers/STM32G0xx_HAL_Driver/Src/stm32g0xx_hal_uart_ex.c.obj
 .ARM.attributes
                0x00000408       0x1e d:/stmicroelectronics/gcc-arm-none-eabi-10.3-2021.10/bin/../lib/gcc/arm-none-eabi/10.3.1/thumb/v6-m/nofp\libgcc.a(_udivsi3.o)
 .ARM.attributes
                0x00000426       0x1e d:/stmicroelectronics/gcc-arm-none-eabi-10.3-2021.10/bin/../lib/gcc/arm-none-eabi/10.3.1/thumb/v6-m/nofp\libgcc.a(_divsi3.o)
 .ARM.attributes
                0x00000444       0x1e d:/stmicroelectronics/gcc-arm-none-eabi-10.3-2021.10/bin/../lib/gcc/arm-none-eabi/10.3.1/thumb/v6-m/nofp\libgcc.a(_dvmd_tls.o)
 .ARM.attributes
                0x00000462       0x2c d:/stmicroelectronics/gcc-arm-none-eabi-10.3-2021.10/bin/../lib/gcc/arm-none-eabi/10.3.1/../../../../arm-none-eabi/lib/thumb/v6-m/nofp\libg.a(lib_a-impure.o)
 .ARM.attributes
                0x0000048e       0x2c d:/stmicroelectronics/gcc-arm-none-eabi-10.3-2021.10/bin/../lib/gcc/arm-none-eabi/10.3.1/../../../../arm-none-eabi/lib/thumb/v6-m/nofp\libg.a(lib_a-init.o)
 .ARM.attributes
                0x000004ba       0x2c d:/stmicroelectronics/gcc-arm-none-eabi-10.3-2021.10/bin/../lib/gcc/arm-none-eabi/10.3.1/../../../../arm-none-eabi/lib/thumb/v6-m/nofp\libg.a(lib_a-memset.o)
 .ARM.attributes
                0x000004e6       0x2c d:/stmicroelectronics/gcc-arm-none-eabi-10.3-2021.10/bin/../lib/gcc/arm-none-eabi/10.3.1/../../../../arm-none-eabi/lib/thumb/v6-m/nofp\libg.a(lib_a-__call_atexit.o)
 .ARM.attributes
                0x00000512       0x2c d:/stmicroelectronics/gcc-arm-none-eabi-10.3-2021.10/bin/../lib/gcc/arm-none-eabi/10.3.1/../../../../arm-none-eabi/lib/thumb/v6-m/nofp\libg.a(lib_a-atexit.o)
 .ARM.attributes
                0x0000053e       0x2c d:/stmicroelectronics/gcc-arm-none-eabi-10.3-2021.10/bin/../lib/gcc/arm-none-eabi/10.3.1/../../../../arm-none-eabi/lib/thumb/v6-m/nofp\libg.a(lib_a-fini.o)
 .ARM.attributes
                0x0000056a       0x2c d:/stmicroelectronics/gcc-arm-none-eabi-10.3-2021.10/bin/../lib/gcc/arm-none-eabi/10.3.1/../../../../arm-none-eabi/lib/thumb/v6-m/nofp\libg.a(lib_a-lock.o)
 .ARM.attributes
                0x00000596       0x2c d:/stmicroelectronics/gcc-arm-none-eabi-10.3-2021.10/bin/../lib/gcc/arm-none-eabi/10.3.1/../../../../arm-none-eabi/lib/thumb/v6-m/nofp\libg.a(lib_a-__atexit.o)
 .ARM.attributes
                0x000005c2       0x1e d:/stmicroelectronics/gcc-arm-none-eabi-10.3-2021.10/bin/../lib/gcc/arm-none-eabi/10.3.1/thumb/v6-m/nofp/crtn.o
OUTPUT(LIN_Drive_Box.elf elf32-littlearm)
LOAD linker stubs
LOAD d:/stmicroelectronics/gcc-arm-none-eabi-10.3-2021.10/bin/../lib/gcc/arm-none-eabi/10.3.1/../../../../arm-none-eabi/lib/thumb/v6-m/nofp\libc.a
LOAD d:/stmicroelectronics/gcc-arm-none-eabi-10.3-2021.10/bin/../lib/gcc/arm-none-eabi/10.3.1/../../../../arm-none-eabi/lib/thumb/v6-m/nofp\libm.a
LOAD d:/stmicroelectronics/gcc-arm-none-eabi-10.3-2021.10/bin/../lib/gcc/arm-none-eabi/10.3.1/thumb/v6-m/nofp\libgcc.a

.debug_info     0x00000000    0x17c4b
 .debug_info    0x00000000      0xb7c CMakeFiles/LIN_Drive_Box.elf.dir/Core/Src/12864.c.obj
 .debug_info    0x00000b7c     0x1326 CMakeFiles/LIN_Drive_Box.elf.dir/Core/Src/LIN.c.obj
 .debug_info    0x00001ea2      0x583 CMakeFiles/LIN_Drive_Box.elf.dir/Core/Src/gpio.c.obj
 .debug_info    0x00002425      0x36d CMakeFiles/LIN_Drive_Box.elf.dir/Core/Src/key.c.obj
 .debug_info    0x00002792     0x14de CMakeFiles/LIN_Drive_Box.elf.dir/Core/Src/main.c.obj
 .debug_info    0x00003c70      0x2ba CMakeFiles/LIN_Drive_Box.elf.dir/Core/Src/stm32g0xx_hal_msp.c.obj
 .debug_info    0x00003f2a      0xc4d CMakeFiles/LIN_Drive_Box.elf.dir/Core/Src/stm32g0xx_it.c.obj
 .debug_info    0x00004b77      0x38d CMakeFiles/LIN_Drive_Box.elf.dir/Core/Src/system_stm32g0xx.c.obj
 .debug_info    0x00004f04      0xbe6 CMakeFiles/LIN_Drive_Box.elf.dir/Core/Src/tim.c.obj
 .debug_info    0x00005aea      0xe3e CMakeFiles/LIN_Drive_Box.elf.dir/Core/Src/usart.c.obj
 .debug_info    0x00006928       0x22 CMakeFiles/LIN_Drive_Box.elf.dir/Core/Startup/startup_stm32g070rbtx.s.obj
 .debug_info    0x0000694a      0x9c6 CMakeFiles/LIN_Drive_Box.elf.dir/Drivers/STM32G0xx_HAL_Driver/Src/stm32g0xx_hal.c.obj
 .debug_info    0x00007310      0xa4b CMakeFiles/LIN_Drive_Box.elf.dir/Drivers/STM32G0xx_HAL_Driver/Src/stm32g0xx_hal_cortex.c.obj
 .debug_info    0x00007d5b      0xa54 CMakeFiles/LIN_Drive_Box.elf.dir/Drivers/STM32G0xx_HAL_Driver/Src/stm32g0xx_hal_dma.c.obj
 .debug_info    0x000087af      0x62f CMakeFiles/LIN_Drive_Box.elf.dir/Drivers/STM32G0xx_HAL_Driver/Src/stm32g0xx_hal_gpio.c.obj
 .debug_info    0x00008dde      0x558 CMakeFiles/LIN_Drive_Box.elf.dir/Drivers/STM32G0xx_HAL_Driver/Src/stm32g0xx_hal_pwr_ex.c.obj
 .debug_info    0x00009336      0xd38 CMakeFiles/LIN_Drive_Box.elf.dir/Drivers/STM32G0xx_HAL_Driver/Src/stm32g0xx_hal_rcc.c.obj
 .debug_info    0x0000a06e      0x8f6 CMakeFiles/LIN_Drive_Box.elf.dir/Drivers/STM32G0xx_HAL_Driver/Src/stm32g0xx_hal_rcc_ex.c.obj
 .debug_info    0x0000a964     0x3fe4 CMakeFiles/LIN_Drive_Box.elf.dir/Drivers/STM32G0xx_HAL_Driver/Src/stm32g0xx_hal_tim.c.obj
 .debug_info    0x0000e948     0x1f49 CMakeFiles/LIN_Drive_Box.elf.dir/Drivers/STM32G0xx_HAL_Driver/Src/stm32g0xx_hal_tim_ex.c.obj
 .debug_info    0x00010891     0x6184 CMakeFiles/LIN_Drive_Box.elf.dir/Drivers/STM32G0xx_HAL_Driver/Src/stm32g0xx_hal_uart.c.obj
 .debug_info    0x00016a15     0x1236 CMakeFiles/LIN_Drive_Box.elf.dir/Drivers/STM32G0xx_HAL_Driver/Src/stm32g0xx_hal_uart_ex.c.obj

.debug_abbrev   0x00000000     0x2e0d
 .debug_abbrev  0x00000000      0x1e9 CMakeFiles/LIN_Drive_Box.elf.dir/Core/Src/12864.c.obj
 .debug_abbrev  0x000001e9      0x301 CMakeFiles/LIN_Drive_Box.elf.dir/Core/Src/LIN.c.obj
 .debug_abbrev  0x000004ea      0x177 CMakeFiles/LIN_Drive_Box.elf.dir/Core/Src/gpio.c.obj
 .debug_abbrev  0x00000661      0x16b CMakeFiles/LIN_Drive_Box.elf.dir/Core/Src/key.c.obj
 .debug_abbrev  0x000007cc      0x2ab CMakeFiles/LIN_Drive_Box.elf.dir/Core/Src/main.c.obj
 .debug_abbrev  0x00000a77      0x10c CMakeFiles/LIN_Drive_Box.elf.dir/Core/Src/stm32g0xx_hal_msp.c.obj
 .debug_abbrev  0x00000b83      0x1d9 CMakeFiles/LIN_Drive_Box.elf.dir/Core/Src/stm32g0xx_it.c.obj
 .debug_abbrev  0x00000d5c      0x142 CMakeFiles/LIN_Drive_Box.elf.dir/Core/Src/system_stm32g0xx.c.obj
 .debug_abbrev  0x00000e9e      0x218 CMakeFiles/LIN_Drive_Box.elf.dir/Core/Src/tim.c.obj
 .debug_abbrev  0x000010b6      0x205 CMakeFiles/LIN_Drive_Box.elf.dir/Core/Src/usart.c.obj
 .debug_abbrev  0x000012bb       0x12 CMakeFiles/LIN_Drive_Box.elf.dir/Core/Startup/startup_stm32g070rbtx.s.obj
 .debug_abbrev  0x000012cd      0x29c CMakeFiles/LIN_Drive_Box.elf.dir/Drivers/STM32G0xx_HAL_Driver/Src/stm32g0xx_hal.c.obj
 .debug_abbrev  0x00001569      0x2af CMakeFiles/LIN_Drive_Box.elf.dir/Drivers/STM32G0xx_HAL_Driver/Src/stm32g0xx_hal_cortex.c.obj
 .debug_abbrev  0x00001818      0x20a CMakeFiles/LIN_Drive_Box.elf.dir/Drivers/STM32G0xx_HAL_Driver/Src/stm32g0xx_hal_dma.c.obj
 .debug_abbrev  0x00001a22      0x1fd CMakeFiles/LIN_Drive_Box.elf.dir/Drivers/STM32G0xx_HAL_Driver/Src/stm32g0xx_hal_gpio.c.obj
 .debug_abbrev  0x00001c1f      0x1f8 CMakeFiles/LIN_Drive_Box.elf.dir/Drivers/STM32G0xx_HAL_Driver/Src/stm32g0xx_hal_pwr_ex.c.obj
 .debug_abbrev  0x00001e17      0x29a CMakeFiles/LIN_Drive_Box.elf.dir/Drivers/STM32G0xx_HAL_Driver/Src/stm32g0xx_hal_rcc.c.obj
 .debug_abbrev  0x000020b1      0x24e CMakeFiles/LIN_Drive_Box.elf.dir/Drivers/STM32G0xx_HAL_Driver/Src/stm32g0xx_hal_rcc_ex.c.obj
 .debug_abbrev  0x000022ff      0x254 CMakeFiles/LIN_Drive_Box.elf.dir/Drivers/STM32G0xx_HAL_Driver/Src/stm32g0xx_hal_tim.c.obj
 .debug_abbrev  0x00002553      0x26a CMakeFiles/LIN_Drive_Box.elf.dir/Drivers/STM32G0xx_HAL_Driver/Src/stm32g0xx_hal_tim_ex.c.obj
 .debug_abbrev  0x000027bd      0x33b CMakeFiles/LIN_Drive_Box.elf.dir/Drivers/STM32G0xx_HAL_Driver/Src/stm32g0xx_hal_uart.c.obj
 .debug_abbrev  0x00002af8      0x315 CMakeFiles/LIN_Drive_Box.elf.dir/Drivers/STM32G0xx_HAL_Driver/Src/stm32g0xx_hal_uart_ex.c.obj

.debug_loc      0x00000000    0x1051d
 .debug_loc     0x00000000      0x27f CMakeFiles/LIN_Drive_Box.elf.dir/Core/Src/12864.c.obj
 .debug_loc     0x0000027f      0x692 CMakeFiles/LIN_Drive_Box.elf.dir/Core/Src/LIN.c.obj
 .debug_loc     0x00000911      0x112 CMakeFiles/LIN_Drive_Box.elf.dir/Core/Src/key.c.obj
 .debug_loc     0x00000a23      0x14c CMakeFiles/LIN_Drive_Box.elf.dir/Core/Src/main.c.obj
 .debug_loc     0x00000b6f       0xa9 CMakeFiles/LIN_Drive_Box.elf.dir/Core/Src/system_stm32g0xx.c.obj
 .debug_loc     0x00000c18       0x84 CMakeFiles/LIN_Drive_Box.elf.dir/Core/Src/tim.c.obj
 .debug_loc     0x00000c9c       0x81 CMakeFiles/LIN_Drive_Box.elf.dir/Core/Src/usart.c.obj
 .debug_loc     0x00000d1d      0x1bd CMakeFiles/LIN_Drive_Box.elf.dir/Drivers/STM32G0xx_HAL_Driver/Src/stm32g0xx_hal.c.obj
 .debug_loc     0x00000eda      0x458 CMakeFiles/LIN_Drive_Box.elf.dir/Drivers/STM32G0xx_HAL_Driver/Src/stm32g0xx_hal_cortex.c.obj
 .debug_loc     0x00001332      0x93e CMakeFiles/LIN_Drive_Box.elf.dir/Drivers/STM32G0xx_HAL_Driver/Src/stm32g0xx_hal_dma.c.obj
 .debug_loc     0x00001c70      0x3a7 CMakeFiles/LIN_Drive_Box.elf.dir/Drivers/STM32G0xx_HAL_Driver/Src/stm32g0xx_hal_gpio.c.obj
 .debug_loc     0x00002017      0x2e0 CMakeFiles/LIN_Drive_Box.elf.dir/Drivers/STM32G0xx_HAL_Driver/Src/stm32g0xx_hal_pwr_ex.c.obj
 .debug_loc     0x000022f7      0x717 CMakeFiles/LIN_Drive_Box.elf.dir/Drivers/STM32G0xx_HAL_Driver/Src/stm32g0xx_hal_rcc.c.obj
 .debug_loc     0x00002a0e      0x7bd CMakeFiles/LIN_Drive_Box.elf.dir/Drivers/STM32G0xx_HAL_Driver/Src/stm32g0xx_hal_rcc_ex.c.obj
 .debug_loc     0x000031cb     0x587d CMakeFiles/LIN_Drive_Box.elf.dir/Drivers/STM32G0xx_HAL_Driver/Src/stm32g0xx_hal_tim.c.obj
 .debug_loc     0x00008a48     0x297c CMakeFiles/LIN_Drive_Box.elf.dir/Drivers/STM32G0xx_HAL_Driver/Src/stm32g0xx_hal_tim_ex.c.obj
 .debug_loc     0x0000b3c4     0x450a CMakeFiles/LIN_Drive_Box.elf.dir/Drivers/STM32G0xx_HAL_Driver/Src/stm32g0xx_hal_uart.c.obj
 .debug_loc     0x0000f8ce      0xc4f CMakeFiles/LIN_Drive_Box.elf.dir/Drivers/STM32G0xx_HAL_Driver/Src/stm32g0xx_hal_uart_ex.c.obj

.debug_aranges  0x00000000      0xee8
 .debug_aranges
                0x00000000       0x50 CMakeFiles/LIN_Drive_Box.elf.dir/Core/Src/12864.c.obj
 .debug_aranges
                0x00000050       0x70 CMakeFiles/LIN_Drive_Box.elf.dir/Core/Src/LIN.c.obj
 .debug_aranges
                0x000000c0       0x20 CMakeFiles/LIN_Drive_Box.elf.dir/Core/Src/gpio.c.obj
 .debug_aranges
                0x000000e0       0x30 CMakeFiles/LIN_Drive_Box.elf.dir/Core/Src/key.c.obj
 .debug_aranges
                0x00000110       0x68 CMakeFiles/LIN_Drive_Box.elf.dir/Core/Src/main.c.obj
 .debug_aranges
                0x00000178       0x20 CMakeFiles/LIN_Drive_Box.elf.dir/Core/Src/stm32g0xx_hal_msp.c.obj
 .debug_aranges
                0x00000198       0x50 CMakeFiles/LIN_Drive_Box.elf.dir/Core/Src/stm32g0xx_it.c.obj
 .debug_aranges
                0x000001e8       0x28 CMakeFiles/LIN_Drive_Box.elf.dir/Core/Src/system_stm32g0xx.c.obj
 .debug_aranges
                0x00000210       0x30 CMakeFiles/LIN_Drive_Box.elf.dir/Core/Src/tim.c.obj
 .debug_aranges
                0x00000240       0x30 CMakeFiles/LIN_Drive_Box.elf.dir/Core/Src/usart.c.obj
 .debug_aranges
                0x00000270       0x28 CMakeFiles/LIN_Drive_Box.elf.dir/Core/Startup/startup_stm32g070rbtx.s.obj
 .debug_aranges
                0x00000298       0xf8 CMakeFiles/LIN_Drive_Box.elf.dir/Drivers/STM32G0xx_HAL_Driver/Src/stm32g0xx_hal.c.obj
 .debug_aranges
                0x00000390       0x90 CMakeFiles/LIN_Drive_Box.elf.dir/Drivers/STM32G0xx_HAL_Driver/Src/stm32g0xx_hal_cortex.c.obj
 .debug_aranges
                0x00000420       0x90 CMakeFiles/LIN_Drive_Box.elf.dir/Drivers/STM32G0xx_HAL_Driver/Src/stm32g0xx_hal_dma.c.obj
 .debug_aranges
                0x000004b0       0x60 CMakeFiles/LIN_Drive_Box.elf.dir/Drivers/STM32G0xx_HAL_Driver/Src/stm32g0xx_hal_gpio.c.obj
 .debug_aranges
                0x00000510       0x98 CMakeFiles/LIN_Drive_Box.elf.dir/Drivers/STM32G0xx_HAL_Driver/Src/stm32g0xx_hal_pwr_ex.c.obj
 .debug_aranges
                0x000005a8       0x98 CMakeFiles/LIN_Drive_Box.elf.dir/Drivers/STM32G0xx_HAL_Driver/Src/stm32g0xx_hal_rcc.c.obj
 .debug_aranges
                0x00000640       0x40 CMakeFiles/LIN_Drive_Box.elf.dir/Drivers/STM32G0xx_HAL_Driver/Src/stm32g0xx_hal_rcc_ex.c.obj
 .debug_aranges
                0x00000680      0x3e0 CMakeFiles/LIN_Drive_Box.elf.dir/Drivers/STM32G0xx_HAL_Driver/Src/stm32g0xx_hal_tim.c.obj
 .debug_aranges
                0x00000a60      0x198 CMakeFiles/LIN_Drive_Box.elf.dir/Drivers/STM32G0xx_HAL_Driver/Src/stm32g0xx_hal_tim_ex.c.obj
 .debug_aranges
                0x00000bf8      0x248 CMakeFiles/LIN_Drive_Box.elf.dir/Drivers/STM32G0xx_HAL_Driver/Src/stm32g0xx_hal_uart.c.obj
 .debug_aranges
                0x00000e40       0xa8 CMakeFiles/LIN_Drive_Box.elf.dir/Drivers/STM32G0xx_HAL_Driver/Src/stm32g0xx_hal_uart_ex.c.obj

.debug_ranges   0x00000000      0xe58
 .debug_ranges  0x00000000       0x40 CMakeFiles/LIN_Drive_Box.elf.dir/Core/Src/12864.c.obj
 .debug_ranges  0x00000040       0x90 CMakeFiles/LIN_Drive_Box.elf.dir/Core/Src/LIN.c.obj
 .debug_ranges  0x000000d0       0x10 CMakeFiles/LIN_Drive_Box.elf.dir/Core/Src/gpio.c.obj
 .debug_ranges  0x000000e0       0x20 CMakeFiles/LIN_Drive_Box.elf.dir/Core/Src/key.c.obj
 .debug_ranges  0x00000100       0x58 CMakeFiles/LIN_Drive_Box.elf.dir/Core/Src/main.c.obj
 .debug_ranges  0x00000158       0x10 CMakeFiles/LIN_Drive_Box.elf.dir/Core/Src/stm32g0xx_hal_msp.c.obj
 .debug_ranges  0x00000168       0x40 CMakeFiles/LIN_Drive_Box.elf.dir/Core/Src/stm32g0xx_it.c.obj
 .debug_ranges  0x000001a8       0x18 CMakeFiles/LIN_Drive_Box.elf.dir/Core/Src/system_stm32g0xx.c.obj
 .debug_ranges  0x000001c0       0x20 CMakeFiles/LIN_Drive_Box.elf.dir/Core/Src/tim.c.obj
 .debug_ranges  0x000001e0       0x20 CMakeFiles/LIN_Drive_Box.elf.dir/Core/Src/usart.c.obj
 .debug_ranges  0x00000200       0x20 CMakeFiles/LIN_Drive_Box.elf.dir/Core/Startup/startup_stm32g070rbtx.s.obj
 .debug_ranges  0x00000220       0xe8 CMakeFiles/LIN_Drive_Box.elf.dir/Drivers/STM32G0xx_HAL_Driver/Src/stm32g0xx_hal.c.obj
 .debug_ranges  0x00000308       0xe0 CMakeFiles/LIN_Drive_Box.elf.dir/Drivers/STM32G0xx_HAL_Driver/Src/stm32g0xx_hal_cortex.c.obj
 .debug_ranges  0x000003e8       0x80 CMakeFiles/LIN_Drive_Box.elf.dir/Drivers/STM32G0xx_HAL_Driver/Src/stm32g0xx_hal_dma.c.obj
 .debug_ranges  0x00000468       0x50 CMakeFiles/LIN_Drive_Box.elf.dir/Drivers/STM32G0xx_HAL_Driver/Src/stm32g0xx_hal_gpio.c.obj
 .debug_ranges  0x000004b8       0x88 CMakeFiles/LIN_Drive_Box.elf.dir/Drivers/STM32G0xx_HAL_Driver/Src/stm32g0xx_hal_pwr_ex.c.obj
 .debug_ranges  0x00000540       0xa8 CMakeFiles/LIN_Drive_Box.elf.dir/Drivers/STM32G0xx_HAL_Driver/Src/stm32g0xx_hal_rcc.c.obj
 .debug_ranges  0x000005e8       0x48 CMakeFiles/LIN_Drive_Box.elf.dir/Drivers/STM32G0xx_HAL_Driver/Src/stm32g0xx_hal_rcc_ex.c.obj
 .debug_ranges  0x00000630      0x3d0 CMakeFiles/LIN_Drive_Box.elf.dir/Drivers/STM32G0xx_HAL_Driver/Src/stm32g0xx_hal_tim.c.obj
 .debug_ranges  0x00000a00      0x188 CMakeFiles/LIN_Drive_Box.elf.dir/Drivers/STM32G0xx_HAL_Driver/Src/stm32g0xx_hal_tim_ex.c.obj
 .debug_ranges  0x00000b88      0x238 CMakeFiles/LIN_Drive_Box.elf.dir/Drivers/STM32G0xx_HAL_Driver/Src/stm32g0xx_hal_uart.c.obj
 .debug_ranges  0x00000dc0       0x98 CMakeFiles/LIN_Drive_Box.elf.dir/Drivers/STM32G0xx_HAL_Driver/Src/stm32g0xx_hal_uart_ex.c.obj

.debug_line     0x00000000    0x12e4b
 .debug_line    0x00000000      0x4b2 CMakeFiles/LIN_Drive_Box.elf.dir/Core/Src/12864.c.obj
 .debug_line    0x000004b2      0x74f CMakeFiles/LIN_Drive_Box.elf.dir/Core/Src/LIN.c.obj
 .debug_line    0x00000c01      0x2f7 CMakeFiles/LIN_Drive_Box.elf.dir/Core/Src/gpio.c.obj
 .debug_line    0x00000ef8      0x35c CMakeFiles/LIN_Drive_Box.elf.dir/Core/Src/key.c.obj
 .debug_line    0x00001254      0x7c2 CMakeFiles/LIN_Drive_Box.elf.dir/Core/Src/main.c.obj
 .debug_line    0x00001a16      0x225 CMakeFiles/LIN_Drive_Box.elf.dir/Core/Src/stm32g0xx_hal_msp.c.obj
 .debug_line    0x00001c3b      0x352 CMakeFiles/LIN_Drive_Box.elf.dir/Core/Src/stm32g0xx_it.c.obj
 .debug_line    0x00001f8d      0x2fe CMakeFiles/LIN_Drive_Box.elf.dir/Core/Src/system_stm32g0xx.c.obj
 .debug_line    0x0000228b      0x386 CMakeFiles/LIN_Drive_Box.elf.dir/Core/Src/tim.c.obj
 .debug_line    0x00002611      0x44c CMakeFiles/LIN_Drive_Box.elf.dir/Core/Src/usart.c.obj
 .debug_line    0x00002a5d       0xaf CMakeFiles/LIN_Drive_Box.elf.dir/Core/Startup/startup_stm32g070rbtx.s.obj
 .debug_line    0x00002b0c      0x664 CMakeFiles/LIN_Drive_Box.elf.dir/Drivers/STM32G0xx_HAL_Driver/Src/stm32g0xx_hal.c.obj
 .debug_line    0x00003170      0x71c CMakeFiles/LIN_Drive_Box.elf.dir/Drivers/STM32G0xx_HAL_Driver/Src/stm32g0xx_hal_cortex.c.obj
 .debug_line    0x0000388c      0xb8b CMakeFiles/LIN_Drive_Box.elf.dir/Drivers/STM32G0xx_HAL_Driver/Src/stm32g0xx_hal_dma.c.obj
 .debug_line    0x00004417      0x71f CMakeFiles/LIN_Drive_Box.elf.dir/Drivers/STM32G0xx_HAL_Driver/Src/stm32g0xx_hal_gpio.c.obj
 .debug_line    0x00004b36      0x5dc CMakeFiles/LIN_Drive_Box.elf.dir/Drivers/STM32G0xx_HAL_Driver/Src/stm32g0xx_hal_pwr_ex.c.obj
 .debug_line    0x00005112      0xde7 CMakeFiles/LIN_Drive_Box.elf.dir/Drivers/STM32G0xx_HAL_Driver/Src/stm32g0xx_hal_rcc.c.obj
 .debug_line    0x00005ef9      0x858 CMakeFiles/LIN_Drive_Box.elf.dir/Drivers/STM32G0xx_HAL_Driver/Src/stm32g0xx_hal_rcc_ex.c.obj
 .debug_line    0x00006751     0x513f CMakeFiles/LIN_Drive_Box.elf.dir/Drivers/STM32G0xx_HAL_Driver/Src/stm32g0xx_hal_tim.c.obj
 .debug_line    0x0000b890     0x2009 CMakeFiles/LIN_Drive_Box.elf.dir/Drivers/STM32G0xx_HAL_Driver/Src/stm32g0xx_hal_tim_ex.c.obj
 .debug_line    0x0000d899     0x487a CMakeFiles/LIN_Drive_Box.elf.dir/Drivers/STM32G0xx_HAL_Driver/Src/stm32g0xx_hal_uart.c.obj
 .debug_line    0x00012113      0xd38 CMakeFiles/LIN_Drive_Box.elf.dir/Drivers/STM32G0xx_HAL_Driver/Src/stm32g0xx_hal_uart_ex.c.obj

.debug_str      0x00000000     0x512e
 .debug_str     0x00000000      0x32a CMakeFiles/LIN_Drive_Box.elf.dir/Core/Src/12864.c.obj
                                0x393 (size before relaxing)
 .debug_str     0x0000032a      0xe38 CMakeFiles/LIN_Drive_Box.elf.dir/Core/Src/LIN.c.obj
                               0x10c7 (size before relaxing)
 .debug_str     0x00001162      0x149 CMakeFiles/LIN_Drive_Box.elf.dir/Core/Src/gpio.c.obj
                                0x3a8 (size before relaxing)
 .debug_str     0x000012ab       0x92 CMakeFiles/LIN_Drive_Box.elf.dir/Core/Src/key.c.obj
                                0x2d7 (size before relaxing)
 .debug_str     0x0000133d      0x614 CMakeFiles/LIN_Drive_Box.elf.dir/Core/Src/main.c.obj
                                0xed4 (size before relaxing)
 .debug_str     0x00001951       0x73 CMakeFiles/LIN_Drive_Box.elf.dir/Core/Src/stm32g0xx_hal_msp.c.obj
                                0x300 (size before relaxing)
 .debug_str     0x000019c4       0xdf CMakeFiles/LIN_Drive_Box.elf.dir/Core/Src/stm32g0xx_it.c.obj
                                0xb2a (size before relaxing)
 .debug_str     0x00001aa3       0xb4 CMakeFiles/LIN_Drive_Box.elf.dir/Core/Src/system_stm32g0xx.c.obj
                                0x348 (size before relaxing)
 .debug_str     0x00001b57      0x2ee CMakeFiles/LIN_Drive_Box.elf.dir/Core/Src/tim.c.obj
                                0xbb9 (size before relaxing)
 .debug_str     0x00001e45      0x1a7 CMakeFiles/LIN_Drive_Box.elf.dir/Core/Src/usart.c.obj
                                0xc2e (size before relaxing)
 .debug_str     0x00001fec       0x5c CMakeFiles/LIN_Drive_Box.elf.dir/Core/Startup/startup_stm32g070rbtx.s.obj
                                 0x97 (size before relaxing)
 .debug_str     0x00002048      0x3b3 CMakeFiles/LIN_Drive_Box.elf.dir/Drivers/STM32G0xx_HAL_Driver/Src/stm32g0xx_hal.c.obj
                                0x8a2 (size before relaxing)
 .debug_str     0x000023fb      0x33c CMakeFiles/LIN_Drive_Box.elf.dir/Drivers/STM32G0xx_HAL_Driver/Src/stm32g0xx_hal_cortex.c.obj
                                0x781 (size before relaxing)
 .debug_str     0x00002737      0x2e0 CMakeFiles/LIN_Drive_Box.elf.dir/Drivers/STM32G0xx_HAL_Driver/Src/stm32g0xx_hal_dma.c.obj
                                0x7e2 (size before relaxing)
 .debug_str     0x00002a17      0x13f CMakeFiles/LIN_Drive_Box.elf.dir/Drivers/STM32G0xx_HAL_Driver/Src/stm32g0xx_hal_gpio.c.obj
                                0x45d (size before relaxing)
 .debug_str     0x00002b56      0x2c4 CMakeFiles/LIN_Drive_Box.elf.dir/Drivers/STM32G0xx_HAL_Driver/Src/stm32g0xx_hal_pwr_ex.c.obj
                                0x548 (size before relaxing)
 .debug_str     0x00002e1a      0x216 CMakeFiles/LIN_Drive_Box.elf.dir/Drivers/STM32G0xx_HAL_Driver/Src/stm32g0xx_hal_rcc.c.obj
                                0x7be (size before relaxing)
 .debug_str     0x00003030      0x13c CMakeFiles/LIN_Drive_Box.elf.dir/Drivers/STM32G0xx_HAL_Driver/Src/stm32g0xx_hal_rcc_ex.c.obj
                                0x62a (size before relaxing)
 .debug_str     0x0000316c      0xeb4 CMakeFiles/LIN_Drive_Box.elf.dir/Drivers/STM32G0xx_HAL_Driver/Src/stm32g0xx_hal_tim.c.obj
                               0x1817 (size before relaxing)
 .debug_str     0x00004020      0x68f CMakeFiles/LIN_Drive_Box.elf.dir/Drivers/STM32G0xx_HAL_Driver/Src/stm32g0xx_hal_tim_ex.c.obj
                               0x1198 (size before relaxing)
 .debug_str     0x000046af      0x80a CMakeFiles/LIN_Drive_Box.elf.dir/Drivers/STM32G0xx_HAL_Driver/Src/stm32g0xx_hal_uart.c.obj
                               0x11aa (size before relaxing)
 .debug_str     0x00004eb9      0x275 CMakeFiles/LIN_Drive_Box.elf.dir/Drivers/STM32G0xx_HAL_Driver/Src/stm32g0xx_hal_uart_ex.c.obj
                                0xba4 (size before relaxing)

.comment        0x00000000       0x49
 .comment       0x00000000       0x49 CMakeFiles/LIN_Drive_Box.elf.dir/Core/Src/12864.c.obj
                                 0x4a (size before relaxing)
 .comment       0x00000049       0x4a CMakeFiles/LIN_Drive_Box.elf.dir/Core/Src/LIN.c.obj
 .comment       0x00000049       0x4a CMakeFiles/LIN_Drive_Box.elf.dir/Core/Src/gpio.c.obj
 .comment       0x00000049       0x4a CMakeFiles/LIN_Drive_Box.elf.dir/Core/Src/key.c.obj
 .comment       0x00000049       0x4a CMakeFiles/LIN_Drive_Box.elf.dir/Core/Src/main.c.obj
 .comment       0x00000049       0x4a CMakeFiles/LIN_Drive_Box.elf.dir/Core/Src/stm32g0xx_hal_msp.c.obj
 .comment       0x00000049       0x4a CMakeFiles/LIN_Drive_Box.elf.dir/Core/Src/stm32g0xx_it.c.obj
 .comment       0x00000049       0x4a CMakeFiles/LIN_Drive_Box.elf.dir/Core/Src/system_stm32g0xx.c.obj
 .comment       0x00000049       0x4a CMakeFiles/LIN_Drive_Box.elf.dir/Core/Src/tim.c.obj
 .comment       0x00000049       0x4a CMakeFiles/LIN_Drive_Box.elf.dir/Core/Src/usart.c.obj
 .comment       0x00000049       0x4a CMakeFiles/LIN_Drive_Box.elf.dir/Drivers/STM32G0xx_HAL_Driver/Src/stm32g0xx_hal.c.obj
 .comment       0x00000049       0x4a CMakeFiles/LIN_Drive_Box.elf.dir/Drivers/STM32G0xx_HAL_Driver/Src/stm32g0xx_hal_cortex.c.obj
 .comment       0x00000049       0x4a CMakeFiles/LIN_Drive_Box.elf.dir/Drivers/STM32G0xx_HAL_Driver/Src/stm32g0xx_hal_dma.c.obj
 .comment       0x00000049       0x4a CMakeFiles/LIN_Drive_Box.elf.dir/Drivers/STM32G0xx_HAL_Driver/Src/stm32g0xx_hal_gpio.c.obj
 .comment       0x00000049       0x4a CMakeFiles/LIN_Drive_Box.elf.dir/Drivers/STM32G0xx_HAL_Driver/Src/stm32g0xx_hal_pwr_ex.c.obj
 .comment       0x00000049       0x4a CMakeFiles/LIN_Drive_Box.elf.dir/Drivers/STM32G0xx_HAL_Driver/Src/stm32g0xx_hal_rcc.c.obj
 .comment       0x00000049       0x4a CMakeFiles/LIN_Drive_Box.elf.dir/Drivers/STM32G0xx_HAL_Driver/Src/stm32g0xx_hal_rcc_ex.c.obj
 .comment       0x00000049       0x4a CMakeFiles/LIN_Drive_Box.elf.dir/Drivers/STM32G0xx_HAL_Driver/Src/stm32g0xx_hal_tim.c.obj
 .comment       0x00000049       0x4a CMakeFiles/LIN_Drive_Box.elf.dir/Drivers/STM32G0xx_HAL_Driver/Src/stm32g0xx_hal_tim_ex.c.obj
 .comment       0x00000049       0x4a CMakeFiles/LIN_Drive_Box.elf.dir/Drivers/STM32G0xx_HAL_Driver/Src/stm32g0xx_hal_uart.c.obj
 .comment       0x00000049       0x4a CMakeFiles/LIN_Drive_Box.elf.dir/Drivers/STM32G0xx_HAL_Driver/Src/stm32g0xx_hal_uart_ex.c.obj

.debug_frame    0x00000000     0x286c
 .debug_frame   0x00000000       0xdc CMakeFiles/LIN_Drive_Box.elf.dir/Core/Src/12864.c.obj
 .debug_frame   0x000000dc      0x120 CMakeFiles/LIN_Drive_Box.elf.dir/Core/Src/LIN.c.obj
 .debug_frame   0x000001fc       0x3c CMakeFiles/LIN_Drive_Box.elf.dir/Core/Src/gpio.c.obj
 .debug_frame   0x00000238       0x5c CMakeFiles/LIN_Drive_Box.elf.dir/Core/Src/key.c.obj
 .debug_frame   0x00000294       0xe0 CMakeFiles/LIN_Drive_Box.elf.dir/Core/Src/main.c.obj
 .debug_frame   0x00000374       0x28 CMakeFiles/LIN_Drive_Box.elf.dir/Core/Src/stm32g0xx_hal_msp.c.obj
 .debug_frame   0x0000039c       0x98 CMakeFiles/LIN_Drive_Box.elf.dir/Core/Src/stm32g0xx_it.c.obj
 .debug_frame   0x00000434       0x38 CMakeFiles/LIN_Drive_Box.elf.dir/Core/Src/system_stm32g0xx.c.obj
 .debug_frame   0x0000046c       0x58 CMakeFiles/LIN_Drive_Box.elf.dir/Core/Src/tim.c.obj
 .debug_frame   0x000004c4       0x5c CMakeFiles/LIN_Drive_Box.elf.dir/Core/Src/usart.c.obj
 .debug_frame   0x00000520      0x1fc CMakeFiles/LIN_Drive_Box.elf.dir/Drivers/STM32G0xx_HAL_Driver/Src/stm32g0xx_hal.c.obj
 .debug_frame   0x0000071c      0x114 CMakeFiles/LIN_Drive_Box.elf.dir/Drivers/STM32G0xx_HAL_Driver/Src/stm32g0xx_hal_cortex.c.obj
 .debug_frame   0x00000830      0x188 CMakeFiles/LIN_Drive_Box.elf.dir/Drivers/STM32G0xx_HAL_Driver/Src/stm32g0xx_hal_dma.c.obj
 .debug_frame   0x000009b8       0xd0 CMakeFiles/LIN_Drive_Box.elf.dir/Drivers/STM32G0xx_HAL_Driver/Src/stm32g0xx_hal_gpio.c.obj
 .debug_frame   0x00000a88      0x120 CMakeFiles/LIN_Drive_Box.elf.dir/Drivers/STM32G0xx_HAL_Driver/Src/stm32g0xx_hal_pwr_ex.c.obj
 .debug_frame   0x00000ba8      0x16c CMakeFiles/LIN_Drive_Box.elf.dir/Drivers/STM32G0xx_HAL_Driver/Src/stm32g0xx_hal_rcc.c.obj
 .debug_frame   0x00000d14       0x90 CMakeFiles/LIN_Drive_Box.elf.dir/Drivers/STM32G0xx_HAL_Driver/Src/stm32g0xx_hal_rcc_ex.c.obj
 .debug_frame   0x00000da4      0xb18 CMakeFiles/LIN_Drive_Box.elf.dir/Drivers/STM32G0xx_HAL_Driver/Src/stm32g0xx_hal_tim.c.obj
 .debug_frame   0x000018bc      0x4c0 CMakeFiles/LIN_Drive_Box.elf.dir/Drivers/STM32G0xx_HAL_Driver/Src/stm32g0xx_hal_tim_ex.c.obj
 .debug_frame   0x00001d7c      0x6e0 CMakeFiles/LIN_Drive_Box.elf.dir/Drivers/STM32G0xx_HAL_Driver/Src/stm32g0xx_hal_uart.c.obj
 .debug_frame   0x0000245c      0x1e0 CMakeFiles/LIN_Drive_Box.elf.dir/Drivers/STM32G0xx_HAL_Driver/Src/stm32g0xx_hal_uart_ex.c.obj
 .debug_frame   0x0000263c       0x20 d:/stmicroelectronics/gcc-arm-none-eabi-10.3-2021.10/bin/../lib/gcc/arm-none-eabi/10.3.1/thumb/v6-m/nofp\libgcc.a(_udivsi3.o)
 .debug_frame   0x0000265c       0x20 d:/stmicroelectronics/gcc-arm-none-eabi-10.3-2021.10/bin/../lib/gcc/arm-none-eabi/10.3.1/thumb/v6-m/nofp\libgcc.a(_divsi3.o)
 .debug_frame   0x0000267c       0x2c d:/stmicroelectronics/gcc-arm-none-eabi-10.3-2021.10/bin/../lib/gcc/arm-none-eabi/10.3.1/../../../../arm-none-eabi/lib/thumb/v6-m/nofp\libg.a(lib_a-init.o)
 .debug_frame   0x000026a8       0x30 d:/stmicroelectronics/gcc-arm-none-eabi-10.3-2021.10/bin/../lib/gcc/arm-none-eabi/10.3.1/../../../../arm-none-eabi/lib/thumb/v6-m/nofp\libg.a(lib_a-memset.o)
 .debug_frame   0x000026d8       0x54 d:/stmicroelectronics/gcc-arm-none-eabi-10.3-2021.10/bin/../lib/gcc/arm-none-eabi/10.3.1/../../../../arm-none-eabi/lib/thumb/v6-m/nofp\libg.a(lib_a-__call_atexit.o)
 .debug_frame   0x0000272c       0x28 d:/stmicroelectronics/gcc-arm-none-eabi-10.3-2021.10/bin/../lib/gcc/arm-none-eabi/10.3.1/../../../../arm-none-eabi/lib/thumb/v6-m/nofp\libg.a(lib_a-atexit.o)
 .debug_frame   0x00002754       0x2c d:/stmicroelectronics/gcc-arm-none-eabi-10.3-2021.10/bin/../lib/gcc/arm-none-eabi/10.3.1/../../../../arm-none-eabi/lib/thumb/v6-m/nofp\libg.a(lib_a-fini.o)
 .debug_frame   0x00002780       0xb0 d:/stmicroelectronics/gcc-arm-none-eabi-10.3-2021.10/bin/../lib/gcc/arm-none-eabi/10.3.1/../../../../arm-none-eabi/lib/thumb/v6-m/nofp\libg.a(lib_a-lock.o)
 .debug_frame   0x00002830       0x3c d:/stmicroelectronics/gcc-arm-none-eabi-10.3-2021.10/bin/../lib/gcc/arm-none-eabi/10.3.1/../../../../arm-none-eabi/lib/thumb/v6-m/nofp\libg.a(lib_a-__atexit.o)
