Archive member included to satisfy reference by file (symbol)

d:/stmicroelectronics/gcc-arm-none-eabi-10.3-2021.10/bin/../lib/gcc/arm-none-eabi/10.3.1/thumb/v6-m/nofp\libgcc.a(_udivsi3.o)
                              CMakeFiles/LIN_Drive_Box.elf.dir/Core/Src/12864.c.obj (__aeabi_uidiv)
d:/stmicroelectronics/gcc-arm-none-eabi-10.3-2021.10/bin/../lib/gcc/arm-none-eabi/10.3.1/thumb/v6-m/nofp\libgcc.a(_divsi3.o)
                              CMakeFiles/LIN_Drive_Box.elf.dir/Drivers/STM32G0xx_HAL_Driver/Src/stm32g0xx_hal_uart_ex.c.obj (__aeabi_idiv)
d:/stmicroelectronics/gcc-arm-none-eabi-10.3-2021.10/bin/../lib/gcc/arm-none-eabi/10.3.1/thumb/v6-m/nofp\libgcc.a(_dvmd_tls.o)
                              d:/stmicroelectronics/gcc-arm-none-eabi-10.3-2021.10/bin/../lib/gcc/arm-none-eabi/10.3.1/thumb/v6-m/nofp\libgcc.a(_udivsi3.o) (__aeabi_idiv0)
d:/stmicroelectronics/gcc-arm-none-eabi-10.3-2021.10/bin/../lib/gcc/arm-none-eabi/10.3.1/../../../../arm-none-eabi/lib/thumb/v6-m/nofp\libg.a(lib_a-errno.o)
                              CMakeFiles/LIN_Drive_Box.elf.dir/Core/Src/syscalls.c.obj (__errno)
d:/stmicroelectronics/gcc-arm-none-eabi-10.3-2021.10/bin/../lib/gcc/arm-none-eabi/10.3.1/../../../../arm-none-eabi/lib/thumb/v6-m/nofp\libg.a(lib_a-exit.o)
                              d:/stmicroelectronics/gcc-arm-none-eabi-10.3-2021.10/bin/../lib/gcc/arm-none-eabi/10.3.1/../../../../arm-none-eabi/lib/thumb/v6-m/nofp/crt0.o (exit)
d:/stmicroelectronics/gcc-arm-none-eabi-10.3-2021.10/bin/../lib/gcc/arm-none-eabi/10.3.1/../../../../arm-none-eabi/lib/thumb/v6-m/nofp\libg.a(lib_a-impure.o)
                              d:/stmicroelectronics/gcc-arm-none-eabi-10.3-2021.10/bin/../lib/gcc/arm-none-eabi/10.3.1/../../../../arm-none-eabi/lib/thumb/v6-m/nofp\libg.a(lib_a-exit.o) (_global_impure_ptr)
d:/stmicroelectronics/gcc-arm-none-eabi-10.3-2021.10/bin/../lib/gcc/arm-none-eabi/10.3.1/../../../../arm-none-eabi/lib/thumb/v6-m/nofp\libg.a(lib_a-init.o)
                              d:/stmicroelectronics/gcc-arm-none-eabi-10.3-2021.10/bin/../lib/gcc/arm-none-eabi/10.3.1/../../../../arm-none-eabi/lib/thumb/v6-m/nofp/crt0.o (__libc_init_array)
d:/stmicroelectronics/gcc-arm-none-eabi-10.3-2021.10/bin/../lib/gcc/arm-none-eabi/10.3.1/../../../../arm-none-eabi/lib/thumb/v6-m/nofp\libg.a(lib_a-memset.o)
                              d:/stmicroelectronics/gcc-arm-none-eabi-10.3-2021.10/bin/../lib/gcc/arm-none-eabi/10.3.1/../../../../arm-none-eabi/lib/thumb/v6-m/nofp/crt0.o (memset)
d:/stmicroelectronics/gcc-arm-none-eabi-10.3-2021.10/bin/../lib/gcc/arm-none-eabi/10.3.1/../../../../arm-none-eabi/lib/thumb/v6-m/nofp\libg.a(lib_a-__call_atexit.o)
                              d:/stmicroelectronics/gcc-arm-none-eabi-10.3-2021.10/bin/../lib/gcc/arm-none-eabi/10.3.1/../../../../arm-none-eabi/lib/thumb/v6-m/nofp\libg.a(lib_a-exit.o) (__call_exitprocs)
d:/stmicroelectronics/gcc-arm-none-eabi-10.3-2021.10/bin/../lib/gcc/arm-none-eabi/10.3.1/../../../../arm-none-eabi/lib/thumb/v6-m/nofp\libg.a(lib_a-atexit.o)
                              d:/stmicroelectronics/gcc-arm-none-eabi-10.3-2021.10/bin/../lib/gcc/arm-none-eabi/10.3.1/../../../../arm-none-eabi/lib/thumb/v6-m/nofp\libg.a(lib_a-__call_atexit.o) (atexit)
d:/stmicroelectronics/gcc-arm-none-eabi-10.3-2021.10/bin/../lib/gcc/arm-none-eabi/10.3.1/../../../../arm-none-eabi/lib/thumb/v6-m/nofp\libg.a(lib_a-fini.o)
                              d:/stmicroelectronics/gcc-arm-none-eabi-10.3-2021.10/bin/../lib/gcc/arm-none-eabi/10.3.1/../../../../arm-none-eabi/lib/thumb/v6-m/nofp\libg.a(lib_a-__call_atexit.o) (__libc_fini_array)
d:/stmicroelectronics/gcc-arm-none-eabi-10.3-2021.10/bin/../lib/gcc/arm-none-eabi/10.3.1/../../../../arm-none-eabi/lib/thumb/v6-m/nofp\libg.a(lib_a-lock.o)
                              d:/stmicroelectronics/gcc-arm-none-eabi-10.3-2021.10/bin/../lib/gcc/arm-none-eabi/10.3.1/../../../../arm-none-eabi/lib/thumb/v6-m/nofp\libg.a(lib_a-__call_atexit.o) (__retarget_lock_acquire_recursive)
d:/stmicroelectronics/gcc-arm-none-eabi-10.3-2021.10/bin/../lib/gcc/arm-none-eabi/10.3.1/../../../../arm-none-eabi/lib/thumb/v6-m/nofp\libg.a(lib_a-__atexit.o)
                              d:/stmicroelectronics/gcc-arm-none-eabi-10.3-2021.10/bin/../lib/gcc/arm-none-eabi/10.3.1/../../../../arm-none-eabi/lib/thumb/v6-m/nofp\libg.a(lib_a-atexit.o) (__register_exitproc)

Discarded input sections

 .text          0x00000000        0x0 d:/stmicroelectronics/gcc-arm-none-eabi-10.3-2021.10/bin/../lib/gcc/arm-none-eabi/10.3.1/thumb/v6-m/nofp/crti.o
 .data          0x00000000        0x0 d:/stmicroelectronics/gcc-arm-none-eabi-10.3-2021.10/bin/../lib/gcc/arm-none-eabi/10.3.1/thumb/v6-m/nofp/crti.o
 .bss           0x00000000        0x0 d:/stmicroelectronics/gcc-arm-none-eabi-10.3-2021.10/bin/../lib/gcc/arm-none-eabi/10.3.1/thumb/v6-m/nofp/crti.o
 .data          0x00000000        0x4 d:/stmicroelectronics/gcc-arm-none-eabi-10.3-2021.10/bin/../lib/gcc/arm-none-eabi/10.3.1/thumb/v6-m/nofp/crtbegin.o
[...]
Memory Configuration

Name             Origin             Length             Attributes
RAM              0x20000000         0x00009000         xrw
FLASH            0x08000000         0x00020000         xr
*default*        0x00000000         0xffffffff

Linker script and memory map

LOAD d:/stmicroelectronics/gcc-arm-none-eabi-10.3-2021.10/bin/../lib/gcc/arm-none-eabi/10.3.1/thumb/v6-m/nofp/crti.o
LOAD d:/stmicroelectronics/gcc-arm-none-eabi-10.3-2021.10/bin/../lib/gcc/arm-none-eabi/10.3.1/thumb/v6-m/nofp/crtbegin.o
LOAD d:/stmicroelectronics/gcc-arm-none-eabi-10.3-2021.10/bin/../lib/gcc/arm-none-eabi/10.3.1/../../../../arm-none-eabi/lib/thumb/v6-m/nofp/crt0.o
LOAD CMakeFiles/LIN_Drive_Box.elf.dir/Core/Src/12864.c.obj
LOAD CMakeFiles/LIN_Drive_Box.elf.dir/Core/Src/LIN.c.obj
LOAD CMakeFiles/LIN_Drive_Box.elf.dir/Core/Src/gpio.c.obj
LOAD CMakeFiles/LIN_Drive_Box.elf.dir/Core/Src/key.c.obj
LOAD CMakeFiles/LIN_Drive_Box.elf.dir/Core/Src/main.c.obj
LOAD CMakeFiles/LIN_Drive_Box.elf.dir/Core/Src/stm32g0xx_hal_msp.c.obj
LOAD CMakeFiles/LIN_Drive_Box.elf.dir/Core/Src/stm32g0xx_it.c.obj
LOAD CMakeFiles/LIN_Drive_Box.elf.dir/Core/Src/syscalls.c.obj
LOAD CMakeFiles/LIN_Drive_Box.elf.dir/Core/Src/sysmem.c.obj
LOAD CMakeFiles/LIN_Drive_Box.elf.dir/Core/Src/system_stm32g0xx.c.obj
LOAD CMakeFiles/LIN_Drive_Box.elf.dir/Core/Src/usart.c.obj
LOAD CMakeFiles/LIN_Drive_Box.elf.dir/Core/Startup/startup_stm32g070rbtx.s.obj
LOAD CMakeFiles/LIN_Drive_Box.elf.dir/Drivers/STM32G0xx_HAL_Driver/Src/stm32g0xx_hal.c.obj
LOAD CMakeFiles/LIN_Drive_Box.elf.dir/Drivers/STM32G0xx_HAL_Driver/Src/stm32g0xx_hal_cortex.c.obj
LOAD CMakeFiles/LIN_Drive_Box.elf.dir/Drivers/STM32G0xx_HAL_Driver/Src/stm32g0xx_hal_dma.c.obj
LOAD CMakeFiles/LIN_Drive_Box.elf.dir/Drivers/STM32G0xx_HAL_Driver/Src/stm32g0xx_hal_dma_ex.c.obj
LOAD CMakeFiles/LIN_Drive_Box.elf.dir/Drivers/STM32G0xx_HAL_Driver/Src/stm32g0xx_hal_exti.c.obj
LOAD CMakeFiles/LIN_Drive_Box.elf.dir/Drivers/STM32G0xx_HAL_Driver/Src/stm32g0xx_hal_flash.c.obj
LOAD CMakeFiles/LIN_Drive_Box.elf.dir/Drivers/STM32G0xx_HAL_Driver/Src/stm32g0xx_hal_flash_ex.c.obj
LOAD CMakeFiles/LIN_Drive_Box.elf.dir/Drivers/STM32G0xx_HAL_Driver/Src/stm32g0xx_hal_gpio.c.obj
LOAD CMakeFiles/LIN_Drive_Box.elf.dir/Drivers/STM32G0xx_HAL_Driver/Src/stm32g0xx_hal_pwr.c.obj
LOAD CMakeFiles/LIN_Drive_Box.elf.dir/Drivers/STM32G0xx_HAL_Driver/Src/stm32g0xx_hal_pwr_ex.c.obj
LOAD CMakeFiles/LIN_Drive_Box.elf.dir/Drivers/STM32G0xx_HAL_Driver/Src/stm32g0xx_hal_rcc.c.obj
LOAD CMakeFiles/LIN_Drive_Box.elf.dir/Drivers/STM32G0xx_HAL_Driver/Src/stm32g0xx_hal_rcc_ex.c.obj
LOAD CMakeFiles/LIN_Drive_Box.elf.dir/Drivers/STM32G0xx_HAL_Driver/Src/stm32g0xx_hal_tim.c.obj
LOAD CMakeFiles/LIN_Drive_Box.elf.dir/Drivers/STM32G0xx_HAL_Driver/Src/stm32g0xx_hal_tim_ex.c.obj
LOAD CMakeFiles/LIN_Drive_Box.elf.dir/Drivers/STM32G0xx_HAL_Driver/Src/stm32g0xx_hal_uart.c.obj
LOAD CMakeFiles/LIN_Drive_Box.elf.dir/Drivers/STM32G0xx_HAL_Driver/Src/stm32g0xx_hal_uart_ex.c.obj
LOAD CMakeFiles/LIN_Drive_Box.elf.dir/Drivers/STM32G0xx_HAL_Driver/Src/stm32g0xx_ll_dma.c.obj
LOAD CMakeFiles/LIN_Drive_Box.elf.dir/Drivers/STM32G0xx_HAL_Driver/Src/stm32g0xx_ll_rcc.c.obj
START GROUP
LOAD d:/stmicroelectronics/gcc-arm-none-eabi-10.3-2021.10/bin/../lib/gcc/arm-none-eabi/10.3.1/thumb/v6-m/nofp\libgcc.a
LOAD d:/stmicroelectronics/gcc-arm-none-eabi-10.3-2021.10/bin/../lib/gcc/arm-none-eabi/10.3.1/../../../../arm-none-eabi/lib/thumb/v6-m/nofp\libg.a
LOAD d:/stmicroelectronics/gcc-arm-none-eabi-10.3-2021.10/bin/../lib/gcc/arm-none-eabi/10.3.1/../../../../arm-none-eabi/lib/thumb/v6-m/nofp\libc.a
END GROUP
LOAD d:/stmicroelectronics/gcc-arm-none-eabi-10.3-2021.10/bin/../lib/gcc/arm-none-eabi/10.3.1/thumb/v6-m/nofp/crtend.o
LOAD d:/stmicroelectronics/gcc-arm-none-eabi-10.3-2021.10/bin/../lib/gcc/arm-none-eabi/10.3.1/thumb/v6-m/nofp/crtn.o
                0x20009000                _estack = (ORIGIN (RAM) + LENGTH (RAM))
                0x00000200                _Min_Heap_Size = 0x200
                0x00000400                _Min_Stack_Size = 0x400

.isr_vector     0x08000000       0xb8
                0x08000000                . = ALIGN (0x4)
 *(.isr_vector)
 .isr_vector    0x08000000       0xb8 CMakeFiles/LIN_Drive_Box.elf.dir/Core/Startup/startup_stm32g070rbtx.s.obj
                0x08000000                g_pfnVectors
                0x080000b8                . = ALIGN (0x4)

.text           0x080000b8     0x3180
                0x080000b8                . = ALIGN (0x4)
 *(.text)
 .text          0x080000b8       0x48 d:/stmicroelectronics/gcc-arm-none-eabi-10.3-2021.10/bin/../lib/gcc/arm-none-eabi/10.3.1/thumb/v6-m/nofp/crtbegin.o
 .text          0x08000100      0x114 d:/stmicroelectronics/gcc-arm-none-eabi-10.3-2021.10/bin/../lib/gcc/arm-none-eabi/10.3.1/thumb/v6-m/nofp\libgcc.a(_udivsi3.o)
                0x08000100                __aeabi_uidiv
                0x08000100                __udivsi3
                0x0800020c                __aeabi_uidivmod
 .text          0x08000214      0x1d4 d:/stmicroelectronics/gcc-arm-none-eabi-10.3-2021.10/bin/../lib/gcc/arm-none-eabi/10.3.1/thumb/v6-m/nofp\libgcc.a(_divsi3.o)
                0x08000214                __divsi3
                0x08000214                __aeabi_idiv
                0x080003e0                __aeabi_idivmod
 .text          0x080003e8        0x4 d:/stmicroelectronics/gcc-arm-none-eabi-10.3-2021.10/bin/../lib/gcc/arm-none-eabi/10.3.1/thumb/v6-m/nofp\libgcc.a(_dvmd_tls.o)
                0x080003e8                __aeabi_idiv0
                0x080003e8                __aeabi_ldiv0
 *(.text*)
 .text.PORT_Assignment
                0x080003ec      0x10c CMakeFiles/LIN_Drive_Box.elf.dir/Core/Src/12864.c.obj
                0x080003ec                PORT_Assignment
 .text.WRCommand_M68
                0x080004f8       0x58 CMakeFiles/LIN_Drive_Box.elf.dir/Core/Src/12864.c.obj
                0x080004f8                WRCommand_M68
 .text.WRData_M68
                0x08000550       0x58 CMakeFiles/LIN_Drive_Box.elf.dir/Core/Src/12864.c.obj
                0x08000550                WRData_M68
 .text.DisplayChineseCharacter
                0x080005a8       0x2a CMakeFiles/LIN_Drive_Box.elf.dir/Core/Src/12864.c.obj
                0x080005a8                DisplayChineseCharacter
 .text.DisplayCharacter
                0x080005d2       0x6a CMakeFiles/LIN_Drive_Box.elf.dir/Core/Src/12864.c.obj
                0x080005d2                DisplayCharacter
 .text.LCDInit  0x0800063c       0xac CMakeFiles/LIN_Drive_Box.elf.dir/Core/Src/12864.c.obj
                0x0800063c                LCDInit
 .text.LIN_Check_Sum
                0x080006e8       0x24 CMakeFiles/LIN_Drive_Box.elf.dir/Core/Src/LIN.c.obj
                0x080006e8                LIN_Check_Sum
 .text.LIN_Check_Sum_En
                0x0800070c       0x24 CMakeFiles/LIN_Drive_Box.elf.dir/Core/Src/LIN.c.obj
                0x0800070c                LIN_Check_Sum_En
 .text.LIN_Tx_PID_Data
                0x08000730       0x4c CMakeFiles/LIN_Drive_Box.elf.dir/Core/Src/LIN.c.obj
                0x08000730                LIN_Tx_PID_Data
 .text.LIN_Tx_PID
                0x0800077c       0x34 CMakeFiles/LIN_Drive_Box.elf.dir/Core/Src/LIN.c.obj
                0x0800077c                LIN_Tx_PID
 .text.Data_To_LIN
                0x080007b0       0x78 CMakeFiles/LIN_Drive_Box.elf.dir/Core/Src/LIN.c.obj
                0x080007b0                Data_To_LIN
 .text.Finished_LIN
                0x08000828       0x14 CMakeFiles/LIN_Drive_Box.elf.dir/Core/Src/LIN.c.obj
                0x08000828                Finished_LIN
 .text.Send_LIN_Data
                0x0800083c       0x84 CMakeFiles/LIN_Drive_Box.elf.dir/Core/Src/LIN.c.obj
                0x0800083c                Send_LIN_Data
 .text.EXV_Loop_Execution
                0x080008c0       0x50 CMakeFiles/LIN_Drive_Box.elf.dir/Core/Src/LIN.c.obj
                0x080008c0                EXV_Loop_Execution
 .text.Feedback_Signal
                0x08000910       0x40 CMakeFiles/LIN_Drive_Box.elf.dir/Core/Src/LIN.c.obj
                0x08000910                Feedback_Signal
 .text.CollectCompleteEXVNum
                0x08000950       0x7c CMakeFiles/LIN_Drive_Box.elf.dir/Core/Src/LIN.c.obj
                0x08000950                CollectCompleteEXVNum
 .text.LIN_Data_Process
                0x080009cc      0x15c CMakeFiles/LIN_Drive_Box.elf.dir/Core/Src/LIN.c.obj
                0x080009cc                LIN_Data_Process
 .text.MX_GPIO_Init
                0x08000b28      0x130 CMakeFiles/LIN_Drive_Box.elf.dir/Core/Src/gpio.c.obj
                0x08000b28                MX_GPIO_Init
 .text.General_Key_Scan
                0x08000c58       0x24 CMakeFiles/LIN_Drive_Box.elf.dir/Core/Src/key.c.obj
                0x08000c58                General_Key_Scan
 .text.Update_Data
                0x08000c7c       0xac CMakeFiles/LIN_Drive_Box.elf.dir/Core/Src/key.c.obj
                0x08000c7c                Update_Data
 .text.Operation_Key_Scan
                0x08000d28       0x30 CMakeFiles/LIN_Drive_Box.elf.dir/Core/Src/key.c.obj
                0x08000d28                Operation_Key_Scan
 .text.UART_IDLECallBack
                0x08000d58       0x3c CMakeFiles/LIN_Drive_Box.elf.dir/Core/Src/main.c.obj
                0x08000d58                UART_IDLECallBack
 .text.ms_Delay
                0x08000d94       0x14 CMakeFiles/LIN_Drive_Box.elf.dir/Core/Src/main.c.obj
                0x08000d94                ms_Delay
 .text.Error_Handler
                0x08000da8        0x4 CMakeFiles/LIN_Drive_Box.elf.dir/Core/Src/main.c.obj
                0x08000da8                Error_Handler
 .text.SystemClock_Config
                0x08000dac       0x60 CMakeFiles/LIN_Drive_Box.elf.dir/Core/Src/main.c.obj
                0x08000dac                SystemClock_Config
 .text.Util_Receive_IT
                0x08000e0c       0x24 CMakeFiles/LIN_Drive_Box.elf.dir/Core/Src/main.c.obj
                0x08000e0c                Util_Receive_IT
 .text.main     0x08000e30      0x13c CMakeFiles/LIN_Drive_Box.elf.dir/Core/Src/main.c.obj
                0x08000e30                main
 .text.HAL_UART_RxCpltCallback
                0x08000f6c       0x30 CMakeFiles/LIN_Drive_Box.elf.dir/Core/Src/main.c.obj
                0x08000f6c                HAL_UART_RxCpltCallback
 .text.HAL_UART_ErrorCallback
                0x08000f9c       0x30 CMakeFiles/LIN_Drive_Box.elf.dir/Core/Src/main.c.obj
                0x08000f9c                HAL_UART_ErrorCallback
 .text.HAL_MspInit
                0x08000fcc       0x38 CMakeFiles/LIN_Drive_Box.elf.dir/Core/Src/stm32g0xx_hal_msp.c.obj
                0x08000fcc                HAL_MspInit
 .text.NMI_Handler
                0x08001004        0x2 CMakeFiles/LIN_Drive_Box.elf.dir/Core/Src/stm32g0xx_it.c.obj
                0x08001004                NMI_Handler
 .text.HardFault_Handler
                0x08001006        0x2 CMakeFiles/LIN_Drive_Box.elf.dir/Core/Src/stm32g0xx_it.c.obj
                0x08001006                HardFault_Handler
 .text.SVC_Handler
                0x08001008        0x2 CMakeFiles/LIN_Drive_Box.elf.dir/Core/Src/stm32g0xx_it.c.obj
                0x08001008                SVC_Handler
 .text.PendSV_Handler
                0x0800100a        0x2 CMakeFiles/LIN_Drive_Box.elf.dir/Core/Src/stm32g0xx_it.c.obj
                0x0800100a                PendSV_Handler
 .text.SysTick_Handler
                0x0800100c        0x8 CMakeFiles/LIN_Drive_Box.elf.dir/Core/Src/stm32g0xx_it.c.obj
                0x0800100c                SysTick_Handler
 .text.USART2_IRQHandler
                0x08001014       0x18 CMakeFiles/LIN_Drive_Box.elf.dir/Core/Src/stm32g0xx_it.c.obj
                0x08001014                USART2_IRQHandler
 .text.SystemInit
                0x0800102c        0x2 CMakeFiles/LIN_Drive_Box.elf.dir/Core/Src/system_stm32g0xx.c.obj
                0x0800102c                SystemInit
 *fill*         0x0800102e        0x2 
 .text.MX_USART2_UART_Init
                0x08001030       0x74 CMakeFiles/LIN_Drive_Box.elf.dir/Core/Src/usart.c.obj
                0x08001030                MX_USART2_UART_Init
 .text.HAL_UART_MspInit
                0x080010a4       0x94 CMakeFiles/LIN_Drive_Box.elf.dir/Core/Src/usart.c.obj
                0x080010a4                HAL_UART_MspInit
 .text.Reset_Handler
                0x08001138       0x50 CMakeFiles/LIN_Drive_Box.elf.dir/Core/Startup/startup_stm32g070rbtx.s.obj
                0x08001138                Reset_Handler
 .text.Default_Handler
                0x08001188        0x2 CMakeFiles/LIN_Drive_Box.elf.dir/Core/Startup/startup_stm32g070rbtx.s.obj
                0x08001188                TIM1_CC_IRQHandler
                0x08001188                TIM6_IRQHandler
                0x08001188                I2C1_IRQHandler
                0x08001188                RTC_TAMP_IRQHandler
                0x08001188                SPI1_IRQHandler
                0x08001188                USART3_4_IRQHandler
                0x08001188                EXTI2_3_IRQHandler
                0x08001188                ADC1_IRQHandler
                0x08001188                I2C2_IRQHandler
                0x08001188                TIM17_IRQHandler
                0x08001188                TIM16_IRQHandler
                0x08001188                TIM3_IRQHandler
                0x08001188                EXTI4_15_IRQHandler
                0x08001188                RCC_IRQHandler
                0x08001188                DMA1_Channel1_IRQHandler
                0x08001188                Default_Handler
                0x08001188                TIM14_IRQHandler
                0x08001188                TIM7_IRQHandler
                0x08001188                TIM15_IRQHandler
                0x08001188                EXTI0_1_IRQHandler
                0x08001188                SPI2_IRQHandler
                0x08001188                WWDG_IRQHandler
                0x08001188                DMA1_Ch4_7_DMAMUX1_OVR_IRQHandler
                0x08001188                DMA1_Channel2_3_IRQHandler
                0x08001188                FLASH_IRQHandler
                0x08001188                USART1_IRQHandler
                0x08001188                TIM1_BRK_UP_TRG_COM_IRQHandler
 *fill*         0x0800118a        0x2 
 .text.HAL_InitTick
                0x0800118c       0x58 CMakeFiles/LIN_Drive_Box.elf.dir/Drivers/STM32G0xx_HAL_Driver/Src/stm32g0xx_hal.c.obj
                0x0800118c                HAL_InitTick
 .text.HAL_Init
                0x080011e4       0x28 CMakeFiles/LIN_Drive_Box.elf.dir/Drivers/STM32G0xx_HAL_Driver/Src/stm32g0xx_hal.c.obj
                0x080011e4                HAL_Init
 .text.HAL_IncTick
                0x0800120c       0x18 CMakeFiles/LIN_Drive_Box.elf.dir/Drivers/STM32G0xx_HAL_Driver/Src/stm32g0xx_hal.c.obj
                0x0800120c                HAL_IncTick
 .text.HAL_GetTick
                0x08001224        0xc CMakeFiles/LIN_Drive_Box.elf.dir/Drivers/STM32G0xx_HAL_Driver/Src/stm32g0xx_hal.c.obj
                0x08001224                HAL_GetTick
 .text.HAL_Delay
                0x08001230       0x24 CMakeFiles/LIN_Drive_Box.elf.dir/Drivers/STM32G0xx_HAL_Driver/Src/stm32g0xx_hal.c.obj
                0x08001230                HAL_Delay
 .text.HAL_SYSCFG_StrobeDBattpinsConfig
                0x08001254       0x18 CMakeFiles/LIN_Drive_Box.elf.dir/Drivers/STM32G0xx_HAL_Driver/Src/stm32g0xx_hal.c.obj
                0x08001254                HAL_SYSCFG_StrobeDBattpinsConfig
 .text.HAL_NVIC_SetPriority
                0x0800126c       0x60 CMakeFiles/LIN_Drive_Box.elf.dir/Drivers/STM32G0xx_HAL_Driver/Src/stm32g0xx_hal_cortex.c.obj
                0x0800126c                HAL_NVIC_SetPriority
 .text.HAL_NVIC_EnableIRQ
                0x080012cc       0x18 CMakeFiles/LIN_Drive_Box.elf.dir/Drivers/STM32G0xx_HAL_Driver/Src/stm32g0xx_hal_cortex.c.obj
                0x080012cc                HAL_NVIC_EnableIRQ
 .text.HAL_SYSTICK_Config
                0x080012e4       0x38 CMakeFiles/LIN_Drive_Box.elf.dir/Drivers/STM32G0xx_HAL_Driver/Src/stm32g0xx_hal_cortex.c.obj
                0x080012e4                HAL_SYSTICK_Config
 .text.HAL_DMA_Abort
                0x0800131c       0x80 CMakeFiles/LIN_Drive_Box.elf.dir/Drivers/STM32G0xx_HAL_Driver/Src/stm32g0xx_hal_dma.c.obj
                0x0800131c                HAL_DMA_Abort
 .text.HAL_DMA_Abort_IT
                0x0800139c       0x80 CMakeFiles/LIN_Drive_Box.elf.dir/Drivers/STM32G0xx_HAL_Driver/Src/stm32g0xx_hal_dma.c.obj
                0x0800139c                HAL_DMA_Abort_IT
 .text.HAL_GPIO_Init
                0x0800141c      0x178 CMakeFiles/LIN_Drive_Box.elf.dir/Drivers/STM32G0xx_HAL_Driver/Src/stm32g0xx_hal_gpio.c.obj
                0x0800141c                HAL_GPIO_Init
 .text.HAL_GPIO_ReadPin
                0x08001594        0xe CMakeFiles/LIN_Drive_Box.elf.dir/Drivers/STM32G0xx_HAL_Driver/Src/stm32g0xx_hal_gpio.c.obj
                0x08001594                HAL_GPIO_ReadPin
 .text.HAL_GPIO_WritePin
                0x080015a2        0xc CMakeFiles/LIN_Drive_Box.elf.dir/Drivers/STM32G0xx_HAL_Driver/Src/stm32g0xx_hal_gpio.c.obj
                0x080015a2                HAL_GPIO_WritePin
 *fill*         0x080015ae        0x2 
 .text.HAL_PWREx_ControlVoltageScaling
                0x080015b0       0x54 CMakeFiles/LIN_Drive_Box.elf.dir/Drivers/STM32G0xx_HAL_Driver/Src/stm32g0xx_hal_pwr_ex.c.obj
                0x080015b0                HAL_PWREx_ControlVoltageScaling
 .text.HAL_RCC_OscConfig
                0x08001604      0x4a4 CMakeFiles/LIN_Drive_Box.elf.dir/Drivers/STM32G0xx_HAL_Driver/Src/stm32g0xx_hal_rcc.c.obj
                0x08001604                HAL_RCC_OscConfig
 .text.HAL_RCC_GetSysClockFreq
                0x08001aa8       0xb8 CMakeFiles/LIN_Drive_Box.elf.dir/Drivers/STM32G0xx_HAL_Driver/Src/stm32g0xx_hal_rcc.c.obj
                0x08001aa8                HAL_RCC_GetSysClockFreq
 .text.HAL_RCC_ClockConfig
                0x08001b60      0x18c CMakeFiles/LIN_Drive_Box.elf.dir/Drivers/STM32G0xx_HAL_Driver/Src/stm32g0xx_hal_rcc.c.obj
                0x08001b60                HAL_RCC_ClockConfig
 .text.HAL_RCC_GetHCLKFreq
                0x08001cec        0xc CMakeFiles/LIN_Drive_Box.elf.dir/Drivers/STM32G0xx_HAL_Driver/Src/stm32g0xx_hal_rcc.c.obj
                0x08001cec                HAL_RCC_GetHCLKFreq
 .text.HAL_RCC_GetPCLK1Freq
                0x08001cf8       0x28 CMakeFiles/LIN_Drive_Box.elf.dir/Drivers/STM32G0xx_HAL_Driver/Src/stm32g0xx_hal_rcc.c.obj
                0x08001cf8                HAL_RCC_GetPCLK1Freq
 .text.HAL_RCCEx_PeriphCLKConfig
                0x08001d20      0x190 CMakeFiles/LIN_Drive_Box.elf.dir/Drivers/STM32G0xx_HAL_Driver/Src/stm32g0xx_hal_rcc_ex.c.obj
                0x08001d20                HAL_RCCEx_PeriphCLKConfig
 .text.UART_EndRxTransfer
                0x08001eb0       0x64 CMakeFiles/LIN_Drive_Box.elf.dir/Drivers/STM32G0xx_HAL_Driver/Src/stm32g0xx_hal_uart.c.obj
 .text.HAL_UART_TxCpltCallback
                0x08001f14        0x2 CMakeFiles/LIN_Drive_Box.elf.dir/Drivers/STM32G0xx_HAL_Driver/Src/stm32g0xx_hal_uart.c.obj
                0x08001f14                HAL_UART_TxCpltCallback
 .text.UART_EndTransmit_IT
                0x08001f16       0x2a CMakeFiles/LIN_Drive_Box.elf.dir/Drivers/STM32G0xx_HAL_Driver/Src/stm32g0xx_hal_uart.c.obj
 .text.UART_DMAAbortOnError
                0x08001f40       0x14 CMakeFiles/LIN_Drive_Box.elf.dir/Drivers/STM32G0xx_HAL_Driver/Src/stm32g0xx_hal_uart.c.obj
 .text.HAL_UARTEx_RxEventCallback
                0x08001f54        0x2 CMakeFiles/LIN_Drive_Box.elf.dir/Drivers/STM32G0xx_HAL_Driver/Src/stm32g0xx_hal_uart.c.obj
                0x08001f54                HAL_UARTEx_RxEventCallback
 *fill*         0x08001f56        0x2 
 .text.HAL_UART_IRQHandler
                0x08001f58      0x320 CMakeFiles/LIN_Drive_Box.elf.dir/Drivers/STM32G0xx_HAL_Driver/Src/stm32g0xx_hal_uart.c.obj
                0x08001f58                HAL_UART_IRQHandler
 .text.UART_RxISR_8BIT
                0x08002278       0xb8 CMakeFiles/LIN_Drive_Box.elf.dir/Drivers/STM32G0xx_HAL_Driver/Src/stm32g0xx_hal_uart.c.obj
 .text.UART_RxISR_16BIT
                0x08002330       0xb4 CMakeFiles/LIN_Drive_Box.elf.dir/Drivers/STM32G0xx_HAL_Driver/Src/stm32g0xx_hal_uart.c.obj
 .text.UART_RxISR_8BIT_FIFOEN
                0x080023e4      0x1ac CMakeFiles/LIN_Drive_Box.elf.dir/Drivers/STM32G0xx_HAL_Driver/Src/stm32g0xx_hal_uart.c.obj
 .text.UART_RxISR_16BIT_FIFOEN
                0x08002590      0x1b0 CMakeFiles/LIN_Drive_Box.elf.dir/Drivers/STM32G0xx_HAL_Driver/Src/stm32g0xx_hal_uart.c.obj
 .text.HAL_LIN_SendBreak
                0x08002740       0x30 CMakeFiles/LIN_Drive_Box.elf.dir/Drivers/STM32G0xx_HAL_Driver/Src/stm32g0xx_hal_uart.c.obj
                0x08002740                HAL_LIN_SendBreak
 .text.HAL_UART_GetError
                0x08002770        0x6 CMakeFiles/LIN_Drive_Box.elf.dir/Drivers/STM32G0xx_HAL_Driver/Src/stm32g0xx_hal_uart.c.obj
                0x08002770                HAL_UART_GetError
 *fill*         0x08002776        0x2 
 .text.UART_SetConfig
                0x08002778      0x1f0 CMakeFiles/LIN_Drive_Box.elf.dir/Drivers/STM32G0xx_HAL_Driver/Src/stm32g0xx_hal_uart.c.obj
                0x08002778                UART_SetConfig
 .text.UART_AdvFeatureConfig
                0x08002968       0xe0 CMakeFiles/LIN_Drive_Box.elf.dir/Drivers/STM32G0xx_HAL_Driver/Src/stm32g0xx_hal_uart.c.obj
                0x08002968                UART_AdvFeatureConfig
 .text.UART_WaitOnFlagUntilTimeout
                0x08002a48       0xe4 CMakeFiles/LIN_Drive_Box.elf.dir/Drivers/STM32G0xx_HAL_Driver/Src/stm32g0xx_hal_uart.c.obj
                0x08002a48                UART_WaitOnFlagUntilTimeout
 .text.HAL_UART_Transmit
                0x08002b2c       0xf0 CMakeFiles/LIN_Drive_Box.elf.dir/Drivers/STM32G0xx_HAL_Driver/Src/stm32g0xx_hal_uart.c.obj
                0x08002b2c                HAL_UART_Transmit
 .text.UART_CheckIdleState
                0x08002c1c       0x74 CMakeFiles/LIN_Drive_Box.elf.dir/Drivers/STM32G0xx_HAL_Driver/Src/stm32g0xx_hal_uart.c.obj
                0x08002c1c                UART_CheckIdleState
 .text.HAL_LIN_Init
                0x08002c90       0xa4 CMakeFiles/LIN_Drive_Box.elf.dir/Drivers/STM32G0xx_HAL_Driver/Src/stm32g0xx_hal_uart.c.obj
                0x08002c90                HAL_LIN_Init
 .text.UART_Start_Receive_IT
                0x08002d34      0x164 CMakeFiles/LIN_Drive_Box.elf.dir/Drivers/STM32G0xx_HAL_Driver/Src/stm32g0xx_hal_uart.c.obj
                0x08002d34                UART_Start_Receive_IT
 .text.HAL_UART_Receive_IT
                0x08002e98       0x62 CMakeFiles/LIN_Drive_Box.elf.dir/Drivers/STM32G0xx_HAL_Driver/Src/stm32g0xx_hal_uart.c.obj
                0x08002e98                HAL_UART_Receive_IT
 *fill*         0x08002efa        0x2 
 .text.UARTEx_SetNbDataToProcess
                0x08002efc       0x50 CMakeFiles/LIN_Drive_Box.elf.dir/Drivers/STM32G0xx_HAL_Driver/Src/stm32g0xx_hal_uart_ex.c.obj
 .text.HAL_UARTEx_WakeupCallback
                0x08002f4c        0x2 CMakeFiles/LIN_Drive_Box.elf.dir/Drivers/STM32G0xx_HAL_Driver/Src/stm32g0xx_hal_uart_ex.c.obj
                0x08002f4c                HAL_UARTEx_WakeupCallback
 .text.HAL_UARTEx_RxFifoFullCallback
                0x08002f4e        0x2 CMakeFiles/LIN_Drive_Box.elf.dir/Drivers/STM32G0xx_HAL_Driver/Src/stm32g0xx_hal_uart_ex.c.obj
                0x08002f4e                HAL_UARTEx_RxFifoFullCallback
 .text.HAL_UARTEx_TxFifoEmptyCallback
                0x08002f50        0x2 CMakeFiles/LIN_Drive_Box.elf.dir/Drivers/STM32G0xx_HAL_Driver/Src/stm32g0xx_hal_uart_ex.c.obj
                0x08002f50                HAL_UARTEx_TxFifoEmptyCallback
 *fill*         0x08002f52        0x2 
 .text.HAL_UARTEx_DisableFifoMode
                0x08002f54       0x40 CMakeFiles/LIN_Drive_Box.elf.dir/Drivers/STM32G0xx_HAL_Driver/Src/stm32g0xx_hal_uart_ex.c.obj
                0x08002f54                HAL_UARTEx_DisableFifoMode
 .text.HAL_UARTEx_SetTxFifoThreshold
                0x08002f94       0x4a CMakeFiles/LIN_Drive_Box.elf.dir/Drivers/STM32G0xx_HAL_Driver/Src/stm32g0xx_hal_uart_ex.c.obj
                0x08002f94                HAL_UARTEx_SetTxFifoThreshold
 *fill*         0x08002fde        0x2 
 .text.HAL_UARTEx_SetRxFifoThreshold
                0x08002fe0       0x50 CMakeFiles/LIN_Drive_Box.elf.dir/Drivers/STM32G0xx_HAL_Driver/Src/stm32g0xx_hal_uart_ex.c.obj
                0x08002fe0                HAL_UARTEx_SetRxFifoThreshold
 .text.__libc_init_array
                0x08003030       0x44 d:/stmicroelectronics/gcc-arm-none-eabi-10.3-2021.10/bin/../lib/gcc/arm-none-eabi/10.3.1/../../../../arm-none-eabi/lib/thumb/v6-m/nofp\libg.a(lib_a-init.o)
                0x08003030                __libc_init_array
 .text.memset   0x08003074       0xa8 d:/stmicroelectronics/gcc-arm-none-eabi-10.3-2021.10/bin/../lib/gcc/arm-none-eabi/10.3.1/../../../../arm-none-eabi/lib/thumb/v6-m/nofp\libg.a(lib_a-memset.o)
                0x08003074                memset
 .text.startup.register_fini
                0x0800311c       0x18 d:/stmicroelectronics/gcc-arm-none-eabi-10.3-2021.10/bin/../lib/gcc/arm-none-eabi/10.3.1/../../../../arm-none-eabi/lib/thumb/v6-m/nofp\libg.a(lib_a-__call_atexit.o)
 .text.atexit   0x08003134       0x10 d:/stmicroelectronics/gcc-arm-none-eabi-10.3-2021.10/bin/../lib/gcc/arm-none-eabi/10.3.1/../../../../arm-none-eabi/lib/thumb/v6-m/nofp\libg.a(lib_a-atexit.o)
                0x08003134                atexit
 .text.__libc_fini_array
                0x08003144       0x28 d:/stmicroelectronics/gcc-arm-none-eabi-10.3-2021.10/bin/../lib/gcc/arm-none-eabi/10.3.1/../../../../arm-none-eabi/lib/thumb/v6-m/nofp\libg.a(lib_a-fini.o)
                0x08003144                __libc_fini_array
 .text.__retarget_lock_acquire_recursive
                0x0800316c        0x4 d:/stmicroelectronics/gcc-arm-none-eabi-10.3-2021.10/bin/../lib/gcc/arm-none-eabi/10.3.1/../../../../arm-none-eabi/lib/thumb/v6-m/nofp\libg.a(lib_a-lock.o)
                0x0800316c                __retarget_lock_acquire_recursive
 .text.__retarget_lock_release_recursive
                0x08003170        0x4 d:/stmicroelectronics/gcc-arm-none-eabi-10.3-2021.10/bin/../lib/gcc/arm-none-eabi/10.3.1/../../../../arm-none-eabi/lib/thumb/v6-m/nofp\libg.a(lib_a-lock.o)
                0x08003170                __retarget_lock_release_recursive
 .text.__register_exitproc
                0x08003174       0xac d:/stmicroelectronics/gcc-arm-none-eabi-10.3-2021.10/bin/../lib/gcc/arm-none-eabi/10.3.1/../../../../arm-none-eabi/lib/thumb/v6-m/nofp\libg.a(lib_a-__atexit.o)
                0x08003174                __register_exitproc
 *(.glue_7)
 .glue_7        0x08003220        0x0 linker stubs
 *(.glue_7t)
 .glue_7t       0x08003220        0x0 linker stubs
 *(.eh_frame)
 .eh_frame      0x08003220        0x0 d:/stmicroelectronics/gcc-arm-none-eabi-10.3-2021.10/bin/../lib/gcc/arm-none-eabi/10.3.1/thumb/v6-m/nofp/crtbegin.o
 *(.init)
 .init          0x08003220        0x4 d:/stmicroelectronics/gcc-arm-none-eabi-10.3-2021.10/bin/../lib/gcc/arm-none-eabi/10.3.1/thumb/v6-m/nofp/crti.o
                0x08003220                _init
 .init          0x08003224        0x8 d:/stmicroelectronics/gcc-arm-none-eabi-10.3-2021.10/bin/../lib/gcc/arm-none-eabi/10.3.1/thumb/v6-m/nofp/crtn.o
 *(.fini)
 .fini          0x0800322c        0x4 d:/stmicroelectronics/gcc-arm-none-eabi-10.3-2021.10/bin/../lib/gcc/arm-none-eabi/10.3.1/thumb/v6-m/nofp/crti.o
                0x0800322c                _fini
 .fini          0x08003230        0x8 d:/stmicroelectronics/gcc-arm-none-eabi-10.3-2021.10/bin/../lib/gcc/arm-none-eabi/10.3.1/thumb/v6-m/nofp/crtn.o
                0x08003238                . = ALIGN (0x4)
                0x08003238                _etext = .

.vfp11_veneer   0x08003238        0x0
 .vfp11_veneer  0x08003238        0x0 linker stubs

.v4_bx          0x08003238        0x0
 .v4_bx         0x08003238        0x0 linker stubs

.iplt           0x08003238        0x0
 .iplt          0x08003238        0x0 d:/stmicroelectronics/gcc-arm-none-eabi-10.3-2021.10/bin/../lib/gcc/arm-none-eabi/10.3.1/thumb/v6-m/nofp/crtbegin.o

.rodata         0x08003238       0xb8
                0x08003238                . = ALIGN (0x4)
 *(.rodata)
 *(.rodata*)
 .rodata.EXV_Loop_Execution.str1.4
                0x08003238       0x11 CMakeFiles/LIN_Drive_Box.elf.dir/Core/Src/LIN.c.obj
 *fill*         0x08003249        0x3 
 .rodata.CollectCompleteEXVNum.str1.4
                0x0800324c       0x15 CMakeFiles/LIN_Drive_Box.elf.dir/Core/Src/LIN.c.obj
 .rodata.main.str1.4
                0x08003261       0x11 CMakeFiles/LIN_Drive_Box.elf.dir/Core/Src/main.c.obj
 *fill*         0x08003261        0x3 
 .rodata.AHBPrescTable
                0x08003264       0x40 CMakeFiles/LIN_Drive_Box.elf.dir/Core/Src/system_stm32g0xx.c.obj
                0x08003264                AHBPrescTable
 .rodata.APBPrescTable
                0x080032a4       0x20 CMakeFiles/LIN_Drive_Box.elf.dir/Core/Src/system_stm32g0xx.c.obj
                0x080032a4                APBPrescTable
 .rodata.UARTPrescTable
                0x080032c4       0x18 CMakeFiles/LIN_Drive_Box.elf.dir/Drivers/STM32G0xx_HAL_Driver/Src/stm32g0xx_hal_uart.c.obj
                0x080032c4                UARTPrescTable
 .rodata.denominator.0
                0x080032dc        0x8 CMakeFiles/LIN_Drive_Box.elf.dir/Drivers/STM32G0xx_HAL_Driver/Src/stm32g0xx_hal_uart_ex.c.obj
 .rodata.numerator.1
                0x080032e4        0x8 CMakeFiles/LIN_Drive_Box.elf.dir/Drivers/STM32G0xx_HAL_Driver/Src/stm32g0xx_hal_uart_ex.c.obj
 .rodata._global_impure_ptr
                0x080032ec        0x4 d:/stmicroelectronics/gcc-arm-none-eabi-10.3-2021.10/bin/../lib/gcc/arm-none-eabi/10.3.1/../../../../arm-none-eabi/lib/thumb/v6-m/nofp\libg.a(lib_a-impure.o)
                0x080032ec                _global_impure_ptr
                0x080032f0                . = ALIGN (0x4)

.rel.dyn        0x080032f0        0x0
 .rel.iplt      0x080032f0        0x0 d:/stmicroelectronics/gcc-arm-none-eabi-10.3-2021.10/bin/../lib/gcc/arm-none-eabi/10.3.1/thumb/v6-m/nofp/crtbegin.o

.ARM.extab      0x080032f0        0x0
                0x080032f0                . = ALIGN (0x4)
 *(.ARM.extab* .gnu.linkonce.armextab.*)
                0x080032f0                . = ALIGN (0x4)

.ARM            0x080032f0        0x0
                0x080032f0                . = ALIGN (0x4)
                0x080032f0                __exidx_start = .
 *(.ARM.exidx*)
                0x080032f0                __exidx_end = .
                0x080032f0                . = ALIGN (0x4)

.preinit_array  0x080032f0        0x0
                0x080032f0                . = ALIGN (0x4)
                0x080032f0                PROVIDE (__preinit_array_start = .)
 *(.preinit_array*)
                0x080032f0                PROVIDE (__preinit_array_end = .)
                0x080032f0                . = ALIGN (0x4)

.init_array     0x080032f0        0x8
                0x080032f0                . = ALIGN (0x4)
                0x080032f0                PROVIDE (__init_array_start = .)
 *(SORT_BY_NAME(.init_array.*))
 .init_array.00000
                0x080032f0        0x4 d:/stmicroelectronics/gcc-arm-none-eabi-10.3-2021.10/bin/../lib/gcc/arm-none-eabi/10.3.1/../../../../arm-none-eabi/lib/thumb/v6-m/nofp\libg.a(lib_a-__call_atexit.o)
 *(.init_array*)
 .init_array    0x080032f4        0x4 d:/stmicroelectronics/gcc-arm-none-eabi-10.3-2021.10/bin/../lib/gcc/arm-none-eabi/10.3.1/thumb/v6-m/nofp/crtbegin.o
                0x080032f8                PROVIDE (__init_array_end = .)
                0x080032f8                . = ALIGN (0x4)

.fini_array     0x080032f8        0x4
                0x080032f8                . = ALIGN (0x4)
                0x080032f8                PROVIDE (__fini_array_start = .)
 *(SORT_BY_NAME(.fini_array.*))
 *(.fini_array*)
 .fini_array    0x080032f8        0x4 d:/stmicroelectronics/gcc-arm-none-eabi-10.3-2021.10/bin/../lib/gcc/arm-none-eabi/10.3.1/thumb/v6-m/nofp/crtbegin.o
                0x080032fc                PROVIDE (__fini_array_end = .)
                0x080032fc                . = ALIGN (0x4)
                0x080032fc                _sidata = LOADADDR (.data)

.data           0x20000000      0x474 load address 0x080032fc
                0x20000000                . = ALIGN (0x4)
                0x20000000                _sdata = .
 *(.data)
 *(.data*)
 .data.Finished_EXV
                0x20000000        0xe CMakeFiles/LIN_Drive_Box.elf.dir/Core/Src/12864.c.obj
                0x20000000                Finished_EXV
 *fill*         0x2000000e        0x2 
 .data.cycle_init
                0x20000010        0xb CMakeFiles/LIN_Drive_Box.elf.dir/Core/Src/12864.c.obj
                0x20000010                cycle_init
 *fill*         0x2000001b        0x1 
 .data.step_init
                0x2000001c        0xb CMakeFiles/LIN_Drive_Box.elf.dir/Core/Src/12864.c.obj
                0x2000001c                step_init
 .data.EXV_Compare_Count
                0x20000027        0x1 CMakeFiles/LIN_Drive_Box.elf.dir/Core/Src/LIN.c.obj
                0x20000027                EXV_Compare_Count
 .data.SYNC_Frame
                0x20000028        0x1 CMakeFiles/LIN_Drive_Box.elf.dir/Core/Src/LIN.c.obj
                0x20000028                SYNC_Frame
 *fill*         0x20000029        0x3 
 .data.chip     0x2000002c        0xf CMakeFiles/LIN_Drive_Box.elf.dir/Core/Src/LIN.c.obj
                0x2000002c                chip
 *fill*         0x2000003b        0x1 
 .data.SystemCoreClock
                0x2000003c        0x4 CMakeFiles/LIN_Drive_Box.elf.dir/Core/Src/system_stm32g0xx.c.obj
                0x2000003c                SystemCoreClock
 .data.uwTickFreq
                0x20000040        0x1 CMakeFiles/LIN_Drive_Box.elf.dir/Drivers/STM32G0xx_HAL_Driver/Src/stm32g0xx_hal.c.obj
                0x20000040                uwTickFreq
 *fill*         0x20000041        0x3 
 .data.uwTickPrio
                0x20000044        0x4 CMakeFiles/LIN_Drive_Box.elf.dir/Drivers/STM32G0xx_HAL_Driver/Src/stm32g0xx_hal.c.obj
                0x20000044                uwTickPrio
 .data.impure_data
                0x20000048      0x428 d:/stmicroelectronics/gcc-arm-none-eabi-10.3-2021.10/bin/../lib/gcc/arm-none-eabi/10.3.1/../../../../arm-none-eabi/lib/thumb/v6-m/nofp\libg.a(lib_a-impure.o)
 .data.__atexit_recursive_mutex
                0x20000470        0x4 d:/stmicroelectronics/gcc-arm-none-eabi-10.3-2021.10/bin/../lib/gcc/arm-none-eabi/10.3.1/../../../../arm-none-eabi/lib/thumb/v6-m/nofp\libg.a(lib_a-__call_atexit.o)
                0x20000470                __atexit_recursive_mutex
 *(.RamFunc)
 *(.RamFunc*)
                0x20000474                . = ALIGN (0x4)
                0x20000474                _edata = .

.igot.plt       0x20000474        0x0 load address 0x08003770
 .igot.plt      0x20000474        0x0 d:/stmicroelectronics/gcc-arm-none-eabi-10.3-2021.10/bin/../lib/gcc/arm-none-eabi/10.3.1/thumb/v6-m/nofp/crtbegin.o
                0x20000474                . = ALIGN (0x4)

.bss            0x20000474       0xe4 load address 0x08003770
                0x20000474                _sbss = .
                0x20000474                __bss_start__ = _sbss
 *(.bss)
 .bss           0x20000474       0x1c d:/stmicroelectronics/gcc-arm-none-eabi-10.3-2021.10/bin/../lib/gcc/arm-none-eabi/10.3.1/thumb/v6-m/nofp/crtbegin.o
 *(.bss*)
 .bss.EXV_Finished_Count
                0x20000490        0x1 CMakeFiles/LIN_Drive_Box.elf.dir/Core/Src/LIN.c.obj
                0x20000490                EXV_Finished_Count
 *fill*         0x20000491        0x1 
 .bss.EXV_Test_Cycles
                0x20000492        0x2 CMakeFiles/LIN_Drive_Box.elf.dir/Core/Src/LIN.c.obj
                0x20000492                EXV_Test_Cycles
 .bss.EXV_Test_Step
                0x20000494        0x2 CMakeFiles/LIN_Drive_Box.elf.dir/Core/Src/LIN.c.obj
                0x20000494                EXV_Test_Step
 .bss.InfiniteLoop
                0x20000496        0x1 CMakeFiles/LIN_Drive_Box.elf.dir/Core/Src/LIN.c.obj
                0x20000496                InfiniteLoop
 .bss.LIN_Read_Flag
                0x20000497        0x1 CMakeFiles/LIN_Drive_Box.elf.dir/Core/Src/LIN.c.obj
                0x20000497                LIN_Read_Flag
 .bss.LIN_Send_Flag
                0x20000498        0x1 CMakeFiles/LIN_Drive_Box.elf.dir/Core/Src/LIN.c.obj
                0x20000498                LIN_Send_Flag
 .bss.chip_Num  0x20000499        0x1 CMakeFiles/LIN_Drive_Box.elf.dir/Core/Src/LIN.c.obj
                0x20000499                chip_Num
 *fill*         0x2000049a        0x2 
 .bss.pLINRxBuff
                0x2000049c        0xc CMakeFiles/LIN_Drive_Box.elf.dir/Core/Src/LIN.c.obj
                0x2000049c                pLINRxBuff
 .bss.pLINTxBuff
                0x200004a8        0xa CMakeFiles/LIN_Drive_Box.elf.dir/Core/Src/LIN.c.obj
                0x200004a8                pLINTxBuff
 .bss.currentCycleCount
                0x200004b2        0x2 CMakeFiles/LIN_Drive_Box.elf.dir/Core/Src/key.c.obj
                0x200004b2                currentCycleCount
 .bss.currentStepSize
                0x200004b4        0x2 CMakeFiles/LIN_Drive_Box.elf.dir/Core/Src/key.c.obj
                0x200004b4                currentStepSize
 .bss.RevByte   0x200004b6        0x1 CMakeFiles/LIN_Drive_Box.elf.dir/Core/Src/main.c.obj
                0x200004b6                RevByte
 .bss.RxFlag    0x200004b7        0x1 CMakeFiles/LIN_Drive_Box.elf.dir/Core/Src/main.c.obj
                0x200004b7                RxFlag
 .bss.RxLength  0x200004b8        0x1 CMakeFiles/LIN_Drive_Box.elf.dir/Core/Src/main.c.obj
                0x200004b8                RxLength
 .bss.pRevByte  0x200004b9        0x1 CMakeFiles/LIN_Drive_Box.elf.dir/Core/Src/main.c.obj
                0x200004b9                pRevByte
 *fill*         0x200004ba        0x2 
 .bss.huart2    0x200004bc       0x94 CMakeFiles/LIN_Drive_Box.elf.dir/Core/Src/usart.c.obj
                0x200004bc                huart2
 .bss.uwTick    0x20000550        0x4 CMakeFiles/LIN_Drive_Box.elf.dir/Drivers/STM32G0xx_HAL_Driver/Src/stm32g0xx_hal.c.obj
                0x20000550                uwTick
 .bss.__lock___atexit_recursive_mutex
                0x20000554        0x1 d:/stmicroelectronics/gcc-arm-none-eabi-10.3-2021.10/bin/../lib/gcc/arm-none-eabi/10.3.1/../../../../arm-none-eabi/lib/thumb/v6-m/nofp\libg.a(lib_a-lock.o)
                0x20000554                __lock___atexit_recursive_mutex
 *(COMMON)
                0x20000558                . = ALIGN (0x4)
 *fill*         0x20000555        0x3 
                0x20000558                _ebss = .
                0x20000558                __bss_end__ = _ebss

._user_heap_stack
                0x20000558      0x600 load address 0x08003770
                0x20000558                . = ALIGN (0x8)
                [!provide]                PROVIDE (end = .)
                0x20000558                PROVIDE (_end = .)
                0x20000758                . = (. + _Min_Heap_Size)
 *fill*         0x20000558      0x200 
                0x20000b58                . = (. + _Min_Stack_Size)
 *fill*         0x20000758      0x400 
                0x20000b58                . = ALIGN (0x8)

/DISCARD/
 libc.a(*)
 libm.a(*)
 libgcc.a(*)

.ARM.attributes
                0x00000000       0x28
 *(.ARM.attributes)
 .ARM.attributes
                0x00000000       0x1e d:/stmicroelectronics/gcc-arm-none-eabi-10.3-2021.10/bin/../lib/gcc/arm-none-eabi/10.3.1/thumb/v6-m/nofp/crti.o
 .ARM.attributes
                0x0000001e       0x2c d:/stmicroelectronics/gcc-arm-none-eabi-10.3-2021.10/bin/../lib/gcc/arm-none-eabi/10.3.1/thumb/v6-m/nofp/crtbegin.o
 .ARM.attributes
                0x0000004a       0x2c CMakeFiles/LIN_Drive_Box.elf.dir/Core/Src/12864.c.obj
 .ARM.attributes
                0x00000076       0x2c CMakeFiles/LIN_Drive_Box.elf.dir/Core/Src/LIN.c.obj
 .ARM.attributes
                0x000000a2       0x2c CMakeFiles/LIN_Drive_Box.elf.dir/Core/Src/gpio.c.obj
 .ARM.attributes
                0x000000ce       0x2c CMakeFiles/LIN_Drive_Box.elf.dir/Core/Src/key.c.obj
 .ARM.attributes
                0x000000fa       0x2c CMakeFiles/LIN_Drive_Box.elf.dir/Core/Src/main.c.obj
 .ARM.attributes
                0x00000126       0x2c CMakeFiles/LIN_Drive_Box.elf.dir/Core/Src/stm32g0xx_hal_msp.c.obj
 .ARM.attributes
                0x00000152       0x2c CMakeFiles/LIN_Drive_Box.elf.dir/Core/Src/stm32g0xx_it.c.obj
 .ARM.attributes
                0x0000017e       0x2c CMakeFiles/LIN_Drive_Box.elf.dir/Core/Src/system_stm32g0xx.c.obj
 .ARM.attributes
                0x000001aa       0x2c CMakeFiles/LIN_Drive_Box.elf.dir/Core/Src/usart.c.obj
 .ARM.attributes
                0x000001d6       0x22 CMakeFiles/LIN_Drive_Box.elf.dir/Core/Startup/startup_stm32g070rbtx.s.obj
 .ARM.attributes
                0x000001f8       0x2c CMakeFiles/LIN_Drive_Box.elf.dir/Drivers/STM32G0xx_HAL_Driver/Src/stm32g0xx_hal.c.obj
 .ARM.attributes
                0x00000224       0x2c CMakeFiles/LIN_Drive_Box.elf.dir/Drivers/STM32G0xx_HAL_Driver/Src/stm32g0xx_hal_cortex.c.obj
 .ARM.attributes
                0x00000250       0x2c CMakeFiles/LIN_Drive_Box.elf.dir/Drivers/STM32G0xx_HAL_Driver/Src/stm32g0xx_hal_dma.c.obj
 .ARM.attributes
                0x0000027c       0x2c CMakeFiles/LIN_Drive_Box.elf.dir/Drivers/STM32G0xx_HAL_Driver/Src/stm32g0xx_hal_gpio.c.obj
 .ARM.attributes
                0x000002a8       0x2c CMakeFiles/LIN_Drive_Box.elf.dir/Drivers/STM32G0xx_HAL_Driver/Src/stm32g0xx_hal_pwr_ex.c.obj
 .ARM.attributes
                0x000002d4       0x2c CMakeFiles/LIN_Drive_Box.elf.dir/Drivers/STM32G0xx_HAL_Driver/Src/stm32g0xx_hal_rcc.c.obj
 .ARM.attributes
                0x00000300       0x2c CMakeFiles/LIN_Drive_Box.elf.dir/Drivers/STM32G0xx_HAL_Driver/Src/stm32g0xx_hal_rcc_ex.c.obj
 .ARM.attributes
                0x0000032c       0x2c CMakeFiles/LIN_Drive_Box.elf.dir/Drivers/STM32G0xx_HAL_Driver/Src/stm32g0xx_hal_uart.c.obj
 .ARM.attributes
                0x00000358       0x2c CMakeFiles/LIN_Drive_Box.elf.dir/Drivers/STM32G0xx_HAL_Driver/Src/stm32g0xx_hal_uart_ex.c.obj
 .ARM.attributes
                0x00000384       0x1e d:/stmicroelectronics/gcc-arm-none-eabi-10.3-2021.10/bin/../lib/gcc/arm-none-eabi/10.3.1/thumb/v6-m/nofp\libgcc.a(_udivsi3.o)
 .ARM.attributes
                0x000003a2       0x1e d:/stmicroelectronics/gcc-arm-none-eabi-10.3-2021.10/bin/../lib/gcc/arm-none-eabi/10.3.1/thumb/v6-m/nofp\libgcc.a(_divsi3.o)
 .ARM.attributes
                0x000003c0       0x1e d:/stmicroelectronics/gcc-arm-none-eabi-10.3-2021.10/bin/../lib/gcc/arm-none-eabi/10.3.1/thumb/v6-m/nofp\libgcc.a(_dvmd_tls.o)
 .ARM.attributes
                0x000003de       0x2c d:/stmicroelectronics/gcc-arm-none-eabi-10.3-2021.10/bin/../lib/gcc/arm-none-eabi/10.3.1/../../../../arm-none-eabi/lib/thumb/v6-m/nofp\libg.a(lib_a-impure.o)
 .ARM.attributes
                0x0000040a       0x2c d:/stmicroelectronics/gcc-arm-none-eabi-10.3-2021.10/bin/../lib/gcc/arm-none-eabi/10.3.1/../../../../arm-none-eabi/lib/thumb/v6-m/nofp\libg.a(lib_a-init.o)
 .ARM.attributes
                0x00000436       0x2c d:/stmicroelectronics/gcc-arm-none-eabi-10.3-2021.10/bin/../lib/gcc/arm-none-eabi/10.3.1/../../../../arm-none-eabi/lib/thumb/v6-m/nofp\libg.a(lib_a-memset.o)
 .ARM.attributes
                0x00000462       0x2c d:/stmicroelectronics/gcc-arm-none-eabi-10.3-2021.10/bin/../lib/gcc/arm-none-eabi/10.3.1/../../../../arm-none-eabi/lib/thumb/v6-m/nofp\libg.a(lib_a-__call_atexit.o)
 .ARM.attributes
                0x0000048e       0x2c d:/stmicroelectronics/gcc-arm-none-eabi-10.3-2021.10/bin/../lib/gcc/arm-none-eabi/10.3.1/../../../../arm-none-eabi/lib/thumb/v6-m/nofp\libg.a(lib_a-atexit.o)
 .ARM.attributes
                0x000004ba       0x2c d:/stmicroelectronics/gcc-arm-none-eabi-10.3-2021.10/bin/../lib/gcc/arm-none-eabi/10.3.1/../../../../arm-none-eabi/lib/thumb/v6-m/nofp\libg.a(lib_a-fini.o)
 .ARM.attributes
                0x000004e6       0x2c d:/stmicroelectronics/gcc-arm-none-eabi-10.3-2021.10/bin/../lib/gcc/arm-none-eabi/10.3.1/../../../../arm-none-eabi/lib/thumb/v6-m/nofp\libg.a(lib_a-lock.o)
 .ARM.attributes
                0x00000512       0x2c d:/stmicroelectronics/gcc-arm-none-eabi-10.3-2021.10/bin/../lib/gcc/arm-none-eabi/10.3.1/../../../../arm-none-eabi/lib/thumb/v6-m/nofp\libg.a(lib_a-__atexit.o)
 .ARM.attributes
                0x0000053e       0x1e d:/stmicroelectronics/gcc-arm-none-eabi-10.3-2021.10/bin/../lib/gcc/arm-none-eabi/10.3.1/thumb/v6-m/nofp/crtn.o
OUTPUT(LIN_Drive_Box.elf elf32-littlearm)
LOAD linker stubs
LOAD d:/stmicroelectronics/gcc-arm-none-eabi-10.3-2021.10/bin/../lib/gcc/arm-none-eabi/10.3.1/../../../../arm-none-eabi/lib/thumb/v6-m/nofp\libc.a
LOAD d:/stmicroelectronics/gcc-arm-none-eabi-10.3-2021.10/bin/../lib/gcc/arm-none-eabi/10.3.1/../../../../arm-none-eabi/lib/thumb/v6-m/nofp\libm.a
LOAD d:/stmicroelectronics/gcc-arm-none-eabi-10.3-2021.10/bin/../lib/gcc/arm-none-eabi/10.3.1/thumb/v6-m/nofp\libgcc.a

.debug_info     0x00000000    0x10816
 .debug_info    0x00000000      0xae4 CMakeFiles/LIN_Drive_Box.elf.dir/Core/Src/12864.c.obj
 .debug_info    0x00000ae4     0x134b CMakeFiles/LIN_Drive_Box.elf.dir/Core/Src/LIN.c.obj
 .debug_info    0x00001e2f      0x583 CMakeFiles/LIN_Drive_Box.elf.dir/Core/Src/gpio.c.obj
 .debug_info    0x000023b2      0x3b3 CMakeFiles/LIN_Drive_Box.elf.dir/Core/Src/key.c.obj
 .debug_info    0x00002765      0xfdc CMakeFiles/LIN_Drive_Box.elf.dir/Core/Src/main.c.obj
 .debug_info    0x00003741      0x2ba CMakeFiles/LIN_Drive_Box.elf.dir/Core/Src/stm32g0xx_hal_msp.c.obj
 .debug_info    0x000039fb      0x85a CMakeFiles/LIN_Drive_Box.elf.dir/Core/Src/stm32g0xx_it.c.obj
 .debug_info    0x00004255      0x38d CMakeFiles/LIN_Drive_Box.elf.dir/Core/Src/system_stm32g0xx.c.obj
 .debug_info    0x000045e2      0xe3e CMakeFiles/LIN_Drive_Box.elf.dir/Core/Src/usart.c.obj
 .debug_info    0x00005420       0x22 CMakeFiles/LIN_Drive_Box.elf.dir/Core/Startup/startup_stm32g070rbtx.s.obj
 .debug_info    0x00005442      0x9c6 CMakeFiles/LIN_Drive_Box.elf.dir/Drivers/STM32G0xx_HAL_Driver/Src/stm32g0xx_hal.c.obj
 .debug_info    0x00005e08      0xa4b CMakeFiles/LIN_Drive_Box.elf.dir/Drivers/STM32G0xx_HAL_Driver/Src/stm32g0xx_hal_cortex.c.obj
 .debug_info    0x00006853      0xa54 CMakeFiles/LIN_Drive_Box.elf.dir/Drivers/STM32G0xx_HAL_Driver/Src/stm32g0xx_hal_dma.c.obj
 .debug_info    0x000072a7      0x62f CMakeFiles/LIN_Drive_Box.elf.dir/Drivers/STM32G0xx_HAL_Driver/Src/stm32g0xx_hal_gpio.c.obj
 .debug_info    0x000078d6      0x558 CMakeFiles/LIN_Drive_Box.elf.dir/Drivers/STM32G0xx_HAL_Driver/Src/stm32g0xx_hal_pwr_ex.c.obj
 .debug_info    0x00007e2e      0xd38 CMakeFiles/LIN_Drive_Box.elf.dir/Drivers/STM32G0xx_HAL_Driver/Src/stm32g0xx_hal_rcc.c.obj
 .debug_info    0x00008b66      0x8f6 CMakeFiles/LIN_Drive_Box.elf.dir/Drivers/STM32G0xx_HAL_Driver/Src/stm32g0xx_hal_rcc_ex.c.obj
 .debug_info    0x0000945c     0x6184 CMakeFiles/LIN_Drive_Box.elf.dir/Drivers/STM32G0xx_HAL_Driver/Src/stm32g0xx_hal_uart.c.obj
 .debug_info    0x0000f5e0     0x1236 CMakeFiles/LIN_Drive_Box.elf.dir/Drivers/STM32G0xx_HAL_Driver/Src/stm32g0xx_hal_uart_ex.c.obj

.debug_abbrev   0x00000000     0x26f1
 .debug_abbrev  0x00000000      0x1c7 CMakeFiles/LIN_Drive_Box.elf.dir/Core/Src/12864.c.obj
 .debug_abbrev  0x000001c7      0x301 CMakeFiles/LIN_Drive_Box.elf.dir/Core/Src/LIN.c.obj
 .debug_abbrev  0x000004c8      0x177 CMakeFiles/LIN_Drive_Box.elf.dir/Core/Src/gpio.c.obj
 .debug_abbrev  0x0000063f      0x16d CMakeFiles/LIN_Drive_Box.elf.dir/Core/Src/key.c.obj
 .debug_abbrev  0x000007ac      0x298 CMakeFiles/LIN_Drive_Box.elf.dir/Core/Src/main.c.obj
 .debug_abbrev  0x00000a44      0x10c CMakeFiles/LIN_Drive_Box.elf.dir/Core/Src/stm32g0xx_hal_msp.c.obj
 .debug_abbrev  0x00000b50      0x1c6 CMakeFiles/LIN_Drive_Box.elf.dir/Core/Src/stm32g0xx_it.c.obj
 .debug_abbrev  0x00000d16      0x142 CMakeFiles/LIN_Drive_Box.elf.dir/Core/Src/system_stm32g0xx.c.obj
 .debug_abbrev  0x00000e58      0x205 CMakeFiles/LIN_Drive_Box.elf.dir/Core/Src/usart.c.obj
 .debug_abbrev  0x0000105d       0x12 CMakeFiles/LIN_Drive_Box.elf.dir/Core/Startup/startup_stm32g070rbtx.s.obj
 .debug_abbrev  0x0000106f      0x29c CMakeFiles/LIN_Drive_Box.elf.dir/Drivers/STM32G0xx_HAL_Driver/Src/stm32g0xx_hal.c.obj
 .debug_abbrev  0x0000130b      0x2af CMakeFiles/LIN_Drive_Box.elf.dir/Drivers/STM32G0xx_HAL_Driver/Src/stm32g0xx_hal_cortex.c.obj
 .debug_abbrev  0x000015ba      0x20a CMakeFiles/LIN_Drive_Box.elf.dir/Drivers/STM32G0xx_HAL_Driver/Src/stm32g0xx_hal_dma.c.obj
 .debug_abbrev  0x000017c4      0x1fd CMakeFiles/LIN_Drive_Box.elf.dir/Drivers/STM32G0xx_HAL_Driver/Src/stm32g0xx_hal_gpio.c.obj
 .debug_abbrev  0x000019c1      0x1f8 CMakeFiles/LIN_Drive_Box.elf.dir/Drivers/STM32G0xx_HAL_Driver/Src/stm32g0xx_hal_pwr_ex.c.obj
 .debug_abbrev  0x00001bb9      0x29a CMakeFiles/LIN_Drive_Box.elf.dir/Drivers/STM32G0xx_HAL_Driver/Src/stm32g0xx_hal_rcc.c.obj
 .debug_abbrev  0x00001e53      0x24e CMakeFiles/LIN_Drive_Box.elf.dir/Drivers/STM32G0xx_HAL_Driver/Src/stm32g0xx_hal_rcc_ex.c.obj
 .debug_abbrev  0x000020a1      0x33b CMakeFiles/LIN_Drive_Box.elf.dir/Drivers/STM32G0xx_HAL_Driver/Src/stm32g0xx_hal_uart.c.obj
 .debug_abbrev  0x000023dc      0x315 CMakeFiles/LIN_Drive_Box.elf.dir/Drivers/STM32G0xx_HAL_Driver/Src/stm32g0xx_hal_uart_ex.c.obj

.debug_loc      0x00000000     0x82f6
 .debug_loc     0x00000000      0x263 CMakeFiles/LIN_Drive_Box.elf.dir/Core/Src/12864.c.obj
 .debug_loc     0x00000263      0x6a5 CMakeFiles/LIN_Drive_Box.elf.dir/Core/Src/LIN.c.obj
 .debug_loc     0x00000908      0x1d0 CMakeFiles/LIN_Drive_Box.elf.dir/Core/Src/key.c.obj
 .debug_loc     0x00000ad8       0xed CMakeFiles/LIN_Drive_Box.elf.dir/Core/Src/main.c.obj
 .debug_loc     0x00000bc5       0xa9 CMakeFiles/LIN_Drive_Box.elf.dir/Core/Src/system_stm32g0xx.c.obj
 .debug_loc     0x00000c6e       0x81 CMakeFiles/LIN_Drive_Box.elf.dir/Core/Src/usart.c.obj
 .debug_loc     0x00000cef      0x1bd CMakeFiles/LIN_Drive_Box.elf.dir/Drivers/STM32G0xx_HAL_Driver/Src/stm32g0xx_hal.c.obj
 .debug_loc     0x00000eac      0x458 CMakeFiles/LIN_Drive_Box.elf.dir/Drivers/STM32G0xx_HAL_Driver/Src/stm32g0xx_hal_cortex.c.obj
 .debug_loc     0x00001304      0x93e CMakeFiles/LIN_Drive_Box.elf.dir/Drivers/STM32G0xx_HAL_Driver/Src/stm32g0xx_hal_dma.c.obj
 .debug_loc     0x00001c42      0x3a7 CMakeFiles/LIN_Drive_Box.elf.dir/Drivers/STM32G0xx_HAL_Driver/Src/stm32g0xx_hal_gpio.c.obj
 .debug_loc     0x00001fe9      0x2e0 CMakeFiles/LIN_Drive_Box.elf.dir/Drivers/STM32G0xx_HAL_Driver/Src/stm32g0xx_hal_pwr_ex.c.obj
 .debug_loc     0x000022c9      0x717 CMakeFiles/LIN_Drive_Box.elf.dir/Drivers/STM32G0xx_HAL_Driver/Src/stm32g0xx_hal_rcc.c.obj
 .debug_loc     0x000029e0      0x7bd CMakeFiles/LIN_Drive_Box.elf.dir/Drivers/STM32G0xx_HAL_Driver/Src/stm32g0xx_hal_rcc_ex.c.obj
 .debug_loc     0x0000319d     0x450a CMakeFiles/LIN_Drive_Box.elf.dir/Drivers/STM32G0xx_HAL_Driver/Src/stm32g0xx_hal_uart.c.obj
 .debug_loc     0x000076a7      0xc4f CMakeFiles/LIN_Drive_Box.elf.dir/Drivers/STM32G0xx_HAL_Driver/Src/stm32g0xx_hal_uart_ex.c.obj

.debug_aranges  0x00000000      0x928
 .debug_aranges
                0x00000000       0x50 CMakeFiles/LIN_Drive_Box.elf.dir/Core/Src/12864.c.obj
 .debug_aranges
                0x00000050       0x70 CMakeFiles/LIN_Drive_Box.elf.dir/Core/Src/LIN.c.obj
 .debug_aranges
                0x000000c0       0x20 CMakeFiles/LIN_Drive_Box.elf.dir/Core/Src/gpio.c.obj
 .debug_aranges
                0x000000e0       0x30 CMakeFiles/LIN_Drive_Box.elf.dir/Core/Src/key.c.obj
 .debug_aranges
                0x00000110       0x58 CMakeFiles/LIN_Drive_Box.elf.dir/Core/Src/main.c.obj
 .debug_aranges
                0x00000168       0x20 CMakeFiles/LIN_Drive_Box.elf.dir/Core/Src/stm32g0xx_hal_msp.c.obj
 .debug_aranges
                0x00000188       0x48 CMakeFiles/LIN_Drive_Box.elf.dir/Core/Src/stm32g0xx_it.c.obj
 .debug_aranges
                0x000001d0       0x28 CMakeFiles/LIN_Drive_Box.elf.dir/Core/Src/system_stm32g0xx.c.obj
 .debug_aranges
                0x000001f8       0x30 CMakeFiles/LIN_Drive_Box.elf.dir/Core/Src/usart.c.obj
 .debug_aranges
                0x00000228       0x28 CMakeFiles/LIN_Drive_Box.elf.dir/Core/Startup/startup_stm32g070rbtx.s.obj
 .debug_aranges
                0x00000250       0xf8 CMakeFiles/LIN_Drive_Box.elf.dir/Drivers/STM32G0xx_HAL_Driver/Src/stm32g0xx_hal.c.obj
 .debug_aranges
                0x00000348       0x90 CMakeFiles/LIN_Drive_Box.elf.dir/Drivers/STM32G0xx_HAL_Driver/Src/stm32g0xx_hal_cortex.c.obj
 .debug_aranges
                0x000003d8       0x90 CMakeFiles/LIN_Drive_Box.elf.dir/Drivers/STM32G0xx_HAL_Driver/Src/stm32g0xx_hal_dma.c.obj
 .debug_aranges
                0x00000468       0x60 CMakeFiles/LIN_Drive_Box.elf.dir/Drivers/STM32G0xx_HAL_Driver/Src/stm32g0xx_hal_gpio.c.obj
 .debug_aranges
                0x000004c8       0x98 CMakeFiles/LIN_Drive_Box.elf.dir/Drivers/STM32G0xx_HAL_Driver/Src/stm32g0xx_hal_pwr_ex.c.obj
 .debug_aranges
                0x00000560       0x98 CMakeFiles/LIN_Drive_Box.elf.dir/Drivers/STM32G0xx_HAL_Driver/Src/stm32g0xx_hal_rcc.c.obj
 .debug_aranges
                0x000005f8       0x40 CMakeFiles/LIN_Drive_Box.elf.dir/Drivers/STM32G0xx_HAL_Driver/Src/stm32g0xx_hal_rcc_ex.c.obj
 .debug_aranges
                0x00000638      0x248 CMakeFiles/LIN_Drive_Box.elf.dir/Drivers/STM32G0xx_HAL_Driver/Src/stm32g0xx_hal_uart.c.obj
 .debug_aranges
                0x00000880       0xa8 CMakeFiles/LIN_Drive_Box.elf.dir/Drivers/STM32G0xx_HAL_Driver/Src/stm32g0xx_hal_uart_ex.c.obj

.debug_ranges   0x00000000      0x8c8
 .debug_ranges  0x00000000       0x40 CMakeFiles/LIN_Drive_Box.elf.dir/Core/Src/12864.c.obj
 .debug_ranges  0x00000040       0x90 CMakeFiles/LIN_Drive_Box.elf.dir/Core/Src/LIN.c.obj
 .debug_ranges  0x000000d0       0x10 CMakeFiles/LIN_Drive_Box.elf.dir/Core/Src/gpio.c.obj
 .debug_ranges  0x000000e0       0x20 CMakeFiles/LIN_Drive_Box.elf.dir/Core/Src/key.c.obj
 .debug_ranges  0x00000100       0x48 CMakeFiles/LIN_Drive_Box.elf.dir/Core/Src/main.c.obj
 .debug_ranges  0x00000148       0x10 CMakeFiles/LIN_Drive_Box.elf.dir/Core/Src/stm32g0xx_hal_msp.c.obj
 .debug_ranges  0x00000158       0x38 CMakeFiles/LIN_Drive_Box.elf.dir/Core/Src/stm32g0xx_it.c.obj
 .debug_ranges  0x00000190       0x18 CMakeFiles/LIN_Drive_Box.elf.dir/Core/Src/system_stm32g0xx.c.obj
 .debug_ranges  0x000001a8       0x20 CMakeFiles/LIN_Drive_Box.elf.dir/Core/Src/usart.c.obj
 .debug_ranges  0x000001c8       0x20 CMakeFiles/LIN_Drive_Box.elf.dir/Core/Startup/startup_stm32g070rbtx.s.obj
 .debug_ranges  0x000001e8       0xe8 CMakeFiles/LIN_Drive_Box.elf.dir/Drivers/STM32G0xx_HAL_Driver/Src/stm32g0xx_hal.c.obj
 .debug_ranges  0x000002d0       0xe0 CMakeFiles/LIN_Drive_Box.elf.dir/Drivers/STM32G0xx_HAL_Driver/Src/stm32g0xx_hal_cortex.c.obj
 .debug_ranges  0x000003b0       0x80 CMakeFiles/LIN_Drive_Box.elf.dir/Drivers/STM32G0xx_HAL_Driver/Src/stm32g0xx_hal_dma.c.obj
 .debug_ranges  0x00000430       0x50 CMakeFiles/LIN_Drive_Box.elf.dir/Drivers/STM32G0xx_HAL_Driver/Src/stm32g0xx_hal_gpio.c.obj
 .debug_ranges  0x00000480       0x88 CMakeFiles/LIN_Drive_Box.elf.dir/Drivers/STM32G0xx_HAL_Driver/Src/stm32g0xx_hal_pwr_ex.c.obj
 .debug_ranges  0x00000508       0xa8 CMakeFiles/LIN_Drive_Box.elf.dir/Drivers/STM32G0xx_HAL_Driver/Src/stm32g0xx_hal_rcc.c.obj
 .debug_ranges  0x000005b0       0x48 CMakeFiles/LIN_Drive_Box.elf.dir/Drivers/STM32G0xx_HAL_Driver/Src/stm32g0xx_hal_rcc_ex.c.obj
 .debug_ranges  0x000005f8      0x238 CMakeFiles/LIN_Drive_Box.elf.dir/Drivers/STM32G0xx_HAL_Driver/Src/stm32g0xx_hal_uart.c.obj
 .debug_ranges  0x00000830       0x98 CMakeFiles/LIN_Drive_Box.elf.dir/Drivers/STM32G0xx_HAL_Driver/Src/stm32g0xx_hal_uart_ex.c.obj

.debug_line     0x00000000     0xb752
 .debug_line    0x00000000      0x4a4 CMakeFiles/LIN_Drive_Box.elf.dir/Core/Src/12864.c.obj
 .debug_line    0x000004a4      0x751 CMakeFiles/LIN_Drive_Box.elf.dir/Core/Src/LIN.c.obj
 .debug_line    0x00000bf5      0x2f7 CMakeFiles/LIN_Drive_Box.elf.dir/Core/Src/gpio.c.obj
 .debug_line    0x00000eec      0x377 CMakeFiles/LIN_Drive_Box.elf.dir/Core/Src/key.c.obj
 .debug_line    0x00001263      0x5b8 CMakeFiles/LIN_Drive_Box.elf.dir/Core/Src/main.c.obj
 .debug_line    0x0000181b      0x225 CMakeFiles/LIN_Drive_Box.elf.dir/Core/Src/stm32g0xx_hal_msp.c.obj
 .debug_line    0x00001a40      0x322 CMakeFiles/LIN_Drive_Box.elf.dir/Core/Src/stm32g0xx_it.c.obj
 .debug_line    0x00001d62      0x2fe CMakeFiles/LIN_Drive_Box.elf.dir/Core/Src/system_stm32g0xx.c.obj
 .debug_line    0x00002060      0x44c CMakeFiles/LIN_Drive_Box.elf.dir/Core/Src/usart.c.obj
 .debug_line    0x000024ac       0xaf CMakeFiles/LIN_Drive_Box.elf.dir/Core/Startup/startup_stm32g070rbtx.s.obj
 .debug_line    0x0000255b      0x664 CMakeFiles/LIN_Drive_Box.elf.dir/Drivers/STM32G0xx_HAL_Driver/Src/stm32g0xx_hal.c.obj
 .debug_line    0x00002bbf      0x71c CMakeFiles/LIN_Drive_Box.elf.dir/Drivers/STM32G0xx_HAL_Driver/Src/stm32g0xx_hal_cortex.c.obj
 .debug_line    0x000032db      0xb8b CMakeFiles/LIN_Drive_Box.elf.dir/Drivers/STM32G0xx_HAL_Driver/Src/stm32g0xx_hal_dma.c.obj
 .debug_line    0x00003e66      0x71f CMakeFiles/LIN_Drive_Box.elf.dir/Drivers/STM32G0xx_HAL_Driver/Src/stm32g0xx_hal_gpio.c.obj
 .debug_line    0x00004585      0x5dc CMakeFiles/LIN_Drive_Box.elf.dir/Drivers/STM32G0xx_HAL_Driver/Src/stm32g0xx_hal_pwr_ex.c.obj
 .debug_line    0x00004b61      0xde7 CMakeFiles/LIN_Drive_Box.elf.dir/Drivers/STM32G0xx_HAL_Driver/Src/stm32g0xx_hal_rcc.c.obj
 .debug_line    0x00005948      0x858 CMakeFiles/LIN_Drive_Box.elf.dir/Drivers/STM32G0xx_HAL_Driver/Src/stm32g0xx_hal_rcc_ex.c.obj
 .debug_line    0x000061a0     0x487a CMakeFiles/LIN_Drive_Box.elf.dir/Drivers/STM32G0xx_HAL_Driver/Src/stm32g0xx_hal_uart.c.obj
 .debug_line    0x0000aa1a      0xd38 CMakeFiles/LIN_Drive_Box.elf.dir/Drivers/STM32G0xx_HAL_Driver/Src/stm32g0xx_hal_uart_ex.c.obj

.debug_str      0x00000000     0x374e
 .debug_str     0x00000000      0x310 CMakeFiles/LIN_Drive_Box.elf.dir/Core/Src/12864.c.obj
                                0x379 (size before relaxing)
 .debug_str     0x00000310      0xe38 CMakeFiles/LIN_Drive_Box.elf.dir/Core/Src/LIN.c.obj
                               0x10d8 (size before relaxing)
 .debug_str     0x00001148      0x149 CMakeFiles/LIN_Drive_Box.elf.dir/Core/Src/gpio.c.obj
                                0x3a8 (size before relaxing)
 .debug_str     0x00001291       0x92 CMakeFiles/LIN_Drive_Box.elf.dir/Core/Src/key.c.obj
                                0x2e8 (size before relaxing)
 .debug_str     0x00001323      0x291 CMakeFiles/LIN_Drive_Box.elf.dir/Core/Src/main.c.obj
                                0xb10 (size before relaxing)
 .debug_str     0x000015b4       0x73 CMakeFiles/LIN_Drive_Box.elf.dir/Core/Src/stm32g0xx_hal_msp.c.obj
                                0x300 (size before relaxing)
 .debug_str     0x00001627       0xbc CMakeFiles/LIN_Drive_Box.elf.dir/Core/Src/stm32g0xx_it.c.obj
                                0x7dc (size before relaxing)
 .debug_str     0x000016e3       0xb4 CMakeFiles/LIN_Drive_Box.elf.dir/Core/Src/system_stm32g0xx.c.obj
                                0x348 (size before relaxing)
 .debug_str     0x00001797      0x38b CMakeFiles/LIN_Drive_Box.elf.dir/Core/Src/usart.c.obj
                                0xc2e (size before relaxing)
 .debug_str     0x00001b22       0x5c CMakeFiles/LIN_Drive_Box.elf.dir/Core/Startup/startup_stm32g070rbtx.s.obj
                                 0x97 (size before relaxing)
 .debug_str     0x00001b7e      0x3b3 CMakeFiles/LIN_Drive_Box.elf.dir/Drivers/STM32G0xx_HAL_Driver/Src/stm32g0xx_hal.c.obj
                                0x8a2 (size before relaxing)
 .debug_str     0x00001f31      0x348 CMakeFiles/LIN_Drive_Box.elf.dir/Drivers/STM32G0xx_HAL_Driver/Src/stm32g0xx_hal_cortex.c.obj
                                0x781 (size before relaxing)
 .debug_str     0x00002279      0x2e5 CMakeFiles/LIN_Drive_Box.elf.dir/Drivers/STM32G0xx_HAL_Driver/Src/stm32g0xx_hal_dma.c.obj
                                0x7e2 (size before relaxing)
 .debug_str     0x0000255e      0x13f CMakeFiles/LIN_Drive_Box.elf.dir/Drivers/STM32G0xx_HAL_Driver/Src/stm32g0xx_hal_gpio.c.obj
                                0x45d (size before relaxing)
 .debug_str     0x0000269d      0x2c4 CMakeFiles/LIN_Drive_Box.elf.dir/Drivers/STM32G0xx_HAL_Driver/Src/stm32g0xx_hal_pwr_ex.c.obj
                                0x548 (size before relaxing)
 .debug_str     0x00002961      0x216 CMakeFiles/LIN_Drive_Box.elf.dir/Drivers/STM32G0xx_HAL_Driver/Src/stm32g0xx_hal_rcc.c.obj
                                0x7be (size before relaxing)
 .debug_str     0x00002b77      0x13c CMakeFiles/LIN_Drive_Box.elf.dir/Drivers/STM32G0xx_HAL_Driver/Src/stm32g0xx_hal_rcc_ex.c.obj
                                0x62a (size before relaxing)
 .debug_str     0x00002cb3      0x816 CMakeFiles/LIN_Drive_Box.elf.dir/Drivers/STM32G0xx_HAL_Driver/Src/stm32g0xx_hal_uart.c.obj
                               0x11aa (size before relaxing)
 .debug_str     0x000034c9      0x285 CMakeFiles/LIN_Drive_Box.elf.dir/Drivers/STM32G0xx_HAL_Driver/Src/stm32g0xx_hal_uart_ex.c.obj
                                0xba4 (size before relaxing)

.comment        0x00000000       0x49
 .comment       0x00000000       0x49 CMakeFiles/LIN_Drive_Box.elf.dir/Core/Src/12864.c.obj
                                 0x4a (size before relaxing)
 .comment       0x00000049       0x4a CMakeFiles/LIN_Drive_Box.elf.dir/Core/Src/LIN.c.obj
 .comment       0x00000049       0x4a CMakeFiles/LIN_Drive_Box.elf.dir/Core/Src/gpio.c.obj
 .comment       0x00000049       0x4a CMakeFiles/LIN_Drive_Box.elf.dir/Core/Src/key.c.obj
 .comment       0x00000049       0x4a CMakeFiles/LIN_Drive_Box.elf.dir/Core/Src/main.c.obj
 .comment       0x00000049       0x4a CMakeFiles/LIN_Drive_Box.elf.dir/Core/Src/stm32g0xx_hal_msp.c.obj
 .comment       0x00000049       0x4a CMakeFiles/LIN_Drive_Box.elf.dir/Core/Src/stm32g0xx_it.c.obj
 .comment       0x00000049       0x4a CMakeFiles/LIN_Drive_Box.elf.dir/Core/Src/system_stm32g0xx.c.obj
 .comment       0x00000049       0x4a CMakeFiles/LIN_Drive_Box.elf.dir/Core/Src/usart.c.obj
 .comment       0x00000049       0x4a CMakeFiles/LIN_Drive_Box.elf.dir/Drivers/STM32G0xx_HAL_Driver/Src/stm32g0xx_hal.c.obj
 .comment       0x00000049       0x4a CMakeFiles/LIN_Drive_Box.elf.dir/Drivers/STM32G0xx_HAL_Driver/Src/stm32g0xx_hal_cortex.c.obj
 .comment       0x00000049       0x4a CMakeFiles/LIN_Drive_Box.elf.dir/Drivers/STM32G0xx_HAL_Driver/Src/stm32g0xx_hal_dma.c.obj
 .comment       0x00000049       0x4a CMakeFiles/LIN_Drive_Box.elf.dir/Drivers/STM32G0xx_HAL_Driver/Src/stm32g0xx_hal_gpio.c.obj
 .comment       0x00000049       0x4a CMakeFiles/LIN_Drive_Box.elf.dir/Drivers/STM32G0xx_HAL_Driver/Src/stm32g0xx_hal_pwr_ex.c.obj
 .comment       0x00000049       0x4a CMakeFiles/LIN_Drive_Box.elf.dir/Drivers/STM32G0xx_HAL_Driver/Src/stm32g0xx_hal_rcc.c.obj
 .comment       0x00000049       0x4a CMakeFiles/LIN_Drive_Box.elf.dir/Drivers/STM32G0xx_HAL_Driver/Src/stm32g0xx_hal_rcc_ex.c.obj
 .comment       0x00000049       0x4a CMakeFiles/LIN_Drive_Box.elf.dir/Drivers/STM32G0xx_HAL_Driver/Src/stm32g0xx_hal_uart.c.obj
 .comment       0x00000049       0x4a CMakeFiles/LIN_Drive_Box.elf.dir/Drivers/STM32G0xx_HAL_Driver/Src/stm32g0xx_hal_uart_ex.c.obj

.debug_frame    0x00000000     0x1808
 .debug_frame   0x00000000       0xdc CMakeFiles/LIN_Drive_Box.elf.dir/Core/Src/12864.c.obj
 .debug_frame   0x000000dc      0x120 CMakeFiles/LIN_Drive_Box.elf.dir/Core/Src/LIN.c.obj
 .debug_frame   0x000001fc       0x3c CMakeFiles/LIN_Drive_Box.elf.dir/Core/Src/gpio.c.obj
 .debug_frame   0x00000238       0x68 CMakeFiles/LIN_Drive_Box.elf.dir/Core/Src/key.c.obj
 .debug_frame   0x000002a0       0xb8 CMakeFiles/LIN_Drive_Box.elf.dir/Core/Src/main.c.obj
 .debug_frame   0x00000358       0x28 CMakeFiles/LIN_Drive_Box.elf.dir/Core/Src/stm32g0xx_hal_msp.c.obj
 .debug_frame   0x00000380       0x80 CMakeFiles/LIN_Drive_Box.elf.dir/Core/Src/stm32g0xx_it.c.obj
 .debug_frame   0x00000400       0x38 CMakeFiles/LIN_Drive_Box.elf.dir/Core/Src/system_stm32g0xx.c.obj
 .debug_frame   0x00000438       0x5c CMakeFiles/LIN_Drive_Box.elf.dir/Core/Src/usart.c.obj
 .debug_frame   0x00000494      0x1fc CMakeFiles/LIN_Drive_Box.elf.dir/Drivers/STM32G0xx_HAL_Driver/Src/stm32g0xx_hal.c.obj
 .debug_frame   0x00000690      0x114 CMakeFiles/LIN_Drive_Box.elf.dir/Drivers/STM32G0xx_HAL_Driver/Src/stm32g0xx_hal_cortex.c.obj
 .debug_frame   0x000007a4      0x188 CMakeFiles/LIN_Drive_Box.elf.dir/Drivers/STM32G0xx_HAL_Driver/Src/stm32g0xx_hal_dma.c.obj
 .debug_frame   0x0000092c       0xd0 CMakeFiles/LIN_Drive_Box.elf.dir/Drivers/STM32G0xx_HAL_Driver/Src/stm32g0xx_hal_gpio.c.obj
 .debug_frame   0x000009fc      0x120 CMakeFiles/LIN_Drive_Box.elf.dir/Drivers/STM32G0xx_HAL_Driver/Src/stm32g0xx_hal_pwr_ex.c.obj
 .debug_frame   0x00000b1c      0x16c CMakeFiles/LIN_Drive_Box.elf.dir/Drivers/STM32G0xx_HAL_Driver/Src/stm32g0xx_hal_rcc.c.obj
 .debug_frame   0x00000c88       0x90 CMakeFiles/LIN_Drive_Box.elf.dir/Drivers/STM32G0xx_HAL_Driver/Src/stm32g0xx_hal_rcc_ex.c.obj
 .debug_frame   0x00000d18      0x6e0 CMakeFiles/LIN_Drive_Box.elf.dir/Drivers/STM32G0xx_HAL_Driver/Src/stm32g0xx_hal_uart.c.obj
 .debug_frame   0x000013f8      0x1e0 CMakeFiles/LIN_Drive_Box.elf.dir/Drivers/STM32G0xx_HAL_Driver/Src/stm32g0xx_hal_uart_ex.c.obj
 .debug_frame   0x000015d8       0x20 d:/stmicroelectronics/gcc-arm-none-eabi-10.3-2021.10/bin/../lib/gcc/arm-none-eabi/10.3.1/thumb/v6-m/nofp\libgcc.a(_udivsi3.o)
 .debug_frame   0x000015f8       0x20 d:/stmicroelectronics/gcc-arm-none-eabi-10.3-2021.10/bin/../lib/gcc/arm-none-eabi/10.3.1/thumb/v6-m/nofp\libgcc.a(_divsi3.o)
 .debug_frame   0x00001618       0x2c d:/stmicroelectronics/gcc-arm-none-eabi-10.3-2021.10/bin/../lib/gcc/arm-none-eabi/10.3.1/../../../../arm-none-eabi/lib/thumb/v6-m/nofp\libg.a(lib_a-init.o)
 .debug_frame   0x00001644       0x30 d:/stmicroelectronics/gcc-arm-none-eabi-10.3-2021.10/bin/../lib/gcc/arm-none-eabi/10.3.1/../../../../arm-none-eabi/lib/thumb/v6-m/nofp\libg.a(lib_a-memset.o)
 .debug_frame   0x00001674       0x54 d:/stmicroelectronics/gcc-arm-none-eabi-10.3-2021.10/bin/../lib/gcc/arm-none-eabi/10.3.1/../../../../arm-none-eabi/lib/thumb/v6-m/nofp\libg.a(lib_a-__call_atexit.o)
 .debug_frame   0x000016c8       0x28 d:/stmicroelectronics/gcc-arm-none-eabi-10.3-2021.10/bin/../lib/gcc/arm-none-eabi/10.3.1/../../../../arm-none-eabi/lib/thumb/v6-m/nofp\libg.a(lib_a-atexit.o)
 .debug_frame   0x000016f0       0x2c d:/stmicroelectronics/gcc-arm-none-eabi-10.3-2021.10/bin/../lib/gcc/arm-none-eabi/10.3.1/../../../../arm-none-eabi/lib/thumb/v6-m/nofp\libg.a(lib_a-fini.o)
 .debug_frame   0x0000171c       0xb0 d:/stmicroelectronics/gcc-arm-none-eabi-10.3-2021.10/bin/../lib/gcc/arm-none-eabi/10.3.1/../../../../arm-none-eabi/lib/thumb/v6-m/nofp\libg.a(lib_a-lock.o)
 .debug_frame   0x000017cc       0x3c d:/stmicroelectronics/gcc-arm-none-eabi-10.3-2021.10/bin/../lib/gcc/arm-none-eabi/10.3.1/../../../../arm-none-eabi/lib/thumb/v6-m/nofp\libg.a(lib_a-__atexit.o)
